Generated /home/andrealex/RSA/.generated/vanetza-obus.compose.yml with 4 OBU service(s).
Vehicles: Lead_Car, Main_Buffer, Host_Car, Merge_Car
 Image rsa-traci-bridge:latest Building 
 Image rsa-obu:latest Building 
 Image rsa-obu:latest Building 
 Image rsa-obu:latest Building 
 Image rsa-obu:latest Building 
#1 [internal] load local bake definitions
#1 reading from stdin 2.22kB done
#1 DONE 0.0s

#2 [obu-lead-car internal] load build definition from Dockerfile
#2 transferring dockerfile: 499B done
#2 DONE 0.0s

#3 [traci-bridge internal] load build definition from Dockerfile
#3 transferring dockerfile: 997B done
#3 DONE 0.0s

#4 [obu-host-car internal] load metadata for ghcr.io/nap-it/vanetza-nap:latest
#4 DONE 0.0s

#5 [traci-bridge internal] load metadata for ghcr.io/eclipse-sumo/sumo:latest
#5 DONE 0.0s

#6 [traci-bridge internal] load .dockerignore
#6 transferring context: 2B done
#6 DONE 0.0s

#7 [traci-bridge 1/6] FROM ghcr.io/eclipse-sumo/sumo:latest
#7 DONE 0.0s

#8 [obu-main-buffer 1/9] FROM ghcr.io/nap-it/vanetza-nap:latest
#8 DONE 0.0s

#9 [traci-bridge internal] load build context
#9 transferring context: 148B done
#9 DONE 0.0s

#10 [obu-main-buffer internal] load build context
#10 transferring context: 745B done
#10 DONE 0.0s

#11 [traci-bridge 3/6] WORKDIR /app
#11 CACHED

#12 [traci-bridge 5/6] RUN pip3 install --no-cache-dir -r /app/requirements.txt
#12 CACHED

#13 [traci-bridge 4/6] COPY sim/bridge/requirements.txt /app/requirements.txt
#13 CACHED

#14 [traci-bridge 2/6] RUN apt-get update     && apt-get install -y --no-install-recommends         ca-certificates         curl         gnupg         python3         python3-pip     && curl -fsSL https://downloads.apache.org/arrow/KEYS         | gpg --dearmor -o /usr/share/keyrings/apache-arrow-apt-source.gpg     && echo "deb [signed-by=/usr/share/keyrings/apache-arrow-apt-source.gpg] https://apache.jfrog.io/artifactory/arrow/ubuntu jammy main"         > /etc/apt/sources.list.d/apache-arrow.list     && apt-get update     && apt-get install -y --no-install-recommends         libarrow2300         libparquet2300     && rm -rf /var/lib/apt/lists/*
#14 CACHED

#15 [traci-bridge 6/6] COPY sim/bridge/traci_bridge.py /app/traci_bridge.py
#15 CACHED

#16 [obu-host-car 3/9] WORKDIR /app
#16 CACHED

#17 [obu-host-car 8/9] COPY obu/config/vanetza-obu.ini /config.ini
#17 CACHED

#18 [obu-host-car 7/9] COPY obu/entrypoint.sh /entrypoint-obu.sh
#18 CACHED

#19 [obu-host-car 2/9] RUN apt-get update     && apt-get install -y --no-install-recommends python3 python3-pip     && rm -rf /var/lib/apt/lists/*
#19 CACHED

#20 [obu-host-car 4/9] COPY obu/requirements.txt /app/requirements.txt
#20 CACHED

#21 [obu-host-car 6/9] COPY obu/app /app
#21 CACHED

#22 [obu-host-car 5/9] RUN pip3 install --no-cache-dir -r /app/requirements.txt
#22 CACHED

#23 [obu-host-car 9/9] RUN chmod +x /entrypoint-obu.sh
#23 CACHED

#24 [traci-bridge] exporting to image
#24 exporting layers done
#24 writing image sha256:57f1c204f5e66219e20134b9ef7bb87435df001605adb213022f79fa8541d04e done
#24 naming to docker.io/library/rsa-traci-bridge:latest done
#24 DONE 0.0s

#25 [obu-lead-car] exporting to image
#25 exporting layers done
#25 writing image sha256:9f47100ac09a28963b6e85493395c3757108f0a7444eaf4f3e34dce2e45137fd done
#25 naming to docker.io/library/rsa-obu:latest done
#25 DONE 0.0s

#26 [obu-merge-car] exporting to image
#26 exporting layers done
#26 writing image sha256:be096e24e7c1ba9fac6c7f555bb5197b40f10cbbcd7faf78e6586b012a39617b done
#26 naming to docker.io/library/rsa-obu:latest done
#26 DONE 0.0s

#27 [obu-main-buffer] exporting to image
#27 exporting layers done
#27 writing image sha256:3052245688b917a7713f44bdbe100879ae93b7c4bbce3bdbe84c3928ce3837e2 done
#27 naming to docker.io/library/rsa-obu:latest done
#27 DONE 0.0s

#28 [obu-host-car] exporting to image
#28 exporting layers done
#28 writing image sha256:f56c9fd9e952cc62ff1ba3296dd0f8742452a13d9708ad347a6255830481fd65 done
#28 naming to docker.io/library/rsa-obu:latest done
#28 DONE 0.0s

#29 [traci-bridge] resolving provenance for metadata file
#29 DONE 0.0s

#30 [obu-host-car] resolving provenance for metadata file
#30 DONE 0.0s

#31 [obu-lead-car] resolving provenance for metadata file
#31 DONE 0.0s

#32 [obu-main-buffer] resolving provenance for metadata file
#32 DONE 0.0s

#33 [obu-merge-car] resolving provenance for metadata file
#33 DONE 0.0s
 Image rsa-obu:latest Built 
 Image rsa-obu:latest Built 
 Image rsa-obu:latest Built 
 Image rsa-obu:latest Built 
 Image rsa-traci-bridge:latest Built 
 Network rsa_v2x_net Creating 
 Network rsa_v2x_net Created 
 Container rsa-mqtt-broker-1 Creating 
 Container rsa-mqtt-broker-1 Created 
 Container rsa-traci-bridge-1 Creating 
 Container rsa-obu-host-car-1 Creating 
 Container rsa-obu-merge-car-1 Creating 
 Container rsa-obu-lead-car-1 Creating 
 Container rsa-obu-main-buffer-1 Creating 
 Container rsa-traci-bridge-1 Created 
 Container rsa-obu-lead-car-1 Created 
 Container rsa-obu-merge-car-1 Created 
 Container rsa-obu-main-buffer-1 Created 
 Container rsa-obu-host-car-1 Created 
Attaching to mqtt-broker-1, obu-host-car-1, obu-lead-car-1, obu-main-buffer-1, obu-merge-car-1, traci-bridge-1
 Container rsa-mqtt-broker-1 Starting 
 Container rsa-mqtt-broker-1 Started 
 Container rsa-obu-merge-car-1 Starting 
 Container rsa-obu-main-buffer-1 Starting 
 Container rsa-obu-host-car-1 Starting 
 Container rsa-obu-lead-car-1 Starting 
 Container rsa-traci-bridge-1 Starting 
mqtt-broker-1  | 1779050269: Info: running mosquitto as user: mosquitto.
mqtt-broker-1  | 1779050269: mosquitto version 2.1.2 starting
mqtt-broker-1  | 1779050269: Config loaded from /mosquitto/config/mosquitto.conf.
mqtt-broker-1  | 1779050269: Bridge support available.
mqtt-broker-1  | 1779050269: Persistence support available.
mqtt-broker-1  | 1779050269: TLS support available.
mqtt-broker-1  | 1779050269: TLS-PSK support available.
mqtt-broker-1  | 1779050269: Websockets support available.
mqtt-broker-1  | 1779050269: Opening ipv4 listen socket on port 1883.
mqtt-broker-1  | 1779050269: mosquitto version 2.1.2 running
obu-merge-car-1  | No global board config file found. Skipping config update process
 Container rsa-obu-merge-car-1 Started 
obu-host-car-1   | No global board config file found. Skipping config update process
 Container rsa-obu-host-car-1 Started 
obu-main-buffer-1  | No global board config file found. Skipping config update process
 Container rsa-obu-main-buffer-1 Started 
obu-merge-car-1    | 1779050269: mosquitto version 2.0.11 starting
obu-merge-car-1    | 1779050269: Config loaded from /mosquitto.conf.
obu-merge-car-1    | 1779050269: Opening ipv4 listen socket on port 1883.
obu-merge-car-1    | 1779050269: Connecting bridge (step 1) bridge_to_remote (mqtt-broker:1883)
obu-merge-car-1    | 1779050269: mosquitto version 2.0.11 running
obu-lead-car-1     | No global board config file found. Skipping config update process
 Container rsa-obu-lead-car-1 Started 
obu-host-car-1     | 1779050269: mosquitto version 2.0.11 starting
obu-host-car-1     | 1779050269: Config loaded from /mosquitto.conf.
obu-host-car-1     | 1779050269: Opening ipv4 listen socket on port 1883.
obu-host-car-1     | 1779050269: Connecting bridge (step 1) bridge_to_remote (mqtt-broker:1883)
obu-host-car-1     | 1779050269: mosquitto version 2.0.11 running
obu-main-buffer-1  | 1779050269: mosquitto version 2.0.11 starting
obu-main-buffer-1  | 1779050269: Config loaded from /mosquitto.conf.
obu-main-buffer-1  | 1779050269: Opening ipv4 listen socket on port 1883.
obu-main-buffer-1  | 1779050269: Connecting bridge (step 1) bridge_to_remote (mqtt-broker:1883)
obu-main-buffer-1  | 1779050269: mosquitto version 2.0.11 running
obu-lead-car-1     | 1779050269: mosquitto version 2.0.11 starting
obu-lead-car-1     | 1779050269: Config loaded from /mosquitto.conf.
obu-lead-car-1     | 1779050269: Opening ipv4 listen socket on port 1883.
obu-lead-car-1     | 1779050269: Connecting bridge (step 1) bridge_to_remote (mqtt-broker:1883)
obu-lead-car-1     | 1779050269: mosquitto version 2.0.11 running
 Container rsa-traci-bridge-1 Started 
obu-host-car-1     | 1779050269: Connecting bridge (step 2) bridge_to_remote (mqtt-broker:1883)
mqtt-broker-1      | 1779050269: New connection from 172.18.0.4:47674 on port 1883.
mqtt-broker-1      | 1779050269: New bridge connected from 172.18.0.4:47674 as 357da6f7ab63.bridge_to_remote (p4, c0, k60).
mqtt-broker-1      | 1779050269: New connection from 172.18.0.5:48962 on port 1883.
mqtt-broker-1      | 1779050269: New bridge connected from 172.18.0.5:48962 as 3606ff2ef218.bridge_to_remote (p4, c0, k60).
obu-main-buffer-1  | 1779050269: Connecting bridge (step 2) bridge_to_remote (mqtt-broker:1883)
obu-lead-car-1     | 1779050269: Connecting bridge (step 2) bridge_to_remote (mqtt-broker:1883)
mqtt-broker-1      | 1779050269: New connection from 172.18.0.6:49808 on port 1883.
mqtt-broker-1      | 1779050269: New bridge connected from 172.18.0.6:49808 as 929c3ff068b7.bridge_to_remote (p4, c0, k60).
mqtt-broker-1      | 1779050269: New connection from 172.18.0.7:41951 on port 1883.
mqtt-broker-1      | 1779050269: New client connected from 172.18.0.7:41951 as traci-bridge (p4, c1, k60).
obu-merge-car-1    | Using MAC address: 6e:06:e0:03:00:14.
obu-merge-car-1    | 1779050270: New connection from 127.0.0.1:43972 on port 1883.
obu-merge-car-1    | 1779050270: New client connected from 127.0.0.1:43972 as 7d024bd7bcfc_475 (p2, c1, k60).
obu-merge-car-1    | mqtt.cpp: connected with server
mqtt-broker-1      | 1779050270: New connection from 172.18.0.3:56734 on port 1883.
mqtt-broker-1      | 1779050270: New client connected from 172.18.0.3:56734 as auto-A2458B16-D803-BA24-AE50-7EDA38123EB2 (p4, c1, k60, u'""').
obu-merge-car-1    | mqtt.cpp: connected with server
obu-host-car-1     | Using MAC address: 6e:06:e0:03:00:13.
obu-main-buffer-1  | Using MAC address: 6e:06:e0:03:00:12.
obu-lead-car-1     | Using MAC address: 6e:06:e0:03:00:11.
obu-host-car-1     | 1779050270: New connection from 127.0.0.1:43986 on port 1883.
obu-host-car-1     | 1779050270: New client connected from 127.0.0.1:43986 as 357da6f7ab63_406 (p2, c1, k60).
obu-host-car-1     | mqtt.cpp: connected with server
mqtt-broker-1      | 1779050270: New connection from 172.18.0.4:47684 on port 1883.
mqtt-broker-1      | 1779050270: New client connected from 172.18.0.4:47684 as auto-50EFD36B-FF69-6A9A-F2CF-96ECFCE19DF2 (p4, c1, k60, u'""').
obu-host-car-1     | mqtt.cpp: connected with server
obu-main-buffer-1  | 1779050270: New connection from 127.0.0.1:43988 on port 1883.
obu-main-buffer-1  | 1779050270: New client connected from 127.0.0.1:43988 as 3606ff2ef218_3 (p2, c1, k60).
obu-main-buffer-1  | mqtt.cpp: connected with server
mqtt-broker-1      | 1779050270: New connection from 172.18.0.5:48978 on port 1883.
mqtt-broker-1      | 1779050270: New client connected from 172.18.0.5:48978 as auto-6F8011FD-B66F-5395-9866-06520F4E6283 (p4, c1, k60, u'""').
obu-main-buffer-1  | mqtt.cpp: connected with server
obu-merge-car-1    | 1779050270: New connection from 127.0.0.1:37437 on port 1883.
obu-merge-car-1    | 1779050270: New client connected from 127.0.0.1:37437 as obu-Merge_Car-1 (p2, c1, k60).
obu-lead-car-1     | 1779050270: New connection from 127.0.0.1:43992 on port 1883.
obu-lead-car-1     | 1779050270: New client connected from 127.0.0.1:43992 as 929c3ff068b7_167 (p2, c1, k60).
obu-lead-car-1     | mqtt.cpp: connected with server
mqtt-broker-1      | 1779050270: New connection from 172.18.0.6:49820 on port 1883.
mqtt-broker-1      | 1779050270: New client connected from 172.18.0.6:49820 as auto-A2D17850-C3DE-6681-7BE9-E9A7CF19EB67 (p4, c1, k60, u'""').
obu-lead-car-1     | mqtt.cpp: connected with server
obu-host-car-1     | 1779050270: New connection from 127.0.0.1:48927 on port 1883.
obu-host-car-1     | 1779050270: New client connected from 127.0.0.1:48927 as obu-Host_Car-1 (p2, c1, k60).
obu-main-buffer-1  | 1779050270: New connection from 127.0.0.1:33891 on port 1883.
obu-main-buffer-1  | 1779050270: New client connected from 127.0.0.1:33891 as obu-Main_Buffer-1 (p2, c1, k60).
obu-lead-car-1     | 1779050270: New connection from 127.0.0.1:43711 on port 1883.
obu-lead-car-1     | 1779050270: New client connected from 127.0.0.1:43711 as obu-Lead_Car-1 (p2, c1, k60).
obu-merge-car-1    | Zenoh session established locally
obu-host-car-1     | Zenoh session established locally
obu-main-buffer-1  | Zenoh session established locally
obu-lead-car-1     | Zenoh session established locally
obu-main-buffer-1  | [1.2] Main_Buffer role=host state=CRUISE->CRUISE speed=12.80 target=11.00 neighbors=2
obu-lead-car-1     | [1.0] Lead_Car role=host state=CRUISE->CRUISE speed=12.98 target=11.00 neighbors=0
obu-host-car-1     | [1.0] Host_Car role=host state=CRUISE->CRUISE speed=12.60 target=11.00 neighbors=1
obu-main-buffer-1  | [2.2] Main_Buffer role=host state=CRUISE->CRUISE speed=11.00 target=11.00 neighbors=2
obu-lead-car-1     | [2.3] Lead_Car role=host state=CRUISE->CRUISE speed=11.00 target=11.00 neighbors=2
obu-host-car-1     | [2.4] Host_Car role=host state=CRUISE->CRUISE speed=11.00 target=11.00 neighbors=2
obu-main-buffer-1  | [3.4] Main_Buffer role=host state=CRUISE->CRUISE speed=11.00 target=11.00 neighbors=0
obu-lead-car-1     | [3.9] Lead_Car role=cruise state=CRUISE->CRUISE speed=11.00 target=11.00 neighbors=0
obu-host-car-1     | [4.1] Host_Car role=host state=CRUISE->CRUISE speed=11.00 target=11.00 neighbors=0
obu-main-buffer-1  | [5.7] Main_Buffer role=host state=CRUISE->CRUISE speed=11.00 target=11.00 neighbors=2
obu-lead-car-1     | [5.8] Lead_Car role=cruise state=CRUISE->CRUISE speed=11.00 target=11.00 neighbors=2
obu-host-car-1     | [5.7] Host_Car role=host state=CRUISE->CRUISE speed=11.00 target=11.00 neighbors=2
obu-main-buffer-1  | [6.7] Main_Buffer role=host state=CRUISE->CRUISE speed=11.00 target=11.00 neighbors=0
obu-lead-car-1     | [7.1] Lead_Car role=cruise state=CRUISE->CRUISE speed=11.00 target=11.00 neighbors=0
obu-host-car-1     | [7.5] Host_Car role=host state=CRUISE->CRUISE speed=11.00 target=11.00 neighbors=0
obu-main-buffer-1  | [9.0] Main_Buffer role=cruise state=CRUISE->CRUISE speed=11.00 target=11.00 neighbors=2
obu-lead-car-1     | [9.1] Lead_Car role=cruise state=CRUISE->CRUISE speed=11.00 target=11.00 neighbors=2
obu-host-car-1     | [9.0] Host_Car role=host state=CRUISE->CRUISE speed=11.00 target=11.00 neighbors=2
obu-main-buffer-1  | [10.1] Main_Buffer role=cruise state=CRUISE->CRUISE speed=11.00 target=11.00 neighbors=0
obu-lead-car-1     | [10.6] Lead_Car role=cruise state=CRUISE->CRUISE speed=11.00 target=11.00 neighbors=0
obu-host-car-1     | [10.8] Host_Car role=host state=CRUISE->CRUISE speed=11.00 target=11.00 neighbors=0
obu-main-buffer-1  | [12.4] Main_Buffer role=cruise state=CRUISE->CRUISE speed=11.00 target=11.00 neighbors=2
obu-lead-car-1     | [12.5] Lead_Car role=cruise state=CRUISE->CRUISE speed=11.00 target=11.00 neighbors=2
obu-host-car-1     | [12.4] Host_Car role=host state=CRUISE->CRUISE speed=11.00 target=11.00 neighbors=2
obu-lead-car-1     | [13.6] Lead_Car role=cruise state=CRUISE->CRUISE speed=11.00 target=11.00 neighbors=0
obu-host-car-1     | [14.1] Host_Car role=host state=CRUISE->CRUISE speed=11.00 target=11.00 neighbors=0
obu-main-buffer-1  | [14.2] Main_Buffer role=cruise state=CRUISE->CRUISE speed=11.00 target=11.00 neighbors=0
obu-lead-car-1     | [14.6] Lead_Car role=cruise state=CRUISE->CRUISE speed=11.00 target=11.00 neighbors=0
obu-main-buffer-1  | [15.4] Main_Buffer role=cruise state=CRUISE->CRUISE speed=11.00 target=11.00 neighbors=2
obu-host-car-1     | [16.1] Host_Car role=host state=CRUISE->CRUISE speed=11.00 target=11.00 neighbors=0
obu-lead-car-1     | [16.1] Lead_Car role=cruise state=CRUISE->CRUISE speed=11.00 target=11.00 neighbors=0
obu-host-car-1     | [17.1] Host_Car role=cruise state=CRUISE->CRUISE speed=11.00 target=11.00 neighbors=0
obu-main-buffer-1  | [17.2] Main_Buffer role=cruise state=CRUISE->CRUISE speed=11.00 target=11.00 neighbors=0
obu-lead-car-1     | [17.7] Lead_Car role=cruise state=CRUISE->CRUISE speed=11.00 target=11.00 neighbors=0
obu-main-buffer-1  | [18.5] Main_Buffer role=cruise state=CRUISE->CRUISE speed=11.00 target=11.00 neighbors=2
obu-host-car-1     | [19.2] Host_Car role=cruise state=CRUISE->CRUISE speed=11.00 target=11.00 neighbors=0
obu-lead-car-1     | [19.2] Lead_Car role=cruise state=CRUISE->CRUISE speed=11.00 target=11.00 neighbors=2
obu-main-buffer-1  | [19.5] Main_Buffer role=cruise state=CRUISE->CRUISE speed=11.00 target=11.00 neighbors=0
obu-host-car-1     | [20.2] Host_Car role=cruise state=CRUISE->CRUISE speed=11.00 target=11.00 neighbors=0
obu-lead-car-1     | [20.7] Lead_Car role=cruise state=CRUISE->CRUISE speed=11.00 target=11.00 neighbors=0
obu-main-buffer-1  | [21.8] Main_Buffer role=cruise state=CRUISE->CRUISE speed=11.00 target=11.00 neighbors=2
obu-lead-car-1     | [21.9] Lead_Car role=cruise state=CRUISE->CRUISE speed=11.00 target=11.00 neighbors=2
obu-host-car-1     | [21.9] Host_Car role=cruise state=CRUISE->CRUISE speed=11.00 target=11.00 neighbors=2
obu-main-buffer-1  | [22.8] Main_Buffer role=cruise state=CRUISE->CRUISE speed=11.00 target=11.00 neighbors=0
obu-lead-car-1     | [23.2] Lead_Car role=cruise state=CRUISE->CRUISE speed=11.00 target=11.00 neighbors=0
obu-host-car-1     | [23.5] Host_Car role=cruise state=CRUISE->CRUISE speed=11.00 target=11.00 neighbors=0
obu-main-buffer-1  | [24.9] Main_Buffer role=cruise state=CRUISE->CRUISE speed=11.00 target=11.00 neighbors=2
obu-lead-car-1     | [25.0] Lead_Car role=cruise state=CRUISE->CRUISE speed=11.00 target=11.00 neighbors=2
obu-host-car-1     | [25.0] Host_Car role=cruise state=CRUISE->CRUISE speed=11.00 target=11.00 neighbors=2
obu-lead-car-1     | [26.3] Lead_Car role=cruise state=CRUISE->CRUISE speed=11.00 target=11.00 neighbors=0
obu-host-car-1     | [26.6] Host_Car role=cruise state=CRUISE->CRUISE speed=11.00 target=11.00 neighbors=0
obu-main-buffer-1  | [26.7] Main_Buffer role=cruise state=CRUISE->CRUISE speed=11.00 target=11.00 neighbors=0
obu-lead-car-1     | [27.8] Lead_Car role=cruise state=CRUISE->CRUISE speed=11.00 target=11.00 neighbors=0
obu-main-buffer-1  | [27.9] Main_Buffer role=cruise state=CRUISE->CRUISE speed=11.00 target=11.00 neighbors=2
obu-host-car-1     | [28.2] Host_Car role=cruise state=CRUISE->CRUISE speed=11.00 target=11.00 neighbors=2
obu-lead-car-1     | [28.8] Lead_Car role=cruise state=CRUISE->CRUISE speed=11.00 target=11.00 neighbors=2
obu-main-buffer-1  | [29.2] Main_Buffer role=cruise state=CRUISE->CRUISE speed=11.00 target=11.00 neighbors=0
obu-host-car-1     | [30.0] Host_Car role=cruise state=CRUISE->CRUISE speed=11.00 target=11.00 neighbors=0
obu-lead-car-1     | [30.6] Lead_Car role=cruise state=CRUISE->CRUISE speed=11.00 target=11.00 neighbors=0
obu-main-buffer-1  | [30.9] Main_Buffer role=cruise state=CRUISE->CRUISE speed=11.00 target=11.00 neighbors=0
obu-lead-car-1     | [31.8] Lead_Car role=cruise state=CRUISE->CRUISE speed=11.00 target=11.00 neighbors=2
obu-host-car-1     | [31.8] Host_Car role=cruise state=CRUISE->CRUISE speed=11.00 target=11.00 neighbors=2
obu-main-buffer-1  | [32.6] Main_Buffer role=cruise state=CRUISE->CRUISE speed=11.00 target=11.00 neighbors=0
obu-lead-car-1     | [33.0] Lead_Car role=cruise state=CRUISE->CRUISE speed=11.00 target=11.00 neighbors=0
obu-host-car-1     | [33.1] Host_Car role=cruise state=CRUISE->CRUISE speed=11.00 target=11.00 neighbors=0
obu-main-buffer-1  | [34.2] Main_Buffer role=cruise state=CRUISE->CRUISE speed=11.00 target=11.00 neighbors=0
obu-lead-car-1     | [35.0] Lead_Car role=cruise state=CRUISE->CRUISE speed=11.00 target=11.00 neighbors=2
obu-host-car-1     | [35.0] Host_Car role=cruise state=CRUISE->CRUISE speed=11.00 target=11.00 neighbors=2
obu-main-buffer-1  | [35.9] Main_Buffer role=cruise state=CRUISE->CRUISE speed=11.00 target=11.00 neighbors=0
obu-lead-car-1     | [36.4] Lead_Car role=cruise state=CRUISE->CRUISE speed=11.00 target=11.00 neighbors=0
obu-host-car-1     | [36.7] Host_Car role=cruise state=CRUISE->CRUISE speed=11.00 target=11.00 neighbors=0
obu-main-buffer-1  | [37.7] Main_Buffer role=cruise state=CRUISE->CRUISE speed=11.00 target=11.00 neighbors=0
obu-lead-car-1     | [38.6] Lead_Car role=cruise state=CRUISE->CRUISE speed=11.00 target=11.00 neighbors=2
obu-host-car-1     | [38.6] Host_Car role=cruise state=CRUISE->CRUISE speed=11.00 target=11.00 neighbors=2
obu-main-buffer-1  | [39.4] Main_Buffer role=cruise state=CRUISE->CRUISE speed=11.00 target=11.00 neighbors=0
obu-lead-car-1     | [40.0] Lead_Car role=cruise state=CRUISE->CRUISE speed=11.00 target=11.00 neighbors=0
obu-host-car-1     | [41.0] Host_Car role=cruise state=CRUISE->CRUISE speed=11.00 target=11.00 neighbors=0
obu-main-buffer-1  | [41.1] Main_Buffer role=cruise state=CRUISE->CRUISE speed=11.00 target=11.00 neighbors=0
obu-main-buffer-1  | [42.1] Main_Buffer CAR_FOLLOW: sid=101 gap=0.0 reason=same_lane_cam follow_spd=3.85 emergency=False
obu-main-buffer-1  | [42.1] Main_Buffer role=cruise state=CRUISE->YIELDING speed=11.00 target=10.55 neighbors=1
obu-host-car-1     | [42.5] Host_Car role=cruise state=CRUISE->CRUISE speed=11.00 target=11.00 neighbors=2
obu-main-buffer-1  | [43.3] Main_Buffer role=cruise state=YIELDING->CRUISE speed=11.00 target=11.00 neighbors=0
obu-host-car-1     | [44.3] Host_Car role=cruise state=CRUISE->CRUISE speed=11.00 target=11.00 neighbors=0
obu-main-buffer-1  | [44.4] Main_Buffer role=cruise state=CRUISE->CRUISE speed=10.55 target=11.00 neighbors=0
obu-host-car-1     | [45.4] Host_Car role=cruise state=CRUISE->CRUISE speed=11.00 target=11.00 neighbors=0
obu-host-car-1     | [46.5] Host_Car role=cruise state=CRUISE->CRUISE speed=11.00 target=11.00 neighbors=0
obu-host-car-1     | [48.5] Host_Car role=cruise state=CRUISE->CRUISE speed=11.00 target=11.00 neighbors=0
obu-host-car-1     | [50.6] Host_Car role=cruise state=CRUISE->CRUISE speed=11.00 target=11.00 neighbors=0
obu-host-car-1     | [51.7] Host_Car role=cruise state=CRUISE->CRUISE speed=11.00 target=11.00 neighbors=0
obu-host-car-1     | [53.1] Host_Car role=cruise state=CRUISE->CRUISE speed=11.00 target=11.00 neighbors=0
traci-bridge-1     | Step #0.00 (1ms ~= 100.00*RT, ~4000.00UPS, TraCI: 0ms, vehicles TOT 4 ACT 4 BUF 0)        Step #10.00 (0ms ?*RT. ?UPS, TraCI: 1ms, vehicles TOT 4 ACT 4 BUF 0)                      Step #20.00 (0ms ?*RT. ?UPS, TraCI: 1ms, vehicles TOT 4 ACT 4 BUF 0)                      Step #30.00 (0ms ?*RT. ?UPS, TraCI: 1ms, vehicles TOT 4 ACT 4 BUF 0)                      Step #40.00 (0ms ?*RT. ?UPS, TraCI: 1ms, vehicles TOT 4 ACT 3 BUF 0)                      Step #50.00 (0ms ?*RT. ?UPS, TraCI: 1ms, vehicles TOT 4 ACT 2 BUF 0)                      Step #60.00 (0ms ?*RT. ?UPS, TraCI: 1ms, vehicles TOT 4 ACT 1 BUF 0)                      Step #70.00 (0ms ?*RT. ?UPS, TraCI: 0ms, vehicles TOT 4 ACT 1 BUF 0)                      Step #80.00 (0ms ?*RT. ?UPS, TraCI: 0ms, vehicles TOT 4 ACT 1 BUF 0)                      Step #90.00 (0ms ?*RT. ?UPS, TraCI: 1ms, vehicles TOT 4 ACT 1 BUF 0)                      Step #100.00 (0ms ?*RT. ?UPS, TraCI: 1ms, vehicles TOT 4 ACT 1 BUF 0)                     Step #110.00 (0ms ?*RT. ?UPS, TraCI: 1ms, vehicles TOT 4 ACT 1 BUF 0)                     Step #120.00 (0ms ?*RT. ?UPS, TraCI: 1ms, vehicles TOT 4 ACT 1 BUF 0)                     
traci-bridge-1     |  Retrying in 1 seconds
mqtt-broker-1      | 1779050273: Client traci-bridge [172.18.0.7:41951] disconnected: connection closed by client.
[Ktraci-bridge-1 exited with code 0
 Compose Stopping Aborting on container exit...
 Container rsa-obu-main-buffer-1 Stopping 
 Container rsa-obu-host-car-1 Stopping 
 Container rsa-obu-merge-car-1 Stopping 
 Container rsa-traci-bridge-1 Stopping 
 Container rsa-obu-lead-car-1 Stopping 
 Container rsa-traci-bridge-1 Stopped 
obu-merge-car-1    | 1779050274: Connecting bridge (step 2) bridge_to_remote (mqtt-broker:1883)
mqtt-broker-1      | 1779050274: New connection from 172.18.0.3:52356 on port 1883.
mqtt-broker-1      | 1779050274: New bridge connected from 172.18.0.3:52356 as 7d024bd7bcfc.bridge_to_remote (p4, c0, k60).
obu-lead-car-1     | 1779050283: Client obu-Lead_Car-1 closed its connection.
obu-main-buffer-1  | 1779050283: Client obu-Main_Buffer-1 closed its connection.
obu-merge-car-1    | 1779050283: Client obu-Merge_Car-1 closed its connection.
mqtt-broker-1      | 1779050283: Client 929c3ff068b7.bridge_to_remote [172.18.0.6:49808] disconnected: connection closed by client.
mqtt-broker-1      | 1779050283: Client 3606ff2ef218.bridge_to_remote [172.18.0.5:48962] disconnected: connection closed by client.
mqtt-broker-1      | 1779050283: Client 357da6f7ab63.bridge_to_remote [172.18.0.4:47674] disconnected: connection closed by client.
mqtt-broker-1      | 1779050283: Client 7d024bd7bcfc.bridge_to_remote [172.18.0.3:52356] disconnected: connection closed by client.
mqtt-broker-1      | 1779050283: Client auto-6F8011FD-B66F-5395-9866-06520F4E6283 [172.18.0.5:48978] disconnected: connection closed by client.
mqtt-broker-1      | 1779050283: Client auto-A2D17850-C3DE-6681-7BE9-E9A7CF19EB67 [172.18.0.6:49820] disconnected: connection closed by client.
mqtt-broker-1      | 1779050283: Client auto-50EFD36B-FF69-6A9A-F2CF-96ECFCE19DF2 [172.18.0.4:47684] disconnected: connection closed by client.
mqtt-broker-1      | 1779050283: Client auto-A2458B16-D803-BA24-AE50-7EDA38123EB2 [172.18.0.3:56734] disconnected: connection closed by client.
 Container rsa-obu-host-car-1 Stopped 
[Kobu-host-car-1 exited with code 137
 Container rsa-obu-lead-car-1 Stopped 
[Kobu-lead-car-1 exited with code 137
 Container rsa-obu-merge-car-1 Stopped 
[Kobu-merge-car-1 exited with code 137
 Container rsa-obu-main-buffer-1 Stopped 
 Container rsa-mqtt-broker-1 Stopping 
[Kobu-main-buffer-1 exited with code 137
mqtt-broker-1      | 1779050283: mosquitto version 2.1.2 terminating
 Container rsa-mqtt-broker-1 Stopped 
[Kmqtt-broker-1 exited with code 0
