 Image rsa-traci-bridge:latest Building 
 Image rsa-obu:latest Building 
 Image rsa-obu:latest Building 
 Image rsa-obu:latest Building 
#1 [internal] load local bake definitions
#1 reading from stdin 1.80kB done
#1 DONE 0.0s

#2 [traci-bridge internal] load build definition from Dockerfile
#2 transferring dockerfile: 997B done
#2 DONE 0.0s

#3 [obu-main-host internal] load build definition from Dockerfile
#3 transferring dockerfile: 499B done
#3 DONE 0.0s

#4 [traci-bridge internal] load metadata for ghcr.io/eclipse-sumo/sumo:latest
#4 DONE 0.0s

#5 [obu-main-host internal] load metadata for ghcr.io/nap-it/vanetza-nap:latest
#5 DONE 0.0s

#6 [obu-main-host internal] load .dockerignore
#6 transferring context:
#6 transferring context: 2B done
#6 DONE 0.0s

#7 [traci-bridge 1/6] FROM ghcr.io/eclipse-sumo/sumo:latest
#7 DONE 0.0s

#8 [obu-merge-car 1/9] FROM ghcr.io/nap-it/vanetza-nap:latest
#8 DONE 0.0s

#9 [traci-bridge internal] load build context
#9 transferring context: 41.10kB done
#9 DONE 0.0s

#10 [traci-bridge 4/6] COPY sim/bridge/requirements.txt /app/requirements.txt
#10 CACHED

#11 [traci-bridge 2/6] RUN apt-get update     && apt-get install -y --no-install-recommends         ca-certificates         curl         gnupg         python3         python3-pip     && curl -fsSL https://downloads.apache.org/arrow/KEYS         | gpg --dearmor -o /usr/share/keyrings/apache-arrow-apt-source.gpg     && echo "deb [signed-by=/usr/share/keyrings/apache-arrow-apt-source.gpg] https://apache.jfrog.io/artifactory/arrow/ubuntu jammy main"         > /etc/apt/sources.list.d/apache-arrow.list     && apt-get update     && apt-get install -y --no-install-recommends         libarrow2300         libparquet2300     && rm -rf /var/lib/apt/lists/*
#11 CACHED

#12 [traci-bridge 3/6] WORKDIR /app
#12 CACHED

#13 [traci-bridge 5/6] RUN pip3 install --no-cache-dir -r /app/requirements.txt
#13 CACHED

#14 [traci-bridge 6/6] COPY sim/bridge/traci_bridge.py /app/traci_bridge.py
#14 CACHED

#15 [obu-merge-car internal] load build context
#15 transferring context: 369.37kB done
#15 DONE 0.0s

#16 [traci-bridge] exporting to image
#16 exporting layers done
#16 writing image sha256:ec189de1fdf1a841024ba630f2bab815935eee1cb5501501177aeafb8aa6d178 done
#16 naming to docker.io/library/rsa-traci-bridge:latest done
#16 DONE 0.0s

#17 [obu-main-host 2/9] RUN apt-get update     && apt-get install -y --no-install-recommends python3 python3-pip     && rm -rf /var/lib/apt/lists/*
#17 CACHED

#18 [obu-main-host 8/9] COPY obu/config/vanetza-obu.ini /config.ini
#18 CACHED

#19 [obu-main-host 3/9] WORKDIR /app
#19 CACHED

#20 [obu-main-host 6/9] COPY obu/app /app
#20 CACHED

#21 [obu-main-host 7/9] COPY obu/entrypoint.sh /entrypoint-obu.sh
#21 CACHED

#22 [obu-main-host 5/9] RUN pip3 install --no-cache-dir -r /app/requirements.txt
#22 CACHED

#23 [obu-main-host 4/9] COPY obu/requirements.txt /app/requirements.txt
#23 CACHED

#24 [obu-main-lead 9/9] RUN chmod +x /entrypoint-obu.sh
#24 CACHED

#25 [traci-bridge] resolving provenance for metadata file
#25 DONE 0.0s

#26 [obu-main-lead] exporting to image
#26 exporting layers done
#26 writing image sha256:82897c175a7d21cdcfa4d20d35271676f1880adf3d1d92b4487793b50140894d done
#26 naming to docker.io/library/rsa-obu:latest done
#26 DONE 0.0s

#27 [obu-merge-car] exporting to image
#27 exporting layers done
#27 writing image sha256:03e01462a74200709ceb75a9359d72aba462a9b93f598ff9e78ba2c1c06a9b80 done
#27 naming to docker.io/library/rsa-obu:latest done
#27 DONE 0.0s

#28 [obu-main-host] exporting to image
#28 exporting layers done
#28 writing image sha256:1e8b82b483c71d5c365ad5758687c7c354b527bffe2c6a5025cdbb355a8e4198 done
#28 naming to docker.io/library/rsa-obu:latest done
#28 DONE 0.0s

#29 [obu-main-lead] resolving provenance for metadata file
#29 DONE 0.0s

#30 [obu-merge-car] resolving provenance for metadata file
#30 DONE 0.0s

#31 [obu-main-host] resolving provenance for metadata file
#31 DONE 0.0s
 Image rsa-obu:latest Built 
 Image rsa-obu:latest Built 
 Image rsa-obu:latest Built 
 Image rsa-traci-bridge:latest Built 
time="2026-05-29T00:31:16+01:00" level=warning msg="Found orphan containers ([rsa-obu-ramp-back-1 rsa-obu-main-front-left-1 rsa-obu-ramp-merge-5-1 rsa-obu-ramp-merge-2-1 rsa-obu-ramp-merge-3-1 rsa-obu-lead-car-1 rsa-obu-main-back-left-1 rsa-obu-host-car-1 rsa-obu-main-back-right-1 rsa-obu-main-mid-right-1 rsa-obu-ramp-merge-4-1]) for this project. If you removed or renamed this service in your compose file, you can run this command with the --remove-orphans flag to clean it up."
 Container rsa-obu-main-host-1 Creating 
 Container rsa-traci-bridge-1 Recreate 
 Container rsa-obu-main-lead-1 Creating 
 Container rsa-obu-merge-car-1 Recreate 
 Container rsa-obu-main-lead-1 Created 
 Container rsa-obu-main-host-1 Created 
 Container rsa-obu-merge-car-1 Recreated 
 Container rsa-traci-bridge-1 Recreated 
Attaching to mqtt-broker-1, obu-main-host-1, obu-main-lead-1, obu-merge-car-1, traci-bridge-1
 Container rsa-mqtt-broker-1 Starting 
 Container rsa-mqtt-broker-1 Started 
 Container rsa-obu-main-lead-1 Starting 
 Container rsa-obu-merge-car-1 Starting 
 Container rsa-obu-main-host-1 Starting 
 Container rsa-traci-bridge-1 Starting 
mqtt-broker-1  | 1780011077: Info: running mosquitto as user: mosquitto.
mqtt-broker-1  | 1780011077: mosquitto version 2.1.2 starting
mqtt-broker-1  | 1780011077: Config loaded from /mosquitto/config/mosquitto.conf.
mqtt-broker-1  | 1780011077: Bridge support available.
mqtt-broker-1  | 1780011077: Persistence support available.
mqtt-broker-1  | 1780011077: TLS support available.
mqtt-broker-1  | 1780011077: TLS-PSK support available.
mqtt-broker-1  | 1780011077: Websockets support available.
mqtt-broker-1  | 1780011077: Opening ipv4 listen socket on port 1883.
mqtt-broker-1  | 1780011077: mosquitto version 2.1.2 running
 Container rsa-obu-main-host-1 Started 
obu-main-host-1  | No global board config file found. Skipping config update process
 Container rsa-traci-bridge-1 Started 
obu-main-lead-1  | No global board config file found. Skipping config update process
 Container rsa-obu-main-lead-1 Started 
obu-merge-car-1  | No global board config file found. Skipping config update process
 Container rsa-obu-merge-car-1 Started 
obu-merge-car-1  | 1780011077: mosquitto version 2.0.11 starting
obu-merge-car-1  | 1780011077: Config loaded from /mosquitto.conf.
obu-main-host-1  | 1780011077: mosquitto version 2.0.11 starting
obu-merge-car-1  | 1780011077: Opening ipv4 listen socket on port 1883.
obu-main-lead-1  | 1780011077: mosquitto version 2.0.11 starting
obu-merge-car-1  | 1780011077: Connecting bridge (step 1) bridge_to_remote (mqtt-broker:1883)
obu-main-host-1  | 1780011077: Config loaded from /mosquitto.conf.
obu-main-host-1  | 1780011077: Opening ipv4 listen socket on port 1883.
obu-main-host-1  | 1780011077: Connecting bridge (step 1) bridge_to_remote (mqtt-broker:1883)
obu-main-host-1  | 1780011077: mosquitto version 2.0.11 running
obu-merge-car-1  | 1780011077: mosquitto version 2.0.11 running
obu-main-lead-1  | 1780011077: Config loaded from /mosquitto.conf.
obu-main-lead-1  | 1780011077: Opening ipv4 listen socket on port 1883.
obu-main-lead-1  | 1780011077: Connecting bridge (step 1) bridge_to_remote (mqtt-broker:1883)
obu-main-lead-1  | 1780011077: mosquitto version 2.0.11 running
obu-merge-car-1  | 1780011077: Connecting bridge (step 2) bridge_to_remote (mqtt-broker:1883)
obu-main-lead-1  | 1780011077: Connecting bridge (step 2) bridge_to_remote (mqtt-broker:1883)
obu-main-host-1  | 1780011077: Connecting bridge (step 2) bridge_to_remote (mqtt-broker:1883)
mqtt-broker-1    | 1780011077: New connection from 172.18.0.6:52824 on port 1883.
mqtt-broker-1    | 1780011077: New connection from 172.18.0.3:58690 on port 1883.
mqtt-broker-1    | 1780011077: New connection from 172.18.0.5:32894 on port 1883.
mqtt-broker-1    | 1780011077: New bridge connected from 172.18.0.6:52824 as ac1241c42973.bridge_to_remote (p4, c0, k60).
mqtt-broker-1    | 1780011077: New bridge connected from 172.18.0.3:58690 as 1e89185b8006.bridge_to_remote (p4, c0, k60).
mqtt-broker-1    | 1780011077: New bridge connected from 172.18.0.5:32894 as 5d56ee445dc5.bridge_to_remote (p4, c0, k60).
mqtt-broker-1    | 1780011077: New connection from 172.18.0.4:35943 on port 1883.
mqtt-broker-1    | 1780011077: New client connected from 172.18.0.4:35943 as traci-bridge (p4, c1, k60).
obu-merge-car-1  | Using MAC address: 6e:06:e0:03:00:13.
obu-main-lead-1  | Using MAC address: 6e:06:e0:03:00:11.
obu-main-host-1  | Using MAC address: 6e:06:e0:03:00:12.
obu-merge-car-1  | 1780011078: New connection from 127.0.0.1:59350 on port 1883.
obu-merge-car-1  | 1780011078: New client connected from 127.0.0.1:59350 as ac1241c42973_816 (p2, c1, k60).
obu-merge-car-1  | mqtt.cpp: connected with server
mqtt-broker-1    | 1780011078: New connection from 172.18.0.6:52838 on port 1883.
obu-main-lead-1  | 1780011078: New connection from 127.0.0.1:59356 on port 1883.
obu-main-lead-1  | 1780011078: New client connected from 127.0.0.1:59356 as 5d56ee445dc5_64 (p2, c1, k60).
obu-main-lead-1  | mqtt.cpp: connected with server
obu-main-host-1  | 1780011078: New connection from 127.0.0.1:59358 on port 1883.
obu-main-host-1  | 1780011078: New client connected from 127.0.0.1:59358 as 1e89185b8006_483 (p2, c1, k60).
obu-main-host-1  | mqtt.cpp: connected with server
mqtt-broker-1    | 1780011078: New client connected from 172.18.0.6:52838 as auto-13858FFD-5B2C-190F-3E5E-46843C161D26 (p4, c1, k60, u'""').
mqtt-broker-1    | 1780011078: New connection from 172.18.0.5:32896 on port 1883.
mqtt-broker-1    | 1780011078: New connection from 172.18.0.3:58692 on port 1883.
obu-merge-car-1  | mqtt.cpp: connected with server
mqtt-broker-1    | 1780011078: New client connected from 172.18.0.5:32896 as auto-300CD533-6449-48DD-8989-55B5166B4C11 (p4, c1, k60, u'""').
mqtt-broker-1    | 1780011078: New client connected from 172.18.0.3:58692 as auto-7FB99668-886D-2979-9205-789AA7D5AE5B (p4, c1, k60, u'""').
obu-main-lead-1  | mqtt.cpp: connected with server
obu-main-host-1  | mqtt.cpp: connected with server
obu-merge-car-1  | 1780011078: New connection from 127.0.0.1:54303 on port 1883.
obu-main-lead-1  | 1780011078: New connection from 127.0.0.1:33363 on port 1883.
obu-main-host-1  | 1780011078: New connection from 127.0.0.1:34343 on port 1883.
obu-merge-car-1  | 1780011078: New client connected from 127.0.0.1:54303 as obu-Merge_Car-1 (p2, c1, k60).
obu-main-lead-1  | 1780011078: New client connected from 127.0.0.1:33363 as obu-Main_Lead-1 (p2, c1, k60).
obu-main-host-1  | 1780011078: New client connected from 127.0.0.1:34343 as obu-Main_Host-1 (p2, c1, k60).
obu-main-host-1  | Zenoh session established locally
obu-main-lead-1  | Zenoh session established locally
obu-merge-car-1  | Zenoh session established locally
obu-main-lead-1  | [1.0] Main_Lead role=host state=CRUISE->CRUISE speed=9.98 target=7.50 neighbors=0
obu-main-host-1  | [1.0] Main_Host role=host state=CRUISE->CRUISE speed=9.30 target=7.50 neighbors=0
obu-merge-car-1  | [1.0] Merge_Car role=merge state=CRUISE->CRUISE speed=10.49 target=6.75 neighbors=0
obu-main-host-1  | [2.6] Main_Host role=host state=CRUISE->CRUISE speed=8.43 target=7.50 neighbors=0
obu-merge-car-1  | [2.5] Merge_Car role=merge state=CRUISE->CRUISE speed=8.68 target=6.75 neighbors=0
obu-main-lead-1  | [2.7] Main_Lead role=host state=CRUISE->CRUISE speed=8.85 target=7.50 neighbors=0
obu-main-host-1  | [4.3] Main_Host role=host state=CRUISE->CRUISE speed=7.89 target=7.50 neighbors=0
obu-merge-car-1  | [4.3] Merge_Car role=merge state=CRUISE->CRUISE speed=7.52 target=6.75 neighbors=0
obu-main-lead-1  | [4.4] Main_Lead role=host state=CRUISE->CRUISE speed=8.75 target=7.50 neighbors=0
obu-merge-car-1  | MERGE_SLOT_QUALITY_DIAG: vehicle=Merge_Car event=REQUEST_NEW t=5.2 manoeuvre=134 source=new_request lead=101 host=102 own_eta=8.89 lead_eta=1.36 host_eta=16.27 min_eta=2.86 max_eta=14.77 desired_eta=8.89 gap_possible=True dtm=64.3 edge=34126779 lane=0 speed=7.23 lead_speed=8.97 host_speed=8.14 lead_gap=42.42 host_gap=16.71 lead_gap_t1=42.42 lead_gap_t2=42.42 lead_gap_t3=42.42 host_gap_t1=16.71 host_gap_t2=16.71 host_gap_t3=16.71 rel_to_lead=-1.74 rel_to_host=-0.91 lead_lat=27.62 host_lat=89.96 pending=True accepted=False authorized=False committed=False pending_age=0.00 accepted_age=None lane_cmd_state=NONE lane_cmd_target=None
obu-merge-car-1  | MERGE_ATTEMPT_TIMELINE: vehicle=Merge_Car manoeuvre=134 host=102 lead=101 event=REQUEST_SENT t=5.2 edge=34126779 lane=0 lane_cmd_state=NONE speed=7.23 target=6.75 dtm=64.3 lead_gap=42.42 host_gap=16.71 lead_gap_t1=42.42 lead_gap_t2=42.42 lead_gap_t3=42.42 host_gap_t1=16.71 host_gap_t2=16.71 host_gap_t3=16.71
obu-merge-car-1  | [5.2] Merge_Car MCM_TX_REQUEST: manoeuvre=134 target=102
obu-merge-car-1  | [5.2] Merge_Car MERGE_LCLEAR_BLOCK: sid=101 gap=9.8 neighbor_age=0.8 from_memory=False dtm=64.3
obu-merge-car-1  | [5.2] Merge_Car MERGE_DECISION: auth=False phys=True fgok=True lgok=True hgok=True cok=True esok=True cready=True dtm=64.3 past=False committed=False hid=102 ra=None lclear=False hyok=True
obu-main-host-1  | [5.8] Main_Host role=host state=CRUISE->CRUISE speed=7.68 target=7.50 neighbors=0
obu-main-lead-1  | [6.2] Main_Lead role=cruise state=CRUISE->CRUISE speed=7.99 target=7.50 neighbors=0
obu-merge-car-1  | MCM_REQUEST_RETRY_DIAG: vehicle=Merge_Car host=102 lead=101 manoeuvre=134 retry_count=1 pending_age=0.9 dtm=58.9 own_eta=8.34 host_eta_current=None host_eta_at_request=16.26943494399574 lead_eta_current=None lead_eta_at_request=1.3563097531903763 last_response_action=None last_response_age=None host_remote_fsm=CRUISE host_remote_edge=560761994 host_remote_lane=0 host_remote_merge_committed=False host_remote_merge_completed=False host_remote_active_merge_request=False host_remote_active_station_id=None host_remote_active_manoeuvre_id=None host_remote_active_remaining_s=0.0
obu-merge-car-1  | MERGE_SLOT_QUALITY_DIAG: vehicle=Merge_Car event=REQUEST_RETRY t=6.1 manoeuvre=134 source=retry_request lead=101 host=102 own_eta=8.34 lead_eta=1.36 host_eta=16.27 min_eta=2.86 max_eta=14.77 desired_eta=8.34 gap_possible=True dtm=58.9 edge=34126779 lane=0 speed=7.05 lead_speed=8.97 host_speed=8.14 lead_gap=40.55 host_gap=0.00 lead_gap_t1=40.55 lead_gap_t2=40.55 lead_gap_t3=40.55 host_gap_t1=0.00 host_gap_t2=0.00 host_gap_t3=0.00 rel_to_lead=-1.92 rel_to_host=1.09 lead_lat=18.36 host_lat=92.00 pending=True accepted=False authorized=False committed=False pending_age=0.90 accepted_age=None lane_cmd_state=NONE lane_cmd_target=None
obu-merge-car-1  | [6.1] Merge_Car MCM_TX_REQUEST: manoeuvre=134 target=102
obu-merge-car-1  | [6.1] Merge_Car MCM_PENDING_HOLD_LATE_HOST: host=102 age=0.0 dtm=58.9 lead_gap=40.55 host_gap=0.00 pending_age=0.9 accepted_at=None reason=lost
obu-merge-car-1  | [6.1] Merge_Car role=merge state=NEGOTIATING->NEGOTIATING speed=7.05 target=6.38 neighbors=0
obu-main-host-1  | [7.0] Main_Host role=host state=CRUISE->CRUISE speed=7.60 target=7.50 neighbors=0
obu-merge-car-1  | MCM_REQUEST_RETRY_DIAG: vehicle=Merge_Car host=102 lead=101 manoeuvre=134 retry_count=2 pending_age=1.9 dtm=52.5 own_eta=7.49 host_eta_current=None host_eta_at_request=16.26943494399574 lead_eta_current=None lead_eta_at_request=1.3563097531903763 last_response_action=None last_response_age=None host_remote_fsm=CRUISE host_remote_edge=560761994 host_remote_lane=0 host_remote_merge_committed=False host_remote_merge_completed=False host_remote_active_merge_request=False host_remote_active_station_id=None host_remote_active_manoeuvre_id=None host_remote_active_remaining_s=0.0
obu-merge-car-1  | MERGE_SLOT_QUALITY_DIAG: vehicle=Merge_Car event=REQUEST_RETRY t=7.1 manoeuvre=134 source=retry_request lead=101 host=102 own_eta=7.49 lead_eta=1.36 host_eta=16.27 min_eta=2.86 max_eta=14.77 desired_eta=7.49 gap_possible=True dtm=52.5 edge=34126779 lane=0 speed=7.01 lead_speed=8.97 host_speed=8.14 lead_gap=35.00 host_gap=13.78 lead_gap_t1=35.00 lead_gap_t2=35.00 lead_gap_t3=35.00 host_gap_t1=12.65 host_gap_t2=11.52 host_gap_t3=10.39 rel_to_lead=-1.96 rel_to_host=1.13 lead_lat=14.24 host_lat=91.36 pending=True accepted=False authorized=False committed=False pending_age=1.90 accepted_age=None lane_cmd_state=NONE lane_cmd_target=None
obu-merge-car-1  | [7.1] Merge_Car MCM_TX_REQUEST: manoeuvre=134 target=102
obu-merge-car-1  | [7.1] Merge_Car MCM_PENDING_HOLD_LATE_HOST: host=102 age=1.0 dtm=52.5 lead_gap=35.00 host_gap=13.78 pending_age=1.9 accepted_at=None reason=lost
obu-merge-car-1  | [7.1] Merge_Car role=merge state=NEGOTIATING->NEGOTIATING speed=7.01 target=6.38 neighbors=0
obu-main-host-1  | [8.0] Main_Host role=host state=CRUISE->CRUISE speed=7.56 target=7.50 neighbors=0
obu-main-lead-1  | [8.1] Main_Lead role=cruise state=CRUISE->CRUISE speed=7.88 target=7.50 neighbors=0
obu-main-host-1  | [8.1] Main_Host MCM_RX_REQUEST: from=103 manoeuvre=134 target=102
obu-main-host-1  | [8.1] Main_Host MCM_RX_REQUEST: from=103 manoeuvre=134 target=102
obu-main-host-1  | [8.1] Main_Host MCM_RX_REQUEST: from=103 manoeuvre=134 target=102
obu-merge-car-1  | MCM_REQUEST_RETRY_DIAG: vehicle=Merge_Car host=102 lead=101 manoeuvre=134 retry_count=3 pending_age=2.9 dtm=46.0 own_eta=6.77 host_eta_current=None host_eta_at_request=16.26943494399574 lead_eta_current=None lead_eta_at_request=1.3563097531903763 last_response_action=None last_response_age=None host_remote_fsm=CRUISE host_remote_edge=560761994 host_remote_lane=0 host_remote_merge_committed=False host_remote_merge_completed=False host_remote_active_merge_request=False host_remote_active_station_id=None host_remote_active_manoeuvre_id=None host_remote_active_remaining_s=0.0
obu-merge-car-1  | MERGE_SLOT_QUALITY_DIAG: vehicle=Merge_Car event=REQUEST_RETRY t=8.1 manoeuvre=134 source=retry_request lead=101 host=102 own_eta=6.77 lead_eta=1.36 host_eta=16.27 min_eta=2.86 max_eta=14.77 desired_eta=6.77 gap_possible=True dtm=46.0 edge=34126779 lane=0 speed=6.79 lead_speed=8.97 host_speed=8.14 lead_gap=29.97 host_gap=36.24 lead_gap_t1=29.97 lead_gap_t2=29.97 lead_gap_t3=29.97 host_gap_t1=34.89 host_gap_t2=33.55 host_gap_t3=32.20 rel_to_lead=-2.18 rel_to_host=1.35 lead_lat=7.26 host_lat=86.71 pending=True accepted=False authorized=False committed=False pending_age=2.90 accepted_age=None lane_cmd_state=NONE lane_cmd_target=None
obu-merge-car-1  | [8.1] Merge_Car MCM_TX_REQUEST: manoeuvre=134 target=102
obu-merge-car-1  | MERGE_ATTEMPT_TIMELINE: vehicle=Merge_Car manoeuvre=134 host=102 lead=101 event=TIMEOUT t=8.1 edge=34126779 lane=0 lane_cmd_state=NONE speed=6.79 target=6.75 dtm=46.0 lead_gap=29.97 host_gap=36.24 lead_gap_t1=29.97 lead_gap_t2=29.97 lead_gap_t3=29.97 host_gap_t1=34.89 host_gap_t2=33.55 host_gap_t3=32.20
obu-merge-car-1  | MCM_PENDING_ABANDON_DIAG: vehicle=Merge_Car host=102 lead=101 manoeuvre=134 reason=lost dtm=46.0 own_eta=6.77 host_eta=16.27 lead_eta=1.36 pending_age=2.9 last_mcm_sent_age=0.0 retry_count=3 host_remote_fsm=CRUISE host_remote_edge=560761994 host_remote_lane=0 host_remote_merge_committed=False host_remote_merge_completed=False host_remote_lane_cmd_state=NONE active_merge_request=False slot_source=pending_request lead_gap=29.97 host_gap=36.24 lead_gap_t1=29.97 lead_gap_t2=29.97 lead_gap_t3=29.97 host_gap_t1=34.89 host_gap_t2=33.55 host_gap_t3=32.20 host_gap_possible=True
obu-merge-car-1  | [8.1] Merge_Car MCM_PENDING_ABANDON: host=102 lost
obu-merge-car-1  | [8.1] Merge_Car FINAL_GUARD: REJECTED blind merge with main traffic
obu-merge-car-1  | [8.1] Merge_Car MERGE_DECISION: auth=False phys=True fgok=False lgok=True hgok=True cok=True esok=True cready=True dtm=46.0 past=False committed=False hid=None ra=None lclear=True hyok=True
obu-merge-car-1  | [8.1] Merge_Car role=merge state=NEGOTIATING->CRUISE speed=6.79 target=6.75 neighbors=0
obu-main-host-1  | HOST_REQUEST_DECISION: host=Main_Host ramp=103 manoeuvre=134 decision=ACCEPT reason=YIELDING ramp_eta=8.41 host_eta=12.42 required_speed=7.16 current_speed=7.55 active_request_ramp=None active_request_remaining=0.0 ramp_remote_edge=34126779 ramp_remote_lane=0 ramp_remote_fsm=NEGOTIATING
obu-main-host-1  | [8.3] Main_Host MCM_TX_ACCEPT: manoeuvre=134 target=103
obu-main-host-1  | HOST_RESERVATION_START: host=Main_Host ramp=103 manoeuvre=134 until=12.3 own_speed=7.55 target_speed=6.55 required_speed=7.16 gap_eta=4.02
obu-main-host-1  | [8.3] Main_Host HOST_RESERVED: merge=103 manoeuvre=134 until=12.3 target_spd=6.55
obu-main-host-1  | [8.3] Main_Host HOST_YIELD: for merge=103 req_spd=6.55
obu-merge-car-1  | MERGE_SLOT_QUALITY_DIAG: vehicle=Merge_Car event=REQUEST_NEW t=8.9 manoeuvre=135 source=new_request lead=None host=102 own_eta=6.16 lead_eta=None host_eta=13.66 min_eta=None max_eta=12.16 desired_eta=6.16 gap_possible=True dtm=41.0 edge=34126779 lane=0 speed=6.65 lead_speed=None host_speed=7.59 lead_gap=None host_gap=25.69 lead_gap_t1=None lead_gap_t2=None lead_gap_t3=None host_gap_t1=24.76 host_gap_t2=23.82 host_gap_t3=22.88 rel_to_lead=None rel_to_host=0.94 lead_lat=None host_lat=63.43 pending=True accepted=False authorized=False committed=False pending_age=0.00 accepted_age=None lane_cmd_state=NONE lane_cmd_target=None
obu-merge-car-1  | MERGE_ATTEMPT_TIMELINE: vehicle=Merge_Car manoeuvre=135 host=102 lead=None event=REQUEST_SENT t=8.9 edge=34126779 lane=0 lane_cmd_state=NONE speed=6.65 target=6.75 dtm=41.0 lead_gap= host_gap=25.69 lead_gap_t1= lead_gap_t2= lead_gap_t3= host_gap_t1=24.76 host_gap_t2=23.82 host_gap_t3=22.88
obu-merge-car-1  | [8.9] Merge_Car MCM_TX_REQUEST: manoeuvre=135 target=102
obu-merge-car-1  | [8.9] Merge_Car MERGE_DECISION: auth=False phys=True fgok=True lgok=True hgok=True cok=True esok=True cready=True dtm=41.0 past=False committed=False hid=102 ra=None lclear=True hyok=True
obu-main-host-1  | HOST_RESERVATION_HOLD: host=Main_Host ramp=103 manoeuvre=134 remaining=3.1 own_speed=7.53 target_speed=6.55 ramp_fsm=CRUISE ramp_lane_cmd_state=NONE ramp_edge=34126779 ramp_lane=0 ramp_merge_completed=False ramp_merge_committed=False
obu-main-host-1  | [9.2] Main_Host HOST_HOLD_YIELD: for merge=103 spd=6.55
obu-main-host-1  | [9.2] Main_Host MCM_TX_ACCEPT: manoeuvre=134 target=103
obu-main-host-1  | [9.2] Main_Host role=host state=YIELDING->YIELDING speed=7.53 target=6.55 neighbors=0
obu-main-lead-1  | [9.5] Main_Lead role=cruise state=CRUISE->CRUISE speed=7.69 target=7.50 neighbors=0
obu-merge-car-1  | MCM_REQUEST_RETRY_DIAG: vehicle=Merge_Car host=102 lead=None manoeuvre=135 retry_count=1 pending_age=0.9 dtm=35.1 own_eta=5.27 host_eta_current=None host_eta_at_request=13.655188181020451 lead_eta_current=None lead_eta_at_request=None last_response_action=None last_response_age=None host_remote_fsm=YIELDING host_remote_edge=560761994 host_remote_lane=0 host_remote_merge_committed=False host_remote_merge_completed=False host_remote_active_merge_request=True host_remote_active_station_id=103 host_remote_active_manoeuvre_id=134 host_remote_active_remaining_s=4.0
obu-merge-car-1  | MERGE_SLOT_QUALITY_DIAG: vehicle=Merge_Car event=REQUEST_RETRY t=9.8 manoeuvre=135 source=retry_request lead=None host=102 own_eta=5.27 lead_eta=None host_eta=13.66 min_eta=None max_eta=12.16 desired_eta=5.27 gap_possible=True dtm=35.1 edge=34126779 lane=0 speed=6.66 lead_speed=None host_speed=7.59 lead_gap=None host_gap=41.07 lead_gap_t1=None lead_gap_t2=None lead_gap_t3=None host_gap_t1=40.15 host_gap_t2=39.22 host_gap_t3=38.30 rel_to_lead=None rel_to_host=0.93 lead_lat=None host_lat=58.02 pending=True accepted=False authorized=False committed=False pending_age=0.90 accepted_age=None lane_cmd_state=NONE lane_cmd_target=None
obu-merge-car-1  | [9.8] Merge_Car MCM_TX_REQUEST: manoeuvre=135 target=102
obu-merge-car-1  | [9.8] Merge_Car MCM_PENDING_HOLD_LATE_HOST: host=102 age=0.0 dtm=35.1 lead_gap=None host_gap=41.07 pending_age=0.9 accepted_at=None reason=lost
obu-merge-car-1  | [9.8] Merge_Car role=merge state=NEGOTIATING->NEGOTIATING speed=6.66 target=6.38 neighbors=0
obu-main-host-1  | HOST_RESERVATION_HOLD: host=Main_Host ramp=103 manoeuvre=134 remaining=2.2 own_speed=7.38 target_speed=6.55 ramp_fsm=NEGOTIATING ramp_lane_cmd_state=NONE ramp_edge=34126779 ramp_lane=0 ramp_merge_completed=False ramp_merge_committed=False
obu-main-host-1  | [10.1] Main_Host HOST_HOLD_YIELD: for merge=103 spd=6.55
obu-main-host-1  | [10.1] Main_Host MCM_TX_ACCEPT: manoeuvre=134 target=103
obu-merge-car-1  | MCM_REQUEST_RETRY_DIAG: vehicle=Merge_Car host=102 lead=None manoeuvre=135 retry_count=2 pending_age=1.7 dtm=29.9 own_eta=4.47 host_eta_current=None host_eta_at_request=13.655188181020451 lead_eta_current=None lead_eta_at_request=None last_response_action=None last_response_age=None host_remote_fsm=YIELDING host_remote_edge=560761994 host_remote_lane=0 host_remote_merge_committed=False host_remote_merge_completed=False host_remote_active_merge_request=True host_remote_active_station_id=103 host_remote_active_manoeuvre_id=134 host_remote_active_remaining_s=3.1000000000000014
obu-merge-car-1  | MERGE_SLOT_QUALITY_DIAG: vehicle=Merge_Car event=REQUEST_RETRY t=10.6 manoeuvre=135 source=retry_request lead=None host=102 own_eta=4.47 lead_eta=None host_eta=13.66 min_eta=None max_eta=12.16 desired_eta=4.47 gap_possible=True dtm=29.9 edge=34126779 lane=0 speed=6.69 lead_speed=None host_speed=7.59 lead_gap=None host_gap=48.57 lead_gap_t1=None lead_gap_t2=None lead_gap_t3=None host_gap_t1=47.68 host_gap_t2=46.78 host_gap_t3=45.88 rel_to_lead=None rel_to_host=0.90 lead_lat=None host_lat=56.23 pending=True accepted=False authorized=False committed=False pending_age=1.70 accepted_age=None lane_cmd_state=NONE lane_cmd_target=None
obu-merge-car-1  | [10.6] Merge_Car MCM_TX_REQUEST: manoeuvre=135 target=102
obu-merge-car-1  | [10.6] Merge_Car MCM_PENDING_HOLD_LATE_HOST: host=102 age=0.8 dtm=29.9 lead_gap=None host_gap=48.57 pending_age=1.7 accepted_at=None reason=lost
obu-merge-car-1  | [11.5] Merge_Car MCM_RX_ACCEPT: from=102 manoeuvre=134 target=103
obu-merge-car-1  | [11.5] Merge_Car MCM_RX_ACCEPT: from=102 manoeuvre=134 target=103
obu-merge-car-1  | [11.5] Merge_Car MCM_RX_ACCEPT: from=102 manoeuvre=134 target=103
obu-main-lead-1  | [11.7] Main_Lead role=cruise state=CRUISE->CRUISE speed=7.56 target=7.50 neighbors=2
obu-main-host-1  | HOST_RESERVATION_HOLD: host=Main_Host ramp=103 manoeuvre=134 remaining=0.8 own_speed=6.96 target_speed=6.55 ramp_fsm=NEGOTIATING ramp_lane_cmd_state=NONE ramp_edge=34126779 ramp_lane=0 ramp_merge_completed=False ramp_merge_committed=False
obu-main-host-1  | [11.5] Main_Host HOST_HOLD_YIELD: for merge=103 spd=6.55
obu-main-host-1  | [11.5] Main_Host MCM_TX_ACCEPT: manoeuvre=134 target=103
obu-main-host-1  | [11.5] Main_Host role=host state=YIELDING->YIELDING speed=6.96 target=6.55 neighbors=0
obu-main-host-1  | [11.6] Main_Host MCM_RX_REQUEST: from=103 manoeuvre=134 target=102
obu-main-host-1  | [11.6] Main_Host MCM_RX_REQUEST: from=103 manoeuvre=135 target=102
obu-main-host-1  | [11.6] Main_Host MCM_RX_REQUEST: from=103 manoeuvre=135 target=102
obu-merge-car-1  | MCM_REQUEST_RETRY_DIAG: vehicle=Merge_Car host=102 lead=None manoeuvre=135 retry_count=3 pending_age=2.8 dtm=22.7 own_eta=3.45 host_eta_current=11.46776861159837 host_eta_at_request=13.655188181020451 lead_eta_current=None lead_eta_at_request=None last_response_action=2 last_response_age=0.1999999999999993 host_remote_fsm=YIELDING host_remote_edge=560761994 host_remote_lane=0 host_remote_merge_committed=False host_remote_merge_completed=False host_remote_active_merge_request=True host_remote_active_station_id=103 host_remote_active_manoeuvre_id=134 host_remote_active_remaining_s=2.200000000000001
obu-merge-car-1  | MERGE_SLOT_QUALITY_DIAG: vehicle=Merge_Car event=REQUEST_RETRY t=11.7 manoeuvre=135 source=retry_request lead=None host=102 own_eta=3.45 lead_eta=None host_eta=11.47 min_eta=None max_eta=9.97 desired_eta=3.45 gap_possible=True dtm=22.7 edge=34126779 lane=0 speed=6.58 lead_speed=None host_speed=7.00 lead_gap=None host_gap=44.83 lead_gap_t1=None lead_gap_t2=None lead_gap_t3=None host_gap_t1=44.40 host_gap_t2=43.98 host_gap_t3=43.56 rel_to_lead=None rel_to_host=0.42 lead_lat=None host_lat=33.87 pending=True accepted=False authorized=False committed=False pending_age=2.80 accepted_age=None lane_cmd_state=NONE lane_cmd_target=None
obu-merge-car-1  | [11.7] Merge_Car MCM_TX_REQUEST: manoeuvre=135 target=102
obu-merge-car-1  | [11.7] Merge_Car MCM_ACCEPT_WRONG_MANOEUVRE: host=102 got=134 expected=135
obu-merge-car-1  | [11.7] Merge_Car MERGE_DECISION: auth=False phys=True fgok=True lgok=True hgok=True cok=True esok=True cready=True dtm=22.7 past=False committed=False hid=102 ra=None lclear=True hyok=True
obu-merge-car-1  | [11.7] Merge_Car role=merge state=NEGOTIATING->NEGOTIATING speed=6.58 target=6.75 neighbors=2
obu-main-host-1  | HOST_MANOEUVRE_ID_UPDATE: host=Main_Host ramp=103 old_mid=134 new_mid=135
obu-main-host-1  | HOST_RELEASE_BEFORE_CLEAR: host=Main_Host ramp=103 manoeuvre=135 reason=timeout ramp_fsm=NEGOTIATING ramp_lane_cmd_state=NONE ramp_edge=34126779 ramp_lane=0 ramp_merge_completed=False ramp_merge_committed=False
obu-main-host-1  | HOST_REQUEST_DECISION: host=Main_Host ramp=103 manoeuvre=135 decision=ACCEPT reason=YIELDING ramp_eta=5.02 host_eta=9.50 required_speed=6.67 current_speed=6.82 active_request_ramp=None active_request_remaining=0.0 ramp_remote_edge=34126779 ramp_remote_lane=0 ramp_remote_fsm=NEGOTIATING
obu-main-host-1  | [12.3] Main_Host MCM_TX_ACCEPT: manoeuvre=135 target=103
obu-main-host-1  | HOST_RESERVATION_START: host=Main_Host ramp=103 manoeuvre=135 until=16.3 own_speed=6.82 target_speed=5.82 required_speed=6.67 gap_eta=4.48
obu-main-host-1  | [12.3] Main_Host HOST_RESERVED: merge=103 manoeuvre=135 until=16.3 target_spd=5.82
obu-main-host-1  | [12.3] Main_Host HOST_YIELD: for merge=103 req_spd=5.82
obu-merge-car-1  | MCM_REQUEST_RETRY_DIAG: vehicle=Merge_Car host=102 lead=None manoeuvre=135 retry_count=4 pending_age=3.5 dtm=18.1 own_eta=2.78 host_eta_current=11.46776861159837 host_eta_at_request=13.655188181020451 lead_eta_current=None lead_eta_at_request=None last_response_action=2 last_response_age=0.9000000000000004 host_remote_fsm=YIELDING host_remote_edge=560761994 host_remote_lane=0 host_remote_merge_committed=False host_remote_merge_completed=False host_remote_active_merge_request=True host_remote_active_station_id=103 host_remote_active_manoeuvre_id=134 host_remote_active_remaining_s=0.8000000000000007
obu-merge-car-1  | MERGE_SLOT_QUALITY_DIAG: vehicle=Merge_Car event=REQUEST_RETRY t=12.4 manoeuvre=135 source=retry_request lead=None host=102 own_eta=2.78 lead_eta=None host_eta=11.47 min_eta=None max_eta=9.97 desired_eta=2.78 gap_possible=True dtm=18.1 edge=34126779 lane=0 speed=6.52 lead_speed=None host_speed=7.00 lead_gap=None host_gap=52.01 lead_gap_t1=None lead_gap_t2=None lead_gap_t3=None host_gap_t1=51.52 host_gap_t2=51.04 host_gap_t3=50.56 rel_to_lead=None rel_to_host=0.48 lead_lat=None host_lat=29.73 pending=True accepted=False authorized=False committed=False pending_age=3.50 accepted_age=None lane_cmd_state=NONE lane_cmd_target=None
obu-merge-car-1  | [12.4] Merge_Car MCM_TX_REQUEST: manoeuvre=135 target=102
obu-merge-car-1  | [12.4] Merge_Car MCM_ACCEPT_WRONG_MANOEUVRE: host=102 got=134 expected=135
obu-merge-car-1  | [12.4] Merge_Car MERGE_DECISION: auth=False phys=True fgok=True lgok=True hgok=True cok=True esok=True cready=True dtm=18.1 past=False committed=False hid=102 ra=None lclear=True hyok=True
obu-main-lead-1  | [12.9] Main_Lead role=cruise state=CRUISE->CRUISE speed=7.53 target=7.50 neighbors=0
obu-main-host-1  | HOST_RESERVATION_HOLD: host=Main_Host ramp=103 manoeuvre=135 remaining=2.8 own_speed=6.70 target_speed=5.82 ramp_fsm=NEGOTIATING ramp_lane_cmd_state=NONE ramp_edge=34126779 ramp_lane=0 ramp_merge_completed=False ramp_merge_committed=False
obu-main-host-1  | [13.5] Main_Host HOST_HOLD_YIELD: for merge=103 spd=5.82
obu-main-host-1  | [13.5] Main_Host MCM_TX_ACCEPT: manoeuvre=135 target=103
obu-main-host-1  | [13.5] Main_Host role=host state=YIELDING->YIELDING speed=6.70 target=5.82 neighbors=0
obu-merge-car-1  | MCM_REQUEST_RETRY_DIAG: vehicle=Merge_Car host=102 lead=None manoeuvre=135 retry_count=5 pending_age=4.4 dtm=12.4 own_eta=1.88 host_eta_current=None host_eta_at_request=13.655188181020451 lead_eta_current=None lead_eta_at_request=None last_response_action=2 last_response_age=1.8000000000000007 host_remote_fsm=YIELDING host_remote_edge=560761994 host_remote_lane=0 host_remote_merge_committed=False host_remote_merge_completed=False host_remote_active_merge_request=True host_remote_active_station_id=103 host_remote_active_manoeuvre_id=134 host_remote_active_remaining_s=0.8000000000000007
obu-merge-car-1  | MERGE_SLOT_QUALITY_DIAG: vehicle=Merge_Car event=REQUEST_RETRY t=13.3 manoeuvre=135 source=retry_request lead=None host=102 own_eta=1.88 lead_eta=None host_eta=13.66 min_eta=None max_eta=12.16 desired_eta=1.88 gap_possible=True dtm=12.4 edge=34126779 lane=0 speed=6.58 lead_speed=None host_speed=7.00 lead_gap=None host_gap=61.20 lead_gap_t1=None lead_gap_t2=None lead_gap_t3=None host_gap_t1=60.77 host_gap_t2=60.35 host_gap_t3=59.93 rel_to_lead=None rel_to_host=0.42 lead_lat=None host_lat=21.97 pending=True accepted=False authorized=False committed=False pending_age=4.40 accepted_age=None lane_cmd_state=NONE lane_cmd_target=None
obu-merge-car-1  | [13.3] Merge_Car MCM_TX_REQUEST: manoeuvre=135 target=102
obu-merge-car-1  | [13.3] Merge_Car MCM_ACCEPT_STALE: host=102 manoeuvre=134
obu-merge-car-1  | [13.3] Merge_Car MCM_TIMEOUT: host=102 giving up
obu-merge-car-1  | [13.3] Merge_Car role=merge state=NEGOTIATING->NEGOTIATING speed=6.58 target=6.75 neighbors=0
obu-main-host-1  | HOST_RESERVATION_HOLD: host=Main_Host ramp=103 manoeuvre=135 remaining=2.1 own_speed=6.46 target_speed=5.82 ramp_fsm=NEGOTIATING ramp_lane_cmd_state=NONE ramp_edge=34126779 ramp_lane=0 ramp_merge_completed=False ramp_merge_committed=False
obu-main-host-1  | [14.2] Main_Host HOST_HOLD_YIELD: for merge=103 spd=5.82
obu-main-host-1  | [14.2] Main_Host MCM_TX_ACCEPT: manoeuvre=135 target=103
obu-main-host-1  | [15.1] Main_Host MCM_RX_REQUEST: from=103 manoeuvre=135 target=102
obu-merge-car-1  | [15.0] Merge_Car MCM_RX_ACCEPT: from=102 manoeuvre=134 target=103
obu-merge-car-1  | [15.0] Merge_Car MCM_RX_ACCEPT: from=102 manoeuvre=135 target=103
obu-merge-car-1  | [15.0] Merge_Car MCM_RX_ACCEPT: from=102 manoeuvre=135 target=103
obu-main-lead-1  | [14.6] Main_Lead role=cruise state=CRUISE->CRUISE speed=7.51 target=7.50 neighbors=0
obu-main-host-1  | HOST_RESERVATION_HOLD: host=Main_Host ramp=103 manoeuvre=135 remaining=1.2 own_speed=6.22 target_speed=5.82 ramp_fsm=NEGOTIATING ramp_lane_cmd_state=NONE ramp_edge=34126779 ramp_lane=0 ramp_merge_completed=False ramp_merge_committed=False
obu-main-host-1  | [15.1] Main_Host HOST_HOLD_YIELD: for merge=103 spd=5.82
obu-main-host-1  | [15.1] Main_Host MCM_TX_ACCEPT: manoeuvre=135 target=103
obu-main-host-1  | [15.1] Main_Host role=host state=YIELDING->YIELDING speed=6.22 target=5.82 neighbors=2
obu-main-host-1  | [15.1] Main_Host MCM_RX_REQUEST: from=103 manoeuvre=135 target=102
obu-main-host-1  | [15.1] Main_Host MCM_RX_REQUEST: from=103 manoeuvre=135 target=102
obu-main-host-1  | [15.1] Main_Host MCM_RX_REQUEST: from=103 manoeuvre=135 target=102
obu-merge-car-1  | MERGE_SLOT_QUALITY_DIAG: vehicle=Merge_Car event=REQUEST_NEW t=15.2 manoeuvre=136 source=new_request lead=None host=102 own_eta=0.75 lead_eta=None host_eta=8.08 min_eta=None max_eta=6.58 desired_eta=0.75 gap_possible=True dtm=5.0 edge=:390064918_0 lane=0 speed=6.67 lead_speed=None host_speed=6.45 lead_gap=None host_gap=48.90 lead_gap_t1=None lead_gap_t2=None lead_gap_t3=None host_gap_t1=48.90 host_gap_t2=48.90 host_gap_t3=48.90 rel_to_lead=None rel_to_host=-0.22 lead_lat=None host_lat=5.35 pending=True accepted=False authorized=False committed=False pending_age=0.00 accepted_age=None lane_cmd_state=NONE lane_cmd_target=None
obu-merge-car-1  | MERGE_ATTEMPT_TIMELINE: vehicle=Merge_Car manoeuvre=136 host=102 lead=None event=REQUEST_SENT t=15.2 edge=:390064918_0 lane=0 lane_cmd_state=NONE speed=6.67 target=6.75 dtm=5.0 lead_gap= host_gap=48.90 lead_gap_t1= lead_gap_t2= lead_gap_t3= host_gap_t1=48.90 host_gap_t2=48.90 host_gap_t3=48.90
obu-merge-car-1  | [15.2] Merge_Car MCM_TX_REQUEST: manoeuvre=136 target=102
obu-merge-car-1  | [15.2] Merge_Car MERGE_DECISION: auth=False phys=True fgok=True lgok=True hgok=True cok=True esok=True cready=True dtm=5.0 past=False committed=False hid=102 ra=None lclear=True hyok=True
obu-merge-car-1  | [15.2] Merge_Car role=merge state=YIELDING->YIELDING speed=6.67 target=6.22 neighbors=2
obu-main-lead-1  | [15.6] Main_Lead role=cruise state=CRUISE->CRUISE speed=7.51 target=7.50 neighbors=2
obu-main-host-1  | HOST_RESERVATION_HOLD: host=Main_Host ramp=103 manoeuvre=135 remaining=0.6 own_speed=6.12 target_speed=5.82 ramp_fsm=YIELDING ramp_lane_cmd_state=NONE ramp_edge=34126779 ramp_lane=0 ramp_merge_completed=False ramp_merge_committed=False
obu-main-host-1  | [15.7] Main_Host HOST_HOLD_YIELD: for merge=103 spd=5.82
obu-main-host-1  | [15.7] Main_Host MCM_TX_ACCEPT: manoeuvre=135 target=103
obu-merge-car-1  | MCM_REQUEST_RETRY_DIAG: vehicle=Merge_Car host=102 lead=None manoeuvre=136 retry_count=1 pending_age=0.8 dtm=8.3 own_eta=1.26 host_eta_current=8.078541310542567 host_eta_at_request=8.078541310542567 lead_eta_current=None lead_eta_at_request=None last_response_action=None last_response_age=None host_remote_fsm=YIELDING host_remote_edge=560761994 host_remote_lane=0 host_remote_merge_committed=False host_remote_merge_completed=False host_remote_active_merge_request=True host_remote_active_station_id=103 host_remote_active_manoeuvre_id=135 host_remote_active_remaining_s=1.200000000000001
obu-merge-car-1  | MERGE_SLOT_QUALITY_DIAG: vehicle=Merge_Car event=REQUEST_RETRY t=16.0 manoeuvre=136 source=retry_request lead=None host=102 own_eta=1.26 lead_eta=None host_eta=8.08 min_eta=None max_eta=6.58 desired_eta=1.26 gap_possible=True dtm=8.3 edge=1331698336 lane=0 speed=6.59 lead_speed=None host_speed=6.45 lead_gap=None host_gap=54.38 lead_gap_t1=None lead_gap_t2=None lead_gap_t3=None host_gap_t1=54.38 host_gap_t2=54.38 host_gap_t3=54.38 rel_to_lead=None rel_to_host=-0.14 lead_lat=None host_lat=3.16 pending=True accepted=False authorized=False committed=False pending_age=0.80 accepted_age=None lane_cmd_state=NONE lane_cmd_target=None
obu-merge-car-1  | [16.0] Merge_Car MCM_TX_REQUEST: manoeuvre=136 target=102
obu-merge-car-1  | [16.0] Merge_Car MERGE_DECISION: auth=False phys=True fgok=True lgok=True hgok=True cok=True esok=True cready=True dtm=8.3 past=False committed=False hid=102 ra=None lclear=True hyok=True
obu-main-host-1  | HOST_RELEASE_BEFORE_CLEAR: host=Main_Host ramp=103 manoeuvre=135 reason=timeout ramp_fsm=YIELDING ramp_lane_cmd_state=NONE ramp_edge=:390064918_0 ramp_lane=0 ramp_merge_completed=False ramp_merge_committed=False
obu-main-host-1  | [16.7] Main_Host role=host state=YIELDING->CRUISE speed=6.00 target=7.50 neighbors=0
obu-merge-car-1  | MCM_REQUEST_RETRY_DIAG: vehicle=Merge_Car host=102 lead=None manoeuvre=136 retry_count=2 pending_age=1.5 dtm=12.3 own_eta=1.90 host_eta_current=None host_eta_at_request=8.078541310542567 lead_eta_current=None lead_eta_at_request=None last_response_action=None last_response_age=None host_remote_fsm=YIELDING host_remote_edge=560761994 host_remote_lane=0 host_remote_merge_committed=False host_remote_merge_completed=False host_remote_active_merge_request=True host_remote_active_station_id=103 host_remote_active_manoeuvre_id=135 host_remote_active_remaining_s=1.200000000000001
obu-merge-car-1  | MERGE_SLOT_QUALITY_DIAG: vehicle=Merge_Car event=REQUEST_RETRY t=16.7 manoeuvre=136 source=retry_request lead=None host=102 own_eta=1.90 lead_eta=None host_eta=8.08 min_eta=None max_eta=6.58 desired_eta=1.90 gap_possible=True dtm=12.3 edge=1331698336 lane=0 speed=6.48 lead_speed=None host_speed=6.45 lead_gap=None host_gap=58.94 lead_gap_t1=None lead_gap_t2=None lead_gap_t3=None host_gap_t1=58.94 host_gap_t2=58.94 host_gap_t3=58.94 rel_to_lead=None rel_to_host=-0.03 lead_lat=None host_lat=3.16 pending=True accepted=False authorized=False committed=False pending_age=1.50 accepted_age=None lane_cmd_state=NONE lane_cmd_target=None
obu-merge-car-1  | [16.7] Merge_Car MCM_TX_REQUEST: manoeuvre=136 target=102
obu-merge-car-1  | [16.7] Merge_Car MCM_PENDING_HOLD_LATE_HOST: host=102 age=0.0 dtm=12.3 lead_gap=None host_gap=58.94 pending_age=1.5 accepted_at=None reason=lost
obu-merge-car-1  | [16.7] Merge_Car role=merge state=YIELDING->NEGOTIATING speed=6.48 target=6.38 neighbors=0
obu-main-lead-1  | [17.1] Main_Lead role=cruise state=CRUISE->CRUISE speed=7.50 target=7.50 neighbors=0
obu-merge-car-1  | MCM_REQUEST_RETRY_DIAG: vehicle=Merge_Car host=102 lead=None manoeuvre=136 retry_count=3 pending_age=2.4 dtm=17.8 own_eta=2.80 host_eta_current=None host_eta_at_request=8.078541310542567 lead_eta_current=None lead_eta_at_request=None last_response_action=None last_response_age=None host_remote_fsm=YIELDING host_remote_edge=560761994 host_remote_lane=0 host_remote_merge_committed=False host_remote_merge_completed=False host_remote_active_merge_request=True host_remote_active_station_id=103 host_remote_active_manoeuvre_id=135 host_remote_active_remaining_s=0.6000000000000014
obu-merge-car-1  | MERGE_SLOT_QUALITY_DIAG: vehicle=Merge_Car event=REQUEST_RETRY t=17.6 manoeuvre=136 source=retry_request lead=None host=102 own_eta=2.80 lead_eta=None host_eta=8.08 min_eta=None max_eta=6.58 desired_eta=2.80 gap_possible=True dtm=17.8 edge=1331698336 lane=0 speed=6.36 lead_speed=None host_speed=6.45 lead_gap=None host_gap=64.72 lead_gap_t1=None lead_gap_t2=None lead_gap_t3=None host_gap_t1=64.63 host_gap_t2=64.54 host_gap_t3=64.46 rel_to_lead=None rel_to_host=0.09 lead_lat=None host_lat=3.16 pending=True accepted=False authorized=False committed=False pending_age=2.40 accepted_age=None lane_cmd_state=NONE lane_cmd_target=None
obu-merge-car-1  | [17.6] Merge_Car MCM_TX_REQUEST: manoeuvre=136 target=102
obu-merge-car-1  | [17.6] Merge_Car MCM_PENDING_HOLD_LATE_HOST: host=102 age=0.9 dtm=17.8 lead_gap=None host_gap=64.72 pending_age=2.4 accepted_at=None reason=lost
obu-merge-car-1  | [18.4] Merge_Car MCM_RX_ACCEPT: from=102 manoeuvre=135 target=103
obu-merge-car-1  | [18.5] Merge_Car MCM_RX_ACCEPT: from=102 manoeuvre=135 target=103
obu-merge-car-1  | [18.5] Merge_Car MCM_RX_ACCEPT: from=102 manoeuvre=135 target=103
obu-main-host-1  | [18.2] Main_Host role=host state=CRUISE->CRUISE speed=6.28 target=7.50 neighbors=2
obu-main-host-1  | [18.5] Main_Host MCM_RX_REQUEST: from=103 manoeuvre=136 target=102
obu-main-host-1  | [18.5] Main_Host MCM_RX_REQUEST: from=103 manoeuvre=136 target=102
obu-main-host-1  | [18.5] Main_Host MCM_RX_REQUEST: from=103 manoeuvre=136 target=102
obu-merge-car-1  | MCM_REQUEST_RETRY_DIAG: vehicle=Merge_Car host=102 lead=None manoeuvre=136 retry_count=4 pending_age=3.4 dtm=24.0 own_eta=3.78 host_eta_current=5.284372820998214 host_eta_at_request=8.078541310542567 lead_eta_current=None lead_eta_at_request=None last_response_action=2 last_response_age=0.10000000000000142 host_remote_fsm=CRUISE host_remote_edge=560761994 host_remote_lane=0 host_remote_merge_committed=False host_remote_merge_completed=False host_remote_active_merge_request=False host_remote_active_station_id=None host_remote_active_manoeuvre_id=None host_remote_active_remaining_s=0.0
obu-merge-car-1  | MERGE_SLOT_QUALITY_DIAG: vehicle=Merge_Car event=REQUEST_RETRY t=18.6 manoeuvre=136 source=retry_request lead=None host=102 own_eta=3.78 lead_eta=None host_eta=5.28 min_eta=None max_eta=3.78 desired_eta=3.78 gap_possible=True dtm=24.0 edge=1331698336 lane=0 speed=6.34 lead_speed=None host_speed=5.93 lead_gap=None host_gap=50.27 lead_gap_t1=None lead_gap_t2=None lead_gap_t3=None host_gap_t1=50.27 host_gap_t2=50.27 host_gap_t3=50.27 rel_to_lead=None rel_to_host=-0.41 lead_lat=None host_lat=3.17 pending=True accepted=False authorized=False committed=False pending_age=3.40 accepted_age=None lane_cmd_state=NONE lane_cmd_target=None
obu-merge-car-1  | [18.6] Merge_Car MCM_TX_REQUEST: manoeuvre=136 target=102
obu-merge-car-1  | [18.6] Merge_Car MCM_ACCEPT_WRONG_MANOEUVRE: host=102 got=135 expected=136
obu-merge-car-1  | [18.6] Merge_Car MERGE_DECISION: auth=False phys=True fgok=True lgok=True hgok=True cok=True esok=True cready=True dtm=24.0 past=True committed=False hid=102 ra=None lclear=True hyok=True
obu-merge-car-1  | MERGE_SLOT_QUALITY_DIAG: vehicle=Merge_Car event=LOST_AUTH_AFTER_POINT t=18.6 manoeuvre=136 source=pending_request lead=None host=102 own_eta=3.78 lead_eta=None host_eta=5.28 min_eta=None max_eta=3.78 desired_eta=3.78 gap_possible=True dtm=24.0 edge=1331698336 lane=0 speed=6.34 lead_speed=None host_speed=5.93 lead_gap=None host_gap=50.27 lead_gap_t1=None lead_gap_t2=None lead_gap_t3=None host_gap_t1=50.27 host_gap_t2=50.27 host_gap_t3=50.27 rel_to_lead=None rel_to_host=-0.41 lead_lat=None host_lat=3.17 pending=True accepted=False authorized=False committed=False pending_age=3.40 accepted_age=None lane_cmd_state=NONE lane_cmd_target=None
obu-merge-car-1  | [18.6] Merge_Car MERGE_FAILED_LOST_AUTH_AFTER_POINT: dtm=24.0 past=True hid=102 auth=False
obu-merge-car-1  | [18.6] Merge_Car CAR_FOLLOW: sid=102 edge=1331698336 lane=0 leader_edge= leader_lane=None leader_role_hint=main self_merge_completed=False self_merge_completed_age=-1.0 self_merge_committed=False lane_cmd_state=None lane_cmd_edge=None lane_cmd_target=None lane_cmd_executable=None same_lane=False reason=merge_conflict_eta gap=1.5 follow_spd=4.12 emergency=False target_before=0.5 target_after=6.093658410591521 target_after_raw=4.12
obu-merge-car-1  | [18.6] Merge_Car role=merge state=NEGOTIATING->ABORT speed=6.34 target=6.09 neighbors=2
obu-main-lead-1  | [19.0] Main_Lead role=cruise state=CRUISE->CRUISE speed=7.50 target=7.50 neighbors=2
obu-main-host-1  | HOST_REQUEST_DECISION: host=Main_Host ramp=103 manoeuvre=136 decision=REJECT reason=LATE_GAP ramp_eta=2.06 host_eta=3.00 required_speed=3.03 current_speed=6.81 active_request_ramp=None active_request_remaining=0.0 ramp_remote_edge=1331698336 ramp_remote_lane=0 ramp_remote_fsm=NEGOTIATING
obu-main-host-1  | [19.3] Main_Host MCM_TX_REJECT: manoeuvre=136 target=103
obu-main-host-1  | HOST_LATE_GAP_REJECT: host=Main_Host ramp=103 manoeuvre=136 gap_eta=0.95 min_gap_eta=1.50 own_speed=6.81 required_speed=4.88
obu-main-host-1  | [19.3] Main_Host role=host state=CRUISE->CRUISE speed=6.81 target=7.50 neighbors=2
obu-merge-car-1  | MCM_REQUEST_RETRY_DIAG: vehicle=Merge_Car host=102 lead=None manoeuvre=136 retry_count=5 pending_age=4.2 dtm=29.0 own_eta=4.56 host_eta_current=5.284372820998214 host_eta_at_request=8.078541310542567 lead_eta_current=None lead_eta_at_request=None last_response_action=2 last_response_age=0.8999999999999986 host_remote_fsm=CRUISE host_remote_edge=560761994 host_remote_lane=0 host_remote_merge_committed=False host_remote_merge_completed=False host_remote_active_merge_request=False host_remote_active_station_id=None host_remote_active_manoeuvre_id=None host_remote_active_remaining_s=0.0
obu-merge-car-1  | MERGE_SLOT_QUALITY_DIAG: vehicle=Merge_Car event=REQUEST_RETRY t=19.4 manoeuvre=136 source=retry_request lead=None host=102 own_eta=4.56 lead_eta=None host_eta=5.28 min_eta=None max_eta=3.78 desired_eta=3.78 gap_possible=True dtm=29.0 edge=1331698336 lane=0 speed=6.35 lead_speed=None host_speed=5.93 lead_gap=None host_gap=55.35 lead_gap_t1=None lead_gap_t2=None lead_gap_t3=None host_gap_t1=55.35 host_gap_t2=55.35 host_gap_t3=55.35 rel_to_lead=None rel_to_host=-0.42 lead_lat=None host_lat=3.17 pending=True accepted=False authorized=False committed=False pending_age=4.20 accepted_age=None lane_cmd_state=NONE lane_cmd_target=None
obu-merge-car-1  | [19.4] Merge_Car MCM_TX_REQUEST: manoeuvre=136 target=102
obu-merge-car-1  | [19.4] Merge_Car MCM_ACCEPT_WRONG_MANOEUVRE: host=102 got=135 expected=136
obu-merge-car-1  | [19.4] Merge_Car MCM_TIMEOUT: host=102 giving up
obu-merge-car-1  | [19.4] Merge_Car FINAL_GUARD: REJECTED slot-boundary ETA sid=102
obu-merge-car-1  | [19.4] Merge_Car CAR_FOLLOW: sid=102 edge=1331698336 lane=0 leader_edge= leader_lane=None leader_role_hint=main self_merge_completed=False self_merge_completed_age=-1.0 self_merge_committed=False lane_cmd_state=None lane_cmd_edge=None lane_cmd_target=None lane_cmd_executable=None same_lane=False reason=merge_conflict_eta gap=0.7 follow_spd=4.27 emergency=False target_before=6.530895392136441 target_after=6.100895392136441 target_after_raw=4.27
obu-main-lead-1  | [20.0] Main_Lead role=cruise state=CRUISE->CRUISE speed=7.50 target=7.50 neighbors=0
obu-merge-car-1  | [20.3] Merge_Car role=merge state=NEGOTIATING->YIELDING speed=6.28 target=6.03 neighbors=0
obu-main-host-1  | [21.1] Main_Host role=host state=CRUISE->CRUISE speed=7.22 target=7.50 neighbors=0
obu-merge-car-1  | [21.1] Merge_Car FINAL_GUARD: REJECTED blind merge with main traffic
obu-merge-car-1  | [21.1] Merge_Car MERGE_DECISION: auth=False phys=True fgok=False lgok=True hgok=True cok=True esok=True cready=True dtm=39.5 past=True committed=False hid=None ra=None lclear=True hyok=True
obu-merge-car-1  | MERGE_LOST_AUTH_AFTER_POINT_ROLLING_FLOOR: vehicle=Merge_Car edge=1331698336 lane=0 target_lane=1 dtm=39.5 speed=6.22 target=6.22 floor=3.38 forced=False fgok=False source=no_main_neighbors neighbors=0
obu-merge-car-1  | [21.9] Merge_Car MCM_RX_REJECT: from=102 manoeuvre=136 target=103
obu-main-lead-1  | [21.8] Main_Lead role=cruise state=CRUISE->CRUISE speed=7.50 target=7.50 neighbors=0
obu-main-host-1  | [21.9] Main_Host MCM_RX_REQUEST: from=103 manoeuvre=136 target=102
obu-main-host-1  | [21.9] Main_Host MCM_RX_REQUEST: from=103 manoeuvre=136 target=102
obu-main-host-1  | [21.9] Main_Host MCM_RX_REQUEST: from=103 manoeuvre=136 target=102
obu-merge-car-1  | [22.1] Merge_Car MERGE_LCLEAR_BLOCK: sid=102 gap=7.5 neighbor_age=0.2 from_memory=False dtm=45.7
obu-merge-car-1  | [22.1] Merge_Car MERGE_DECISION: auth=False phys=True fgok=True lgok=True hgok=True cok=True esok=True cready=True dtm=45.7 past=True committed=False hid=None ra=None lclear=False hyok=True
obu-merge-car-1  | MERGE_SLOT_QUALITY_DIAG: vehicle=Merge_Car event=LOST_AUTH_AFTER_POINT t=22.1 manoeuvre=None source=true_after_last_main lead=102 host=None own_eta=7.42 lead_eta=1.09 host_eta=None min_eta=2.59 max_eta=None desired_eta=7.42 gap_possible=True dtm=45.7 edge=1331698336 lane=0 speed=6.16 lead_speed=7.22 host_speed=None lead_gap=48.60 host_gap=None lead_gap_t1=47.54 lead_gap_t2=46.47 lead_gap_t3=45.41 host_gap_t1=None host_gap_t2=None host_gap_t3=None rel_to_lead=1.06 rel_to_host=None lead_lat=3.19 host_lat=None pending=False accepted=False authorized=False committed=False pending_age=None accepted_age=None lane_cmd_state=NONE lane_cmd_target=None
obu-merge-car-1  | [22.1] Merge_Car MERGE_FAILED_LOST_AUTH_AFTER_POINT: dtm=45.7 past=True hid=None auth=False
obu-merge-car-1  | [22.1] Merge_Car role=merge state=NEGOTIATING->ABORT speed=6.16 target=0.50 neighbors=2
obu-main-host-1  | HOST_REQUEST_DECISION: host=Main_Host ramp=103 manoeuvre=136 decision=REJECT reason=DISTANCE ramp_eta=4.83 host_eta=0.68 required_speed=0.53 current_speed=7.38 active_request_ramp=None active_request_remaining=0.0 ramp_remote_edge=1331698336 ramp_remote_lane=0 ramp_remote_fsm=NEGOTIATING
obu-main-host-1  | [22.8] Main_Host MCM_TX_REJECT: manoeuvre=136 target=103
obu-main-host-1  | [22.8] Main_Host role=host state=CRUISE->CRUISE speed=7.38 target=7.50 neighbors=2
obu-main-lead-1  | [23.6] Main_Lead role=cruise state=CRUISE->CRUISE speed=7.50 target=7.50 neighbors=0
obu-merge-car-1  | [23.8] Merge_Car FINAL_GUARD: REJECTED blind merge with main traffic
obu-merge-car-1  | [23.8] Merge_Car role=merge state=ABORT->ABORT speed=4.67 target=4.42 neighbors=0
obu-main-host-1  | [24.6] Main_Host role=cruise state=CRUISE->CRUISE speed=7.45 target=7.50 neighbors=0
obu-merge-car-1  | [24.7] Merge_Car FINAL_GUARD: REJECTED blind merge with main traffic
obu-merge-car-1  | [25.4] Merge_Car MCM_RX_REJECT: from=102 manoeuvre=136 target=103
obu-main-lead-1  | [25.2] Main_Lead role=cruise state=CRUISE->CRUISE speed=7.50 target=7.50 neighbors=0
obu-merge-car-1  | [25.6] Merge_Car MERGE_LCLEAR_BLOCK: sid=102 gap=4.9 neighbor_age=0.2 from_memory=False dtm=63.5
obu-merge-car-1  | [25.6] Merge_Car MERGE_DECISION: auth=False phys=True fgok=True lgok=True hgok=True cok=True esok=True cready=True dtm=63.5 past=True committed=False hid=None ra=None lclear=False hyok=True
obu-merge-car-1  | MERGE_SLOT_QUALITY_DIAG: vehicle=Merge_Car event=LOST_AUTH_AFTER_POINT t=25.6 manoeuvre=None source=true_after_last_main lead=102 host=None own_eta=16.68 lead_eta=0.72 host_eta=None min_eta=2.22 max_eta=None desired_eta=16.68 gap_possible=True dtm=63.5 edge=1331698336 lane=0 speed=3.81 lead_speed=7.00 host_speed=None lead_gap=54.07 host_gap=None lead_gap_t1=50.88 lead_gap_t2=47.69 lead_gap_t3=44.50 host_gap_t1=None host_gap_t2=None host_gap_t3=None rel_to_lead=3.19 rel_to_host=None lead_lat=3.19 host_lat=None pending=False accepted=False authorized=False committed=False pending_age=None accepted_age=None lane_cmd_state=NONE lane_cmd_target=None
obu-merge-car-1  | [25.6] Merge_Car MERGE_FAILED_LOST_AUTH_AFTER_POINT: dtm=63.5 past=True hid=None auth=False
obu-merge-car-1  | [25.6] Merge_Car role=merge state=ABORT->ABORT speed=3.81 target=0.50 neighbors=2
obu-main-lead-1  | [26.2] Main_Lead role=cruise state=CRUISE->CRUISE speed=7.50 target=7.50 neighbors=2
obu-main-host-1  | [26.1] Main_Host role=cruise state=CRUISE->CRUISE speed=7.48 target=7.50 neighbors=2
obu-merge-car-1  | [27.3] Merge_Car FINAL_GUARD: REJECTED blind merge with main traffic
obu-merge-car-1  | [27.3] Merge_Car role=merge state=ABORT->ABORT speed=0.00 target=3.38 neighbors=0
obu-main-lead-1  | [27.7] Main_Lead role=cruise state=CRUISE->CRUISE speed=7.50 target=7.50 neighbors=0
obu-main-host-1  | [27.9] Main_Host role=cruise state=CRUISE->CRUISE speed=7.49 target=7.50 neighbors=0
obu-merge-car-1  | [28.2] Merge_Car FINAL_GUARD: REJECTED blind merge with main traffic
obu-main-host-1  | [29.0] Main_Host role=cruise state=CRUISE->CRUISE speed=7.50 target=7.50 neighbors=2
obu-merge-car-1  | [29.0] Merge_Car FINAL_GUARD: REJECTED blind merge with main traffic
obu-merge-car-1  | [29.0] Merge_Car MERGE_DECISION: auth=False phys=True fgok=False lgok=True hgok=True cok=True esok=True cready=True dtm=65.0 past=True committed=False hid=None ra=None lclear=True hyok=True
obu-merge-car-1  | [29.0] Merge_Car role=merge state=ABORT->NEGOTIATING speed=0.00 target=3.38 neighbors=2
obu-main-lead-1  | [29.6] Main_Lead role=cruise state=CRUISE->CRUISE speed=7.50 target=7.50 neighbors=2
obu-merge-car-1  | [29.8] Merge_Car FINAL_GUARD: REJECTED blind merge with main traffic
obu-merge-car-1  | [29.8] Merge_Car MERGE_DECISION: auth=False phys=True fgok=False lgok=True hgok=True cok=True esok=True cready=True dtm=65.0 past=True committed=False hid=None ra=None lclear=True hyok=True
obu-main-host-1  | [30.5] Main_Host role=cruise state=CRUISE->CRUISE speed=7.50 target=7.50 neighbors=0
obu-merge-car-1  | [30.7] Merge_Car FINAL_GUARD: REJECTED blind merge with main traffic
obu-merge-car-1  | [30.7] Merge_Car MERGE_DECISION: auth=False phys=True fgok=False lgok=True hgok=True cok=True esok=True cready=True dtm=65.0 past=True committed=False hid=None ra=None lclear=True hyok=True
obu-merge-car-1  | [30.7] Merge_Car role=merge state=NEGOTIATING->NEGOTIATING speed=0.00 target=3.38 neighbors=0
obu-main-lead-1  | [31.3] Main_Lead role=cruise state=CRUISE->CRUISE speed=7.50 target=7.50 neighbors=0
obu-merge-car-1  | [31.8] Merge_Car FINAL_GUARD: REJECTED blind merge with main traffic
obu-merge-car-1  | [31.8] Merge_Car MERGE_DECISION: auth=False phys=True fgok=False lgok=True hgok=True cok=True esok=True cready=True dtm=65.0 past=True committed=False hid=None ra=None lclear=True hyok=True
obu-merge-car-1  | [31.8] Merge_Car role=merge state=NEGOTIATING->NEGOTIATING speed=0.00 target=3.38 neighbors=0
obu-main-host-1  | [32.3] Main_Host role=cruise state=CRUISE->CRUISE speed=7.50 target=7.50 neighbors=2
obu-merge-car-1  | [32.4] Merge_Car STOPPED_TOO_LONG: host None
obu-merge-car-1  | [32.4] Merge_Car FINAL_GUARD: REJECTED sid=102 gap=4.0 ttc_danger=True
obu-merge-car-1  | [32.4] Merge_Car MERGE_DECISION: auth=False phys=True fgok=False lgok=True hgok=True cok=True esok=True cready=True dtm=65.0 past=True committed=False hid=None ra=None lclear=True hyok=True
obu-main-lead-1  | [33.0] Main_Lead role=cruise state=CRUISE->CRUISE speed=7.50 target=7.50 neighbors=2
obu-merge-car-1  | [33.3] Merge_Car FINAL_GUARD: REJECTED blind merge with main traffic
obu-merge-car-1  | [33.3] Merge_Car MERGE_DECISION: auth=False phys=True fgok=False lgok=True hgok=True cok=True esok=True cready=True dtm=65.0 past=True committed=False hid=None ra=None lclear=True hyok=True
obu-merge-car-1  | [33.3] Merge_Car role=merge state=NEGOTIATING->NEGOTIATING speed=0.00 target=3.38 neighbors=0
obu-main-host-1  | [33.8] Main_Host role=cruise state=CRUISE->CRUISE speed=7.50 target=7.50 neighbors=0
obu-merge-car-1  | [34.1] Merge_Car FINAL_GUARD: REJECTED blind merge with main traffic
obu-merge-car-1  | [34.1] Merge_Car MERGE_DECISION: auth=False phys=True fgok=False lgok=True hgok=True cok=True esok=True cready=True dtm=65.0 past=True committed=False hid=None ra=None lclear=True hyok=True
obu-main-lead-1  | [34.5] Main_Lead role=cruise state=CRUISE->CRUISE speed=7.50 target=7.50 neighbors=0
obu-merge-car-1  | [35.2] Merge_Car FINAL_GUARD: REJECTED blind merge with main traffic
obu-merge-car-1  | [35.2] Merge_Car MERGE_DECISION: auth=False phys=True fgok=False lgok=True hgok=True cok=True esok=True cready=True dtm=65.0 past=True committed=False hid=None ra=None lclear=True hyok=True
obu-merge-car-1  | [35.2] Merge_Car role=merge state=NEGOTIATING->NEGOTIATING speed=0.00 target=3.38 neighbors=0
obu-main-lead-1  | [35.6] Main_Lead role=cruise state=CRUISE->CRUISE speed=7.50 target=7.50 neighbors=0
obu-main-host-1  | [35.8] Main_Host role=cruise state=CRUISE->CRUISE speed=7.50 target=7.50 neighbors=2
obu-merge-car-1  | [36.0] Merge_Car STOPPED_TOO_LONG: host None
obu-merge-car-1  | [36.0] Merge_Car FINAL_GUARD: REJECTED blind merge with main traffic
obu-merge-car-1  | [36.0] Merge_Car MERGE_DECISION: auth=False phys=True fgok=False lgok=True hgok=True cok=True esok=True cready=True dtm=65.0 past=True committed=False hid=None ra=None lclear=True hyok=True
obu-merge-car-1  | [36.9] Merge_Car FINAL_GUARD: REJECTED blind merge with main traffic
obu-merge-car-1  | [36.9] Merge_Car MERGE_DECISION: auth=False phys=True fgok=False lgok=True hgok=True cok=True esok=True cready=True dtm=65.0 past=True committed=False hid=None ra=None lclear=True hyok=True
obu-merge-car-1  | [36.9] Merge_Car role=merge state=NEGOTIATING->NEGOTIATING speed=0.00 target=3.38 neighbors=0
obu-main-lead-1  | [37.3] Main_Lead role=cruise state=CRUISE->CRUISE speed=7.50 target=7.50 neighbors=0
obu-main-host-1  | [37.3] Main_Host role=cruise state=CRUISE->CRUISE speed=7.50 target=7.50 neighbors=0
obu-merge-car-1  | [37.5] Merge_Car FINAL_GUARD: REJECTED blind merge with main traffic
obu-merge-car-1  | [37.5] Merge_Car MERGE_DECISION: auth=False phys=True fgok=False lgok=True hgok=True cok=True esok=True cready=True dtm=65.0 past=True committed=False hid=None ra=None lclear=True hyok=True
obu-merge-car-1  | [38.6] Merge_Car FINAL_GUARD: REJECTED blind merge with main traffic
obu-merge-car-1  | [38.6] Merge_Car MERGE_DECISION: auth=False phys=True fgok=False lgok=True hgok=True cok=True esok=True cready=True dtm=65.0 past=True committed=False hid=None ra=None lclear=True hyok=True
obu-merge-car-1  | [38.6] Merge_Car role=merge state=NEGOTIATING->NEGOTIATING speed=0.00 target=3.38 neighbors=0
obu-main-lead-1  | [38.7] Main_Lead role=cruise state=CRUISE->CRUISE speed=7.50 target=7.50 neighbors=0
obu-main-host-1  | [39.0] Main_Host role=cruise state=CRUISE->CRUISE speed=7.50 target=7.50 neighbors=2
obu-merge-car-1  | [39.4] Merge_Car STOPPED_TOO_LONG: host None
obu-merge-car-1  | [39.4] Merge_Car FINAL_GUARD: REJECTED blind merge with main traffic
obu-merge-car-1  | [39.4] Merge_Car MERGE_DECISION: auth=False phys=True fgok=False lgok=True hgok=True cok=True esok=True cready=True dtm=65.0 past=True committed=False hid=None ra=None lclear=True hyok=True
obu-merge-car-1  | [40.3] Merge_Car FINAL_GUARD: REJECTED blind merge with main traffic
obu-merge-car-1  | [40.3] Merge_Car MERGE_DECISION: auth=False phys=True fgok=False lgok=True hgok=True cok=True esok=True cready=True dtm=65.0 past=True committed=False hid=None ra=None lclear=True hyok=True
obu-merge-car-1  | [40.3] Merge_Car role=merge state=NEGOTIATING->NEGOTIATING speed=0.00 target=3.38 neighbors=0
obu-main-lead-1  | [40.5] Main_Lead role=cruise state=CRUISE->CRUISE speed=7.50 target=7.50 neighbors=0
obu-main-host-1  | [40.6] Main_Host role=cruise state=CRUISE->CRUISE speed=7.50 target=7.50 neighbors=0
obu-merge-car-1  | [41.1] Merge_Car FINAL_GUARD: REJECTED blind merge with main traffic
obu-merge-car-1  | [41.1] Merge_Car MERGE_DECISION: auth=False phys=True fgok=False lgok=True hgok=True cok=True esok=True cready=True dtm=65.0 past=True committed=False hid=None ra=None lclear=True hyok=True
obu-merge-car-1  | [42.0] Merge_Car FINAL_GUARD: REJECTED blind merge with main traffic
obu-merge-car-1  | [42.0] Merge_Car MERGE_DECISION: auth=False phys=True fgok=False lgok=True hgok=True cok=True esok=True cready=True dtm=65.0 past=True committed=False hid=None ra=None lclear=True hyok=True
obu-merge-car-1  | [42.0] Merge_Car role=merge state=NEGOTIATING->NEGOTIATING speed=0.00 target=3.38 neighbors=0
obu-main-lead-1  | [42.1] Main_Lead role=cruise state=CRUISE->CRUISE speed=7.50 target=7.50 neighbors=0
obu-main-host-1  | [42.4] Main_Host role=cruise state=CRUISE->CRUISE speed=7.50 target=7.50 neighbors=2
obu-merge-car-1  | [42.7] Merge_Car STOPPED_TOO_LONG: host None
obu-merge-car-1  | [42.7] Merge_Car FINAL_GUARD: REJECTED blind merge with main traffic
obu-merge-car-1  | [42.7] Merge_Car MERGE_DECISION: auth=False phys=True fgok=False lgok=True hgok=True cok=True esok=True cready=True dtm=65.0 past=True committed=False hid=None ra=None lclear=True hyok=True
obu-merge-car-1  | [43.6] Merge_Car FINAL_GUARD: REJECTED blind merge with main traffic
obu-merge-car-1  | [43.6] Merge_Car MERGE_DECISION: auth=False phys=True fgok=False lgok=True hgok=True cok=True esok=True cready=True dtm=65.0 past=True committed=False hid=None ra=None lclear=True hyok=True
obu-merge-car-1  | [43.6] Merge_Car role=merge state=NEGOTIATING->NEGOTIATING speed=0.00 target=3.38 neighbors=0
obu-main-lead-1  | [43.7] Main_Lead role=cruise state=CRUISE->CRUISE speed=7.50 target=7.50 neighbors=0
obu-main-host-1  | [43.9] Main_Host role=cruise state=CRUISE->CRUISE speed=7.50 target=7.50 neighbors=0
obu-merge-car-1  | [44.3] Merge_Car FINAL_GUARD: REJECTED blind merge with main traffic
obu-merge-car-1  | [44.3] Merge_Car MERGE_DECISION: auth=False phys=True fgok=False lgok=True hgok=True cok=True esok=True cready=True dtm=65.0 past=True committed=False hid=None ra=None lclear=True hyok=True
obu-merge-car-1  | [45.0] Merge_Car FINAL_GUARD: REJECTED blind merge with main traffic
obu-merge-car-1  | [45.0] Merge_Car MERGE_DECISION: auth=False phys=True fgok=False lgok=True hgok=True cok=True esok=True cready=True dtm=65.0 past=True committed=False hid=None ra=None lclear=True hyok=True
obu-merge-car-1  | [45.0] Merge_Car role=merge state=NEGOTIATING->NEGOTIATING speed=0.00 target=3.38 neighbors=0
obu-main-lead-1  | [45.4] Main_Lead role=cruise state=CRUISE->CRUISE speed=7.50 target=7.50 neighbors=0
obu-main-host-1  | [45.6] Main_Host role=cruise state=CRUISE->CRUISE speed=7.50 target=7.50 neighbors=2
obu-merge-car-1  | [45.8] Merge_Car STOPPED_TOO_LONG: host None
obu-merge-car-1  | [45.8] Merge_Car FINAL_GUARD: REJECTED blind merge with main traffic
obu-merge-car-1  | [45.8] Merge_Car MERGE_DECISION: auth=False phys=True fgok=False lgok=True hgok=True cok=True esok=True cready=True dtm=65.0 past=True committed=False hid=None ra=None lclear=True hyok=True
obu-merge-car-1  | [46.8] Merge_Car FINAL_GUARD: REJECTED blind merge with main traffic
obu-merge-car-1  | [46.8] Merge_Car MERGE_DECISION: auth=False phys=True fgok=False lgok=True hgok=True cok=True esok=True cready=True dtm=65.0 past=True committed=False hid=None ra=None lclear=True hyok=True
obu-merge-car-1  | [46.8] Merge_Car role=merge state=NEGOTIATING->NEGOTIATING speed=0.00 target=3.38 neighbors=0
obu-main-lead-1  | [47.0] Main_Lead role=cruise state=CRUISE->CRUISE speed=7.50 target=7.50 neighbors=0
obu-main-host-1  | [47.2] Main_Host role=cruise state=CRUISE->CRUISE speed=7.50 target=7.50 neighbors=0
obu-merge-car-1  | [47.5] Merge_Car FINAL_GUARD: REJECTED blind merge with main traffic
obu-merge-car-1  | [47.5] Merge_Car MERGE_DECISION: auth=False phys=True fgok=False lgok=True hgok=True cok=True esok=True cready=True dtm=65.0 past=True committed=False hid=None ra=None lclear=True hyok=True
obu-merge-car-1  | [48.4] Merge_Car FINAL_GUARD: REJECTED blind merge with main traffic
obu-merge-car-1  | [48.4] Merge_Car MERGE_DECISION: auth=False phys=True fgok=False lgok=True hgok=True cok=True esok=True cready=True dtm=65.0 past=True committed=False hid=None ra=None lclear=True hyok=True
obu-merge-car-1  | [48.4] Merge_Car role=merge state=NEGOTIATING->NEGOTIATING speed=0.00 target=3.38 neighbors=0
obu-main-lead-1  | [48.5] Main_Lead role=cruise state=CRUISE->CRUISE speed=7.50 target=7.50 neighbors=0
obu-main-host-1  | [49.1] Main_Host role=cruise state=CRUISE->CRUISE speed=7.50 target=7.50 neighbors=2
obu-merge-car-1  | [49.3] Merge_Car STOPPED_TOO_LONG: host None
obu-merge-car-1  | [49.3] Merge_Car FINAL_GUARD: REJECTED blind merge with main traffic
obu-merge-car-1  | [49.3] Merge_Car MERGE_DECISION: auth=False phys=True fgok=False lgok=True hgok=True cok=True esok=True cready=True dtm=65.0 past=True committed=False hid=None ra=None lclear=True hyok=True
obu-main-lead-1  | [49.7] Main_Lead role=cruise state=CRUISE->CRUISE speed=7.50 target=7.50 neighbors=2
obu-merge-car-1  | [50.2] Merge_Car FINAL_GUARD: REJECTED blind merge with main traffic
obu-merge-car-1  | [50.2] Merge_Car MERGE_DECISION: auth=False phys=True fgok=False lgok=True hgok=True cok=True esok=True cready=True dtm=65.0 past=True committed=False hid=None ra=None lclear=True hyok=True
obu-merge-car-1  | [50.2] Merge_Car role=merge state=NEGOTIATING->NEGOTIATING speed=0.00 target=3.38 neighbors=0
obu-main-host-1  | [50.5] Main_Host role=cruise state=CRUISE->CRUISE speed=7.50 target=7.50 neighbors=0
obu-merge-car-1  | [51.1] Merge_Car FINAL_GUARD: REJECTED blind merge with main traffic
obu-merge-car-1  | [51.1] Merge_Car MERGE_DECISION: auth=False phys=True fgok=False lgok=True hgok=True cok=True esok=True cready=True dtm=65.0 past=True committed=False hid=None ra=None lclear=True hyok=True
obu-main-lead-1  | [51.1] Main_Lead role=cruise state=CRUISE->CRUISE speed=7.50 target=7.50 neighbors=0
obu-merge-car-1  | [51.7] Merge_Car FINAL_GUARD: REJECTED blind merge with main traffic
obu-merge-car-1  | [51.7] Merge_Car MERGE_DECISION: auth=False phys=True fgok=False lgok=True hgok=True cok=True esok=True cready=True dtm=65.0 past=True committed=False hid=None ra=None lclear=True hyok=True
obu-merge-car-1  | [51.7] Merge_Car role=merge state=NEGOTIATING->NEGOTIATING speed=0.00 target=3.38 neighbors=0
obu-main-host-1  | [52.4] Main_Host role=cruise state=CRUISE->CRUISE speed=7.50 target=7.50 neighbors=2
obu-merge-car-1  | [52.8] Merge_Car STOPPED_TOO_LONG: host None
obu-merge-car-1  | [52.8] Merge_Car FINAL_GUARD: REJECTED blind merge with main traffic
obu-merge-car-1  | [52.8] Merge_Car MERGE_DECISION: auth=False phys=True fgok=False lgok=True hgok=True cok=True esok=True cready=True dtm=65.0 past=True committed=False hid=None ra=None lclear=True hyok=True
obu-merge-car-1  | [52.8] Merge_Car role=merge state=NEGOTIATING->NEGOTIATING speed=0.00 target=3.38 neighbors=2
obu-main-lead-1  | [52.9] Main_Lead role=cruise state=CRUISE->CRUISE speed=7.50 target=7.50 neighbors=2
obu-merge-car-1  | MERGE_LEAD_ONLY_START_SPEED_FLOOR: vehicle=Merge_Car lead=None dtm=65.0 speed=0.00 target=4.50 source=no_main_neighbors
obu-merge-car-1  | MERGE_ATTEMPT_TIMELINE: vehicle=Merge_Car manoeuvre=136 host=None lead=None event=AUTHORIZED t=53.4 edge=1331698336 lane=0 lane_cmd_state=NONE speed=0.00 target=4.50 dtm=65.0 lead_gap= host_gap= lead_gap_t1= lead_gap_t2= lead_gap_t3= host_gap_t1= host_gap_t2= host_gap_t3=
obu-merge-car-1  | MERGE_AUTHORIZED_LEAD_ONLY_AFTER_LAST_MAIN: vehicle=Merge_Car lead=None dtm=65.0 lead_gap=None lead_gap_t1=None lead_gap_t2=None source=no_main_neighbors
obu-merge-car-1  | [53.4] Merge_Car MERGE_DECISION: auth=True phys=True fgok=True lgok=True hgok=True cok=True esok=True cready=True dtm=65.0 past=True committed=False hid=None ra=None lclear=True hyok=True
obu-merge-car-1  | [53.4] Merge_Car MERGE_PREPARE_WAIT_LANE_AVAILABLE: edge=None lane=None target_lane=None lane_count=None executable=None dtm=65.0 speed=0.00 host=None lead=None
obu-main-host-1  | [53.9] Main_Host role=cruise state=CRUISE->CRUISE speed=7.50 target=7.50 neighbors=0
obu-merge-car-1  | [54.6] Merge_Car MERGE_PREPARE_WAIT_LANE_AVAILABLE: edge=None lane=None target_lane=None lane_count=None executable=None dtm=65.0 speed=0.00 host=None lead=None
obu-merge-car-1  | [54.6] Merge_Car role=merge state=NEGOTIATING->NEGOTIATING speed=0.00 target=6.75 neighbors=0
obu-merge-car-1  | [54.7] Merge_Car MERGE_LANE_APPLY_CONFIRMED: edge=1331698336 lane=0 target_lane=1 lane_count=3 executable=True
obu-merge-car-1  | MERGE_ATTEMPT_TIMELINE: vehicle=Merge_Car manoeuvre=136 host=None lead=None event=CLEAR t=54.8 edge=1331698336 lane=1 lane_cmd_state=CLEAR speed=0.00 target=4.50 dtm=64.8 lead_gap= host_gap= lead_gap_t1= lead_gap_t2= lead_gap_t3= host_gap_t1= host_gap_t2= host_gap_t3=
obu-merge-car-1  | [54.8] Merge_Car MERGE_LANE_CLEAR_CONFIRMED: edge=1331698336 lane=1 target_lane=1 lane_count=3 executable=False
obu-main-lead-1  | [54.5] Main_Lead role=cruise state=CRUISE->CRUISE speed=7.50 target=7.50 neighbors=0
obu-merge-car-1  | [55.2] Merge_Car MERGE_PHYSICAL_START_DELAYED_UNTIL_LANE_APPLY: waited_s=1.8 edge=1331698336 lane=1 target_lane=1 lane_count=3 lane_cmd_state=CLEAR executable=False dtm=65.0 speed=0.84 reason=already_clear
obu-merge-car-1  | [55.2] Merge_Car MERGE_START_GAP_DIAG: event=already_clear lead=None host=None lead_eta=None own_eta=77.38316507030453 host_eta=None lead_gap=None host_gap=None lead_gap_p1=None lead_gap_p2=None lead_gap_p3=None host_gap_p1=None host_gap_p2=None host_gap_p3=None rel_to_lead=None rel_to_host=None lead_lat=None host_lat=None edge=:1487416310_0 lane=0 lane_cmd_state=CLEAR lane_cmd_edge=1331698336 lane_cmd_target=1 lane_cmd_executable=False dtm=65.0 speed=0.84
obu-merge-car-1  | MERGE_ATTEMPT_TIMELINE: vehicle=Merge_Car manoeuvre=136 host=None lead=None event=PHYSICAL_START t=55.2 edge=:1487416310_0 lane=0 lane_cmd_state=CLEAR speed=0.84 target=6.75 dtm=65.0 lead_gap= host_gap= lead_gap_t1= lead_gap_t2= lead_gap_t3= host_gap_t1= host_gap_t2= host_gap_t3=
obu-merge-car-1  | [55.2] Merge_Car MERGE_PHYSICAL_START: host=None manoeuvre=0
obu-merge-car-1  | [55.2] Merge_Car MERGING!
obu-merge-car-1  | [55.4] Merge_Car MERGE_LANE_APPLY_CONFIRMED: edge=:1487416310_0 lane=0 target_lane=1 lane_count=2 executable=False
obu-main-lead-1  | [55.5] Main_Lead role=cruise state=CRUISE->CRUISE speed=7.50 target=7.50 neighbors=0
obu-main-host-1  | [55.7] Main_Host role=cruise state=CRUISE->CRUISE speed=7.50 target=7.50 neighbors=2
obu-merge-car-1  | [55.9] Merge_Car role=merge state=MERGING->MERGING speed=2.31 target=2.49 neighbors=2
obu-main-lead-1  | [56.9] Main_Lead role=cruise state=CRUISE->CRUISE speed=7.50 target=7.50 neighbors=0
obu-main-host-1  | [56.9] Main_Host role=cruise state=CRUISE->CRUISE speed=7.50 target=7.50 neighbors=0
obu-merge-car-1  | [57.4] Merge_Car role=merge state=MERGING->MERGING speed=2.29 target=2.47 neighbors=0
obu-merge-car-1  | [58.7] Merge_Car MERGE_LANE_CLEAR_CONFIRMED: edge=135424828 lane=1 target_lane=1 lane_count=2 executable=False
obu-main-lead-1  | [58.2] Main_Lead role=cruise state=CRUISE->CRUISE speed=7.50 target=7.50 neighbors=2
obu-main-host-1  | [58.3] Main_Host role=cruise state=CRUISE->CRUISE speed=7.50 target=7.50 neighbors=2
obu-merge-car-1  | MERGE_ATTEMPT_TIMELINE: vehicle=Merge_Car manoeuvre=136 host=None lead=None event=COMPLETED t=58.7 edge=135424828 lane=1 lane_cmd_state=CLEAR speed=2.41 target=4.50 dtm=72.9 lead_gap= host_gap= lead_gap_t1= lead_gap_t2= lead_gap_t3= host_gap_t1= host_gap_t2= host_gap_t3=
obu-merge-car-1  | [58.7] Merge_Car MERGE_COMPLETED: eid=135424828 lane=1 clean=False
obu-merge-car-1  | [58.7] Merge_Car role=cruise state=CRUISE->CRUISE speed=2.41 target=7.50 neighbors=2
obu-main-lead-1  | [59.5] Main_Lead role=cruise state=CRUISE->CRUISE speed=7.50 target=7.50 neighbors=0
obu-main-host-1  | [59.7] Main_Host role=cruise state=CRUISE->CRUISE speed=7.50 target=7.50 neighbors=0
obu-merge-car-1  | [60.5] Merge_Car role=cruise state=CRUISE->CRUISE speed=4.24 target=7.50 neighbors=0
obu-main-host-1  | [61.1] Main_Host role=cruise state=CRUISE->CRUISE speed=7.50 target=7.50 neighbors=0
obu-merge-car-1  | [62.0] Merge_Car role=cruise state=CRUISE->CRUISE speed=5.99 target=7.50 neighbors=0
obu-main-host-1  | [62.4] Main_Host role=cruise state=CRUISE->CRUISE speed=7.50 target=7.50 neighbors=2
obu-main-host-1  | [63.8] Main_Host role=cruise state=CRUISE->CRUISE speed=7.50 target=7.50 neighbors=0
obu-merge-car-1  | [64.1] Merge_Car role=cruise state=CRUISE->CRUISE speed=6.99 target=7.50 neighbors=0
obu-main-host-1  | [64.8] Main_Host role=cruise state=CRUISE->CRUISE speed=7.50 target=7.50 neighbors=0
obu-merge-car-1  | [65.3] Merge_Car role=cruise state=CRUISE->CRUISE speed=7.22 target=7.50 neighbors=0
obu-main-host-1  | [66.3] Main_Host role=cruise state=CRUISE->CRUISE speed=7.50 target=7.50 neighbors=0
obu-merge-car-1  | [66.9] Merge_Car role=cruise state=CRUISE->CRUISE speed=7.38 target=7.50 neighbors=0
obu-main-host-1  | [67.6] Main_Host role=cruise state=CRUISE->CRUISE speed=7.50 target=7.50 neighbors=1
obu-main-host-1  | [68.6] Main_Host role=cruise state=CRUISE->CRUISE speed=7.50 target=7.50 neighbors=0
obu-merge-car-1  | [69.6] Merge_Car role=cruise state=CRUISE->CRUISE speed=7.47 target=7.50 neighbors=0
obu-main-host-1  | [69.9] Main_Host role=cruise state=CRUISE->CRUISE speed=7.50 target=7.50 neighbors=0
traci-bridge-1   | Step #0.00 (0ms ?*RT. ?UPS, TraCI: 1ms, vehicles TOT 3 ACT 3 BUF 0)                       Step #10.00 (0ms ?*RT. ?UPS, TraCI: 1ms, vehicles TOT 3 ACT 3 BUF 0)                      Step #20.00 (0ms ?*RT. ?UPS, TraCI: 1ms, vehicles TOT 3 ACT 3 BUF 0)                      Step #30.00 (0ms ?*RT. ?UPS, TraCI: 1ms, vehicles TOT 3 ACT 3 BUF 0)                      Step #40.00 (0ms ?*RT. ?UPS, TraCI: 1ms, vehicles TOT 3 ACT 3 BUF 0)                      Step #50.00 (0ms ?*RT. ?UPS, TraCI: 1ms, vehicles TOT 3 ACT 3 BUF 0)                      Step #60.00 (0ms ?*RT. ?UPS, TraCI: 1ms, vehicles TOT 3 ACT 2 BUF 0)                      Step #70.00 (0ms ?*RT. ?UPS, TraCI: 1ms, vehicles TOT 3 ACT 2 BUF 0)                      
traci-bridge-1   |  Retrying in 1 seconds
traci-bridge-1   | LANE_CMD_STATE veh=Merge_Car edge=1331698336 lane=0 target=1 lane_count=3 recently=False speed=0.00
traci-bridge-1   | LANE_CMD_APPLY veh=Merge_Car edge=1331698336 from_lane=0 target=1 duration=2.00 mode=256 speed=0.00
traci-bridge-1   | LANE_CMD_STATE veh=Merge_Car edge=1331698336 lane=1 target=1 lane_count=3 recently=True speed=0.00
traci-bridge-1   | LANE_CMD_CLEAR veh=Merge_Car edge=1331698336 target=1
traci-bridge-1   | LANE_CMD_STATE veh=Merge_Car edge=:1487416310_0 lane=0 target=1 lane_count=2 recently=False speed=1.26
traci-bridge-1   | LANE_CMD_APPLY veh=Merge_Car edge=:1487416310_0 from_lane=0 target=1 duration=2.00 mode=256 speed=1.26
traci-bridge-1   | LANE_CMD_STATE veh=Merge_Car edge=:1487416310_0 lane=1 target=1 lane_count=2 recently=True speed=1.47
traci-bridge-1   | LANE_CMD_HOLD_INTERNAL veh=Merge_Car edge=:1487416310_0 target=1
traci-bridge-1   | LANE_CMD_STATE veh=Merge_Car edge=:1487416310_0 lane=1 target=1 lane_count=2 recently=True speed=1.68
traci-bridge-1   | LANE_CMD_HOLD_INTERNAL veh=Merge_Car edge=:1487416310_0 target=1
traci-bridge-1   | LANE_CMD_STATE veh=Merge_Car edge=:1487416310_0 lane=1 target=1 lane_count=2 recently=True speed=1.89
traci-bridge-1   | LANE_CMD_HOLD_INTERNAL veh=Merge_Car edge=:1487416310_0 target=1
traci-bridge-1   | LANE_CMD_STATE veh=Merge_Car edge=:1487416310_0 lane=1 target=1 lane_count=2 recently=True speed=2.10
traci-bridge-1   | LANE_CMD_HOLD_INTERNAL veh=Merge_Car edge=:1487416310_0 target=1
traci-bridge-1   | LANE_CMD_STATE veh=Merge_Car edge=:1487416310_0 lane=1 target=1 lane_count=2 recently=True speed=2.31
traci-bridge-1   | LANE_CMD_HOLD_INTERNAL veh=Merge_Car edge=:1487416310_0 target=1
traci-bridge-1   | LANE_CMD_STATE veh=Merge_Car edge=:1487416310_0 lane=1 target=1 lane_count=2 recently=True speed=2.52
traci-bridge-1   | LANE_CMD_HOLD_INTERNAL veh=Merge_Car edge=:1487416310_0 target=1
traci-bridge-1   | LANE_CMD_STATE veh=Merge_Car edge=:1487416310_0 lane=1 target=1 lane_count=2 recently=True speed=2.73
traci-bridge-1   | LANE_CMD_HOLD_INTERNAL veh=Merge_Car edge=:1487416310_0 target=1
traci-bridge-1   | LANE_CMD_STATE veh=Merge_Car edge=:1487416310_0 lane=1 target=1 lane_count=2 recently=True speed=2.64
traci-bridge-1   | LANE_CMD_HOLD_INTERNAL veh=Merge_Car edge=:1487416310_0 target=1
traci-bridge-1   | LANE_CMD_STATE veh=Merge_Car edge=:1487416310_0 lane=1 target=1 lane_count=2 recently=True speed=2.56
traci-bridge-1   | LANE_CMD_HOLD_INTERNAL veh=Merge_Car edge=:1487416310_0 target=1
traci-bridge-1   | LANE_CMD_STATE veh=Merge_Car edge=:1487416310_0 lane=1 target=1 lane_count=2 recently=True speed=2.49
traci-bridge-1   | LANE_CMD_HOLD_INTERNAL veh=Merge_Car edge=:1487416310_0 target=1
traci-bridge-1   | LANE_CMD_STATE veh=Merge_Car edge=:1487416310_0 lane=1 target=1 lane_count=2 recently=True speed=2.41
traci-bridge-1   | LANE_CMD_HOLD_INTERNAL veh=Merge_Car edge=:1487416310_0 target=1
traci-bridge-1   | LANE_CMD_STATE veh=Merge_Car edge=:1487416310_0 lane=1 target=1 lane_count=2 recently=True speed=2.34
traci-bridge-1   | LANE_CMD_HOLD_INTERNAL veh=Merge_Car edge=:1487416310_0 target=1
traci-bridge-1   | LANE_CMD_STATE veh=Merge_Car edge=:1487416310_0 lane=1 target=1 lane_count=2 recently=True speed=2.28
traci-bridge-1   | LANE_CMD_HOLD_INTERNAL veh=Merge_Car edge=:1487416310_0 target=1
traci-bridge-1   | LANE_CMD_STATE veh=Merge_Car edge=:1487416310_0 lane=1 target=1 lane_count=2 recently=True speed=2.21
traci-bridge-1   | LANE_CMD_HOLD_INTERNAL veh=Merge_Car edge=:1487416310_0 target=1
traci-bridge-1   | LANE_CMD_STATE veh=Merge_Car edge=:1487416310_0 lane=1 target=1 lane_count=2 recently=True speed=2.23
traci-bridge-1   | LANE_CMD_HOLD_INTERNAL veh=Merge_Car edge=:1487416310_0 target=1
traci-bridge-1   | LANE_CMD_STATE veh=Merge_Car edge=:1487416310_0 lane=1 target=1 lane_count=2 recently=True speed=2.24
traci-bridge-1   | LANE_CMD_HOLD_INTERNAL veh=Merge_Car edge=:1487416310_0 target=1
traci-bridge-1   | LANE_CMD_STATE veh=Merge_Car edge=:1487416310_0 lane=1 target=1 lane_count=2 recently=True speed=2.25
traci-bridge-1   | LANE_CMD_HOLD_INTERNAL veh=Merge_Car edge=:1487416310_0 target=1
traci-bridge-1   | LANE_CMD_STATE veh=Merge_Car edge=:1487416310_0 lane=1 target=1 lane_count=2 recently=True speed=2.27
traci-bridge-1   | LANE_CMD_HOLD_INTERNAL veh=Merge_Car edge=:1487416310_0 target=1
traci-bridge-1   | LANE_CMD_STATE veh=Merge_Car edge=:1487416310_0 lane=1 target=1 lane_count=2 recently=True speed=2.28
traci-bridge-1   | LANE_CMD_HOLD_INTERNAL veh=Merge_Car edge=:1487416310_0 target=1
traci-bridge-1   | LANE_CMD_STATE veh=Merge_Car edge=:1487416310_0 lane=1 target=1 lane_count=2 recently=True speed=2.29
traci-bridge-1   | LANE_CMD_HOLD_INTERNAL veh=Merge_Car edge=:1487416310_0 target=1
traci-bridge-1   | LANE_CMD_STATE veh=Merge_Car edge=:1487416310_0 lane=1 target=1 lane_count=2 recently=True speed=2.30
traci-bridge-1   | LANE_CMD_HOLD_INTERNAL veh=Merge_Car edge=:1487416310_0 target=1
traci-bridge-1   | LANE_CMD_STATE veh=Merge_Car edge=:1487416310_0 lane=1 target=1 lane_count=2 recently=True speed=2.32
traci-bridge-1   | LANE_CMD_HOLD_INTERNAL veh=Merge_Car edge=:1487416310_0 target=1
traci-bridge-1   | LANE_CMD_STATE veh=Merge_Car edge=:1487416310_0 lane=1 target=1 lane_count=2 recently=True speed=2.33
traci-bridge-1   | LANE_CMD_HOLD_INTERNAL veh=Merge_Car edge=:1487416310_0 target=1
traci-bridge-1   | LANE_CMD_STATE veh=Merge_Car edge=:1487416310_0 lane=1 target=1 lane_count=2 recently=True speed=2.35
traci-bridge-1   | LANE_CMD_HOLD_INTERNAL veh=Merge_Car edge=:1487416310_0 target=1
traci-bridge-1   | LANE_CMD_STATE veh=Merge_Car edge=:1487416310_0 lane=1 target=1 lane_count=2 recently=True speed=2.37
traci-bridge-1   | LANE_CMD_HOLD_INTERNAL veh=Merge_Car edge=:1487416310_0 target=1
traci-bridge-1   | LANE_CMD_STATE veh=Merge_Car edge=:1487416310_0 lane=1 target=1 lane_count=2 recently=True speed=2.38
traci-bridge-1   | LANE_CMD_HOLD_INTERNAL veh=Merge_Car edge=:1487416310_0 target=1
traci-bridge-1   | LANE_CMD_STATE veh=Merge_Car edge=:1487416310_0 lane=1 target=1 lane_count=2 recently=True speed=2.40
traci-bridge-1   | LANE_CMD_HOLD_INTERNAL veh=Merge_Car edge=:1487416310_0 target=1
traci-bridge-1   | LANE_CMD_STATE veh=Merge_Car edge=:1487416310_0 lane=1 target=1 lane_count=2 recently=True speed=2.40
traci-bridge-1   | LANE_CMD_HOLD_INTERNAL veh=Merge_Car edge=:1487416310_0 target=1
traci-bridge-1   | LANE_CMD_STATE veh=Merge_Car edge=:1487416310_0 lane=1 target=1 lane_count=2 recently=True speed=2.40
traci-bridge-1   | LANE_CMD_HOLD_INTERNAL veh=Merge_Car edge=:1487416310_0 target=1
traci-bridge-1   | LANE_CMD_STATE veh=Merge_Car edge=:1487416310_0 lane=1 target=1 lane_count=2 recently=True speed=2.41
traci-bridge-1   | LANE_CMD_HOLD_INTERNAL veh=Merge_Car edge=:1487416310_0 target=1
traci-bridge-1   | LANE_CMD_STATE veh=Merge_Car edge=:1487416310_0 lane=1 target=1 lane_count=2 recently=True speed=2.41
traci-bridge-1   | LANE_CMD_HOLD_INTERNAL veh=Merge_Car edge=:1487416310_0 target=1
traci-bridge-1   | LANE_CMD_STATE veh=Merge_Car edge=:1487416310_0 lane=1 target=1 lane_count=2 recently=True speed=2.41
traci-bridge-1   | LANE_CMD_HOLD_INTERNAL veh=Merge_Car edge=:1487416310_0 target=1
traci-bridge-1   | LANE_CMD_STATE veh=Merge_Car edge=135424828 lane=1 target=1 lane_count=2 recently=False speed=2.41
traci-bridge-1   | LANE_CMD_CLEAR veh=Merge_Car edge=135424828 target=1
traci-bridge-1   | LANE_CMD_STATE veh=Merge_Car edge=135424828 lane=1 target=1 lane_count=2 recently=False speed=2.42
traci-bridge-1   | LANE_CMD_CLEAR veh=Merge_Car edge=135424828 target=1
mqtt-broker-1    | 1780011080: Client traci-bridge [172.18.0.4:35943] disconnected: connection closed by client.
[Ktraci-bridge-1 exited with code 0
 Compose Stopping Aborting on container exit...
 Container rsa-obu-main-host-1 Stopping 
 Container rsa-obu-merge-car-1 Stopping 
 Container rsa-obu-main-lead-1 Stopping 
 Container rsa-traci-bridge-1 Stopping 
 Container rsa-traci-bridge-1 Stopped 
obu-main-lead-1  | 1780011091: Client obu-Main_Lead-1 closed its connection.
mqtt-broker-1    | 1780011091: Client ac1241c42973.bridge_to_remote [172.18.0.6:52824] disconnected: connection closed by client.
mqtt-broker-1    | 1780011091: Client 5d56ee445dc5.bridge_to_remote [172.18.0.5:32894] disconnected: connection closed by client.
obu-merge-car-1  | 1780011091: Client obu-Merge_Car-1 closed its connection.
mqtt-broker-1    | 1780011091: Client 1e89185b8006.bridge_to_remote [172.18.0.3:58690] disconnected: connection closed by client.
mqtt-broker-1    | 1780011091: Client auto-13858FFD-5B2C-190F-3E5E-46843C161D26 [172.18.0.6:52838] disconnected: connection closed by client.
mqtt-broker-1    | 1780011091: Client auto-300CD533-6449-48DD-8989-55B5166B4C11 [172.18.0.5:32896] disconnected: connection closed by client.
mqtt-broker-1    | 1780011091: Client auto-7FB99668-886D-2979-9205-789AA7D5AE5B [172.18.0.3:58692] disconnected: connection closed by client.
 Container rsa-obu-merge-car-1 Stopped 
[Kobu-merge-car-1 exited with code 137
 Container rsa-obu-main-host-1 Stopped 
[Kobu-main-host-1 exited with code 137
 Container rsa-obu-main-lead-1 Stopped 
 Container rsa-mqtt-broker-1 Stopping 
[Kobu-main-lead-1 exited with code 137
mqtt-broker-1    | 1780011091: mosquitto version 2.1.2 terminating
 Container rsa-mqtt-broker-1 Stopped 
[Kmqtt-broker-1 exited with code 0
