 Image rsa-obu:latest Building 
 Image rsa-obu:latest Building 
 Image rsa-traci-bridge:latest Building 
 Image rsa-obu:latest Building 
#1 [internal] load local bake definitions
#1 reading from stdin 1.80kB done
#1 DONE 0.0s

#2 [obu-merge-car internal] load build definition from Dockerfile
#2 transferring dockerfile: 499B done
#2 DONE 0.0s

#3 [traci-bridge internal] load build definition from Dockerfile
#3 transferring dockerfile: 997B done
#3 DONE 0.0s

#4 [obu-main-host internal] load metadata for ghcr.io/nap-it/vanetza-nap:latest
#4 DONE 0.0s

#5 [traci-bridge internal] load metadata for ghcr.io/eclipse-sumo/sumo:latest
#5 DONE 0.0s

#6 [traci-bridge internal] load .dockerignore
#6 transferring context: 2B done
#6 DONE 0.0s

#7 [obu-main-lead 1/9] FROM ghcr.io/nap-it/vanetza-nap:latest
#7 DONE 0.0s

#8 [traci-bridge 1/6] FROM ghcr.io/eclipse-sumo/sumo:latest
#8 DONE 0.0s

#9 [obu-main-lead internal] load build context
#9 transferring context: 369.37kB done
#9 DONE 0.0s

#10 [traci-bridge internal] load build context
#10 transferring context: 41.10kB done
#10 DONE 0.0s

#11 [traci-bridge 3/6] WORKDIR /app
#11 CACHED

#12 [traci-bridge 5/6] RUN pip3 install --no-cache-dir -r /app/requirements.txt
#12 CACHED

#13 [traci-bridge 2/6] RUN apt-get update     && apt-get install -y --no-install-recommends         ca-certificates         curl         gnupg         python3         python3-pip     && curl -fsSL https://downloads.apache.org/arrow/KEYS         | gpg --dearmor -o /usr/share/keyrings/apache-arrow-apt-source.gpg     && echo "deb [signed-by=/usr/share/keyrings/apache-arrow-apt-source.gpg] https://apache.jfrog.io/artifactory/arrow/ubuntu jammy main"         > /etc/apt/sources.list.d/apache-arrow.list     && apt-get update     && apt-get install -y --no-install-recommends         libarrow2300         libparquet2300     && rm -rf /var/lib/apt/lists/*
#13 CACHED

#14 [traci-bridge 4/6] COPY sim/bridge/requirements.txt /app/requirements.txt
#14 CACHED

#15 [traci-bridge 6/6] COPY sim/bridge/traci_bridge.py /app/traci_bridge.py
#15 CACHED

#16 [obu-merge-car 5/9] RUN pip3 install --no-cache-dir -r /app/requirements.txt
#16 CACHED

#17 [obu-merge-car 7/9] COPY obu/entrypoint.sh /entrypoint-obu.sh
#17 CACHED

#18 [obu-merge-car 3/9] WORKDIR /app
#18 CACHED

#19 [obu-merge-car 6/9] COPY obu/app /app
#19 CACHED

#20 [obu-merge-car 4/9] COPY obu/requirements.txt /app/requirements.txt
#20 CACHED

#21 [obu-merge-car 2/9] RUN apt-get update     && apt-get install -y --no-install-recommends python3 python3-pip     && rm -rf /var/lib/apt/lists/*
#21 CACHED

#22 [obu-merge-car 8/9] COPY obu/config/vanetza-obu.ini /config.ini
#22 CACHED

#23 [obu-merge-car 9/9] RUN chmod +x /entrypoint-obu.sh
#23 CACHED

#24 [traci-bridge] exporting to image
#24 exporting layers done
#24 writing image sha256:ec189de1fdf1a841024ba630f2bab815935eee1cb5501501177aeafb8aa6d178 done
#24 naming to docker.io/library/rsa-traci-bridge:latest done
#24 DONE 0.0s

#25 [obu-merge-car] exporting to image
#25 exporting layers done
#25 writing image sha256:03e01462a74200709ceb75a9359d72aba462a9b93f598ff9e78ba2c1c06a9b80 done
#25 naming to docker.io/library/rsa-obu:latest done
#25 DONE 0.0s

#26 [obu-main-host] exporting to image
#26 exporting layers done
#26 writing image sha256:1e8b82b483c71d5c365ad5758687c7c354b527bffe2c6a5025cdbb355a8e4198 done
#26 naming to docker.io/library/rsa-obu:latest done
#26 DONE 0.0s

#27 [obu-main-lead] exporting to image
#27 exporting layers done
#27 writing image sha256:82897c175a7d21cdcfa4d20d35271676f1880adf3d1d92b4487793b50140894d done
#27 naming to docker.io/library/rsa-obu:latest done
#27 DONE 0.0s

#28 [obu-main-host] resolving provenance for metadata file
#28 DONE 0.0s

#29 [traci-bridge] resolving provenance for metadata file
#29 DONE 0.0s

#30 [obu-merge-car] resolving provenance for metadata file
#30 DONE 0.0s

#31 [obu-main-lead] resolving provenance for metadata file
#31 DONE 0.0s
 Image rsa-obu:latest Built 
 Image rsa-obu:latest Built 
 Image rsa-obu:latest Built 
 Image rsa-traci-bridge:latest Built 
 Network rsa_v2x_net Creating 
 Network rsa_v2x_net Created 
 Container rsa-mqtt-broker-1 Creating 
 Container rsa-mqtt-broker-1 Created 
 Container rsa-obu-merge-car-1 Creating 
 Container rsa-traci-bridge-1 Creating 
 Container rsa-obu-main-lead-1 Creating 
 Container rsa-obu-main-host-1 Creating 
 Container rsa-traci-bridge-1 Created 
 Container rsa-obu-merge-car-1 Created 
 Container rsa-obu-main-lead-1 Created 
 Container rsa-obu-main-host-1 Created 
Attaching to mqtt-broker-1, obu-main-host-1, obu-main-lead-1, obu-merge-car-1, traci-bridge-1
 Container rsa-mqtt-broker-1 Starting 
 Container rsa-mqtt-broker-1 Started 
 Container rsa-obu-main-host-1 Starting 
 Container rsa-obu-merge-car-1 Starting 
 Container rsa-traci-bridge-1 Starting 
 Container rsa-obu-main-lead-1 Starting 
mqtt-broker-1  | 1780011107: Info: running mosquitto as user: mosquitto.
mqtt-broker-1  | 1780011107: mosquitto version 2.1.2 starting
mqtt-broker-1  | 1780011107: Config loaded from /mosquitto/config/mosquitto.conf.
mqtt-broker-1  | 1780011107: Bridge support available.
mqtt-broker-1  | 1780011107: Persistence support available.
mqtt-broker-1  | 1780011107: TLS support available.
mqtt-broker-1  | 1780011107: TLS-PSK support available.
mqtt-broker-1  | 1780011107: Websockets support available.
mqtt-broker-1  | 1780011107: Opening ipv4 listen socket on port 1883.
mqtt-broker-1  | 1780011107: mosquitto version 2.1.2 running
obu-main-host-1  | No global board config file found. Skipping config update process
 Container rsa-obu-main-host-1 Started 
 Container rsa-traci-bridge-1 Started 
obu-main-lead-1  | No global board config file found. Skipping config update process
 Container rsa-obu-main-lead-1 Started 
obu-main-host-1  | 1780011107: mosquitto version 2.0.11 starting
obu-main-host-1  | 1780011107: Config loaded from /mosquitto.conf.
obu-main-host-1  | 1780011107: Opening ipv4 listen socket on port 1883.
obu-main-host-1  | 1780011107: Connecting bridge (step 1) bridge_to_remote (mqtt-broker:1883)
obu-main-host-1  | 1780011107: mosquitto version 2.0.11 running
obu-main-lead-1  | 1780011107: mosquitto version 2.0.11 starting
obu-main-lead-1  | 1780011107: Config loaded from /mosquitto.conf.
obu-main-lead-1  | 1780011107: Opening ipv4 listen socket on port 1883.
obu-main-lead-1  | 1780011107: Connecting bridge (step 1) bridge_to_remote (mqtt-broker:1883)
obu-main-lead-1  | 1780011107: mosquitto version 2.0.11 running
obu-merge-car-1  | No global board config file found. Skipping config update process
 Container rsa-obu-merge-car-1 Started 
obu-merge-car-1  | 1780011107: mosquitto version 2.0.11 starting
obu-merge-car-1  | 1780011107: Config loaded from /mosquitto.conf.
obu-merge-car-1  | 1780011107: Opening ipv4 listen socket on port 1883.
obu-merge-car-1  | 1780011107: Connecting bridge (step 1) bridge_to_remote (mqtt-broker:1883)
obu-merge-car-1  | 1780011107: mosquitto version 2.0.11 running
obu-main-host-1  | 1780011107: Connecting bridge (step 2) bridge_to_remote (mqtt-broker:1883)
mqtt-broker-1    | 1780011107: New connection from 172.18.0.3:41060 on port 1883.
mqtt-broker-1    | 1780011107: New bridge connected from 172.18.0.3:41060 as ece78c9d735e.bridge_to_remote (p4, c0, k60).
mqtt-broker-1    | 1780011107: New connection from 172.18.0.5:55644 on port 1883.
mqtt-broker-1    | 1780011107: New bridge connected from 172.18.0.5:55644 as 183753fa89a2.bridge_to_remote (p4, c0, k60).
obu-main-lead-1  | 1780011107: Connecting bridge (step 2) bridge_to_remote (mqtt-broker:1883)
obu-merge-car-1  | 1780011107: Connecting bridge (step 2) bridge_to_remote (mqtt-broker:1883)
mqtt-broker-1    | 1780011107: New connection from 172.18.0.6:48338 on port 1883.
mqtt-broker-1    | 1780011107: New bridge connected from 172.18.0.6:48338 as 7d81459aeb6c.bridge_to_remote (p4, c0, k60).
mqtt-broker-1    | 1780011107: New connection from 172.18.0.4:42083 on port 1883.
mqtt-broker-1    | 1780011107: New client connected from 172.18.0.4:42083 as traci-bridge (p4, c1, k60).
obu-main-host-1  | Using MAC address: 6e:06:e0:03:00:12.
obu-main-lead-1  | Using MAC address: 6e:06:e0:03:00:11.
obu-main-host-1  | 1780011108: New connection from 127.0.0.1:54036 on port 1883.
obu-main-host-1  | 1780011108: New client connected from 127.0.0.1:54036 as ece78c9d735e_623 (p2, c1, k60).
obu-main-host-1  | mqtt.cpp: connected with server
mqtt-broker-1    | 1780011108: New connection from 172.18.0.3:41064 on port 1883.
obu-merge-car-1  | Using MAC address: 6e:06:e0:03:00:13.
mqtt-broker-1    | 1780011108: New client connected from 172.18.0.3:41064 as auto-5E3677D0-6E24-67A6-892F-07F16D75C3A7 (p4, c1, k60, u'""').
obu-main-host-1  | mqtt.cpp: connected with server
obu-main-lead-1  | 1780011108: New connection from 127.0.0.1:54040 on port 1883.
obu-main-lead-1  | 1780011108: New client connected from 127.0.0.1:54040 as 183753fa89a2_499 (p2, c1, k60).
obu-main-lead-1  | mqtt.cpp: connected with server
mqtt-broker-1    | 1780011108: New connection from 172.18.0.5:55656 on port 1883.
mqtt-broker-1    | 1780011108: New client connected from 172.18.0.5:55656 as auto-1AE2A05F-AD49-081B-C2F6-2EEE8B04CE13 (p4, c1, k60, u'""').
obu-main-lead-1  | mqtt.cpp: connected with server
obu-merge-car-1  | 1780011108: New connection from 127.0.0.1:54048 on port 1883.
obu-merge-car-1  | 1780011108: New client connected from 127.0.0.1:54048 as 7d81459aeb6c_61 (p2, c1, k60).
obu-merge-car-1  | mqtt.cpp: connected with server
mqtt-broker-1    | 1780011108: New connection from 172.18.0.6:48352 on port 1883.
mqtt-broker-1    | 1780011108: New client connected from 172.18.0.6:48352 as auto-395483E2-06A4-F47C-ECEC-BC2F2D7BEFFC (p4, c1, k60, u'""').
obu-merge-car-1  | mqtt.cpp: connected with server
obu-main-host-1  | 1780011108: New connection from 127.0.0.1:45273 on port 1883.
obu-main-host-1  | 1780011108: New client connected from 127.0.0.1:45273 as obu-Main_Host-1 (p2, c1, k60).
obu-main-lead-1  | 1780011108: New connection from 127.0.0.1:45155 on port 1883.
obu-main-lead-1  | 1780011108: New client connected from 127.0.0.1:45155 as obu-Main_Lead-1 (p2, c1, k60).
obu-merge-car-1  | 1780011108: New connection from 127.0.0.1:58095 on port 1883.
obu-merge-car-1  | 1780011108: New client connected from 127.0.0.1:58095 as obu-Merge_Car-1 (p2, c1, k60).
obu-main-host-1  | Zenoh session established locally
obu-main-lead-1  | Zenoh session established locally
obu-merge-car-1  | Zenoh session established locally
obu-merge-car-1  | [1.0] Merge_Car role=merge state=CRUISE->CRUISE speed=8.34 target=6.75 neighbors=2
obu-main-lead-1  | [1.0] Main_Lead role=lead state=CRUISE->CRUISE speed=8.15 target=8.15 neighbors=2
obu-main-host-1  | [1.0] Main_Host role=host state=CRUISE->CRUISE speed=7.63 target=7.50 neighbors=2
obu-main-lead-1  | [2.0] Main_Lead role=lead state=CRUISE->CRUISE speed=8.15 target=8.15 neighbors=2
obu-main-host-1  | [2.0] Main_Host role=host state=CRUISE->CRUISE speed=7.58 target=7.50 neighbors=2
obu-merge-car-1  | [2.0] Merge_Car role=merge state=CRUISE->CRUISE speed=7.70 target=6.75 neighbors=2
obu-main-lead-1  | [3.0] Main_Lead role=lead state=CRUISE->CRUISE speed=8.15 target=8.15 neighbors=2
obu-main-host-1  | [3.0] Main_Host role=host state=CRUISE->CRUISE speed=7.55 target=7.50 neighbors=2
obu-merge-car-1  | [3.0] Merge_Car role=merge state=CRUISE->CRUISE speed=7.32 target=6.75 neighbors=2
obu-main-lead-1  | [4.0] Main_Lead role=lead state=CRUISE->CRUISE speed=8.15 target=8.15 neighbors=2
obu-main-host-1  | [4.0] Main_Host role=host state=CRUISE->CRUISE speed=7.53 target=7.50 neighbors=2
obu-merge-car-1  | [4.0] Merge_Car role=merge state=CRUISE->CRUISE speed=7.09 target=6.75 neighbors=2
obu-main-lead-1  | [5.1] Main_Lead role=lead state=CRUISE->CRUISE speed=8.15 target=8.15 neighbors=2
obu-merge-car-1  | [5.1] Merge_Car role=merge state=CRUISE->CRUISE speed=6.94 target=6.75 neighbors=2
obu-main-host-1  | [5.1] Main_Host role=host state=CRUISE->CRUISE speed=7.52 target=7.50 neighbors=2
obu-merge-car-1  | MERGE_SLOT_QUALITY_DIAG: vehicle=Merge_Car event=REQUEST_NEW t=5.4 manoeuvre=134 source=new_request lead=None host=102 own_eta=9.74 lead_eta=None host_eta=16.18 min_eta=None max_eta=14.68 desired_eta=9.74 gap_possible=True dtm=67.4 edge=34126779 lane=0 speed=6.92 lead_speed=None host_speed=7.51 lead_gap=None host_gap=26.29 lead_gap_t1=None lead_gap_t2=None lead_gap_t3=None host_gap_t1=26.29 host_gap_t2=26.29 host_gap_t3=26.29 rel_to_lead=None rel_to_host=-0.59 lead_lat=None host_lat=78.00 pending=True accepted=False authorized=False committed=False pending_age=0.00 accepted_age=None lane_cmd_state=NONE lane_cmd_target=None
obu-merge-car-1  | MERGE_ATTEMPT_TIMELINE: vehicle=Merge_Car manoeuvre=134 host=102 lead=None event=REQUEST_SENT t=5.4 edge=34126779 lane=0 lane_cmd_state=NONE speed=6.92 target=6.75 dtm=67.4 lead_gap= host_gap=26.29 lead_gap_t1= lead_gap_t2= lead_gap_t3= host_gap_t1=26.29 host_gap_t2=26.29 host_gap_t3=26.29
obu-merge-car-1  | [5.4] Merge_Car MCM_TX_REQUEST: manoeuvre=134 target=102
obu-merge-car-1  | [5.4] Merge_Car MERGE_DECISION: auth=False phys=True fgok=True lgok=True hgok=True cok=True esok=True cready=True dtm=67.4 past=False committed=False hid=102 ra=None lclear=True hyok=True
obu-main-host-1  | [5.4] Main_Host MCM_RX_REQUEST: from=103 manoeuvre=134 target=102
obu-main-host-1  | HOST_REQUEST_DECISION: host=Main_Host ramp=103 manoeuvre=134 decision=ACCEPT reason=SAFE_OR_NOMINAL ramp_eta=9.62 host_eta=15.77 required_speed=8.27 current_speed=7.51 active_request_ramp=None active_request_remaining=0.0 ramp_remote_edge=34126779 ramp_remote_lane=0 ramp_remote_fsm=NEGOTIATING
obu-main-host-1  | [5.6] Main_Host MCM_TX_ACCEPT: manoeuvre=134 target=103
obu-main-host-1  | HOST_RESERVATION_START: host=Main_Host ramp=103 manoeuvre=134 until=9.6 own_speed=7.51 target_speed=7.51 required_speed=7.51 gap_eta=6.15
obu-main-host-1  | [5.6] Main_Host HOST_RESERVED: merge=103 manoeuvre=134 until=9.6 target_spd=7.51
obu-merge-car-1  | [5.6] Merge_Car MERGE_DECISION: auth=False phys=True fgok=True lgok=True hgok=True cok=True esok=True cready=True dtm=66.2 past=False committed=False hid=102 ra=None lclear=True hyok=True
obu-merge-car-1  | [5.6] Merge_Car MCM_RX_ACCEPT: from=102 manoeuvre=134 target=103
obu-merge-car-1  | MCM_REQUEST_RETRY_DIAG: vehicle=Merge_Car host=102 lead=None manoeuvre=134 retry_count=1 pending_age=0.3 dtm=65.7 own_eta=9.53 host_eta_current=14.809283014037456 host_eta_at_request=16.176141718700332 lead_eta_current=None lead_eta_at_request=None last_response_action=2 last_response_age=0.10000000000000053 host_remote_fsm=CRUISE host_remote_edge=560761994 host_remote_lane=0 host_remote_merge_committed=False host_remote_merge_completed=False host_remote_active_merge_request=False host_remote_active_station_id=None host_remote_active_manoeuvre_id=None host_remote_active_remaining_s=0.0
obu-merge-car-1  | MERGE_SLOT_QUALITY_DIAG: vehicle=Merge_Car event=REQUEST_RETRY t=5.7 manoeuvre=134 source=retry_request lead=None host=102 own_eta=9.53 lead_eta=None host_eta=14.81 min_eta=None max_eta=13.31 desired_eta=9.53 gap_possible=True dtm=65.7 edge=34126779 lane=0 speed=6.89 lead_speed=None host_speed=8.00 lead_gap=None host_gap=21.44 lead_gap_t1=None lead_gap_t2=None lead_gap_t3=None host_gap_t1=21.44 host_gap_t2=21.44 host_gap_t3=21.44 rel_to_lead=None rel_to_host=-1.11 lead_lat=None host_lat=76.33 pending=True accepted=False authorized=False committed=False pending_age=0.30 accepted_age=None lane_cmd_state=NONE lane_cmd_target=None
obu-merge-car-1  | [5.7] Merge_Car MCM_TX_REQUEST: manoeuvre=134 target=102
obu-merge-car-1  | MERGE_ATTEMPT_TIMELINE: vehicle=Merge_Car manoeuvre=134 host=102 lead=None event=ACCEPT_MATCHED t=5.7 edge=34126779 lane=0 lane_cmd_state=NONE speed=6.89 target=6.75 dtm=65.7 lead_gap= host_gap=21.44 lead_gap_t1= lead_gap_t2= lead_gap_t3= host_gap_t1=21.44 host_gap_t2=21.44 host_gap_t3=21.44
obu-merge-car-1  | MERGE_SLOT_QUALITY_DIAG: vehicle=Merge_Car event=ACCEPT_MATCHED t=5.7 manoeuvre=134 source=accept_matched lead=None host=102 own_eta=9.53 lead_eta=None host_eta=14.81 min_eta=None max_eta=13.31 desired_eta=9.53 gap_possible=True dtm=65.7 edge=34126779 lane=0 speed=6.89 lead_speed=None host_speed=8.00 lead_gap=None host_gap=21.44 lead_gap_t1=None lead_gap_t2=None lead_gap_t3=None host_gap_t1=21.44 host_gap_t2=21.44 host_gap_t3=21.44 rel_to_lead=None rel_to_host=-1.11 lead_lat=None host_lat=76.33 pending=True accepted=False authorized=False committed=False pending_age=0.30 accepted_age=None lane_cmd_state=NONE lane_cmd_target=None
obu-merge-car-1  | [5.7] Merge_Car MCM_ACCEPT_MATCHED: host=102 manoeuvre=134
obu-main-host-1  | HOST_RESERVATION_HOLD: host=Main_Host ramp=103 manoeuvre=134 remaining=3.9 own_speed=7.51 target_speed=7.51 ramp_fsm=NEGOTIATING ramp_lane_cmd_state=NONE ramp_edge=34126779 ramp_lane=0 ramp_merge_completed=False ramp_merge_committed=False
obu-main-host-1  | [5.7] Main_Host HOST_HOLD_YIELD: for merge=103 spd=7.51
obu-merge-car-1  | MERGE_ATTEMPT_TIMELINE: vehicle=Merge_Car manoeuvre=134 host=102 lead=None event=AUTHORIZED t=5.7 edge=34126779 lane=0 lane_cmd_state=NONE speed=6.89 target=6.75 dtm=65.7 lead_gap= host_gap=21.44 lead_gap_t1= lead_gap_t2= lead_gap_t3= host_gap_t1=21.44 host_gap_t2=21.44 host_gap_t3=21.44
obu-merge-car-1  | MERGE_SLOT_QUALITY_DIAG: vehicle=Merge_Car event=AUTHORIZED t=5.7 manoeuvre=134 source=pending_request lead=None host=102 own_eta=9.53 lead_eta=None host_eta=14.81 min_eta=None max_eta=13.31 desired_eta=9.53 gap_possible=True dtm=65.7 edge=34126779 lane=0 speed=6.89 lead_speed=None host_speed=8.00 lead_gap=None host_gap=21.44 lead_gap_t1=None lead_gap_t2=None lead_gap_t3=None host_gap_t1=21.44 host_gap_t2=21.44 host_gap_t3=21.44 rel_to_lead=None rel_to_host=-1.11 lead_lat=None host_lat=76.33 pending=True accepted=True authorized=True committed=False pending_age=0.30 accepted_age=0.00 lane_cmd_state=NONE lane_cmd_target=None
obu-merge-car-1  | [5.7] Merge_Car MERGE_AUTHORIZED_BY_MCM: host=102 manoeuvre=134
obu-merge-car-1  | [5.7] Merge_Car MERGE_DECISION: auth=True phys=True fgok=True lgok=True hgok=True cok=True esok=True cready=True dtm=65.7 past=False committed=False hid=102 ra=2 lclear=True hyok=True
obu-merge-car-1  | [5.7] Merge_Car MERGE_PREPARE_WAIT_LANE_AVAILABLE: edge=None lane=None target_lane=None lane_count=None executable=None dtm=65.7 speed=6.89 host=102 lead=None
obu-main-host-1  | [5.7] Main_Host MCM_RX_REQUEST: from=103 manoeuvre=134 target=102
obu-merge-car-1  | [5.8] Merge_Car MERGE_LANE_WAIT_EDGE_CONFIRMED: edge=34126779 lane=0 target_lane=1 lane_count=1 executable=False
obu-main-host-1  | HOST_RESERVATION_EXTEND_UNTIL_CLEAR: host=Main_Host ramp=103 manoeuvre=134 new_remaining=4.0 ramp_lcs=NONE ramp_edge=34126779
obu-main-host-1  | HOST_RESERVATION_HOLD: host=Main_Host ramp=103 manoeuvre=134 remaining=4.0 own_speed=7.51 target_speed=7.51 ramp_fsm=NEGOTIATING ramp_lane_cmd_state=NONE ramp_edge=34126779 ramp_lane=0 ramp_merge_completed=False ramp_merge_committed=True
obu-main-host-1  | [5.9] Main_Host HOST_HOLD_YIELD: for merge=103 spd=7.51
obu-main-host-1  | [5.9] Main_Host MCM_TX_ACCEPT: manoeuvre=134 target=103
obu-merge-car-1  | [5.9] Merge_Car MERGE_PREPARE_WAIT_LANE_AVAILABLE: edge=34126779 lane=0 target_lane=1 lane_count=1 executable=False dtm=64.6 speed=6.88 host=102 lead=None
obu-merge-car-1  | MERGE_ATTEMPT_TIMELINE: vehicle=Merge_Car manoeuvre=134 host=102 lead=None event=WAIT_EDGE t=5.9 edge=34126779 lane=0 lane_cmd_state=WAIT_EDGE speed=6.88 target=6.75 dtm=64.6 lead_gap= host_gap=20.55 lead_gap_t1= lead_gap_t2= lead_gap_t3= host_gap_t1=20.55 host_gap_t2=20.55 host_gap_t3=20.55
obu-merge-car-1  | [5.9] Merge_Car MCM_RX_ACCEPT: from=102 manoeuvre=134 target=103
obu-main-lead-1  | [6.1] Main_Lead role=cruise state=CRUISE->CRUISE speed=8.15 target=7.50 neighbors=2
obu-main-host-1  | HOST_RESERVATION_EXTEND_UNTIL_CLEAR: host=Main_Host ramp=103 manoeuvre=134 new_remaining=4.0 ramp_lcs=WAIT_EDGE ramp_edge=34126779
obu-main-host-1  | HOST_RESERVATION_HOLD: host=Main_Host ramp=103 manoeuvre=134 remaining=4.0 own_speed=7.51 target_speed=7.51 ramp_fsm=NEGOTIATING ramp_lane_cmd_state=WAIT_EDGE ramp_edge=34126779 ramp_lane=0 ramp_merge_completed=False ramp_merge_committed=True
obu-main-host-1  | [6.1] Main_Host HOST_HOLD_YIELD: for merge=103 spd=7.51
obu-main-host-1  | [6.1] Main_Host role=host state=YIELDING->YIELDING speed=7.51 target=7.51 neighbors=2
obu-merge-car-1  | [6.1] Merge_Car role=merge state=NEGOTIATING->NEGOTIATING speed=6.87 target=6.75 neighbors=2
obu-main-host-1  | HOST_RESERVATION_EXTEND_UNTIL_CLEAR: host=Main_Host ramp=103 manoeuvre=134 new_remaining=4.0 ramp_lcs=WAIT_EDGE ramp_edge=34126779
obu-main-host-1  | HOST_RESERVATION_HOLD: host=Main_Host ramp=103 manoeuvre=134 remaining=4.0 own_speed=7.51 target_speed=7.51 ramp_fsm=NEGOTIATING ramp_lane_cmd_state=WAIT_EDGE ramp_edge=34126779 ramp_lane=0 ramp_merge_completed=False ramp_merge_committed=True
obu-main-host-1  | [6.2] Main_Host HOST_HOLD_YIELD: for merge=103 spd=7.51
obu-main-host-1  | [6.2] Main_Host MCM_TX_ACCEPT: manoeuvre=134 target=103
obu-merge-car-1  | [6.3] Merge_Car MCM_RX_ACCEPT: from=102 manoeuvre=134 target=103
obu-main-host-1  | HOST_RESERVATION_EXTEND_UNTIL_CLEAR: host=Main_Host ramp=103 manoeuvre=134 new_remaining=4.0 ramp_lcs=WAIT_EDGE ramp_edge=34126779
obu-main-host-1  | HOST_RESERVATION_HOLD: host=Main_Host ramp=103 manoeuvre=134 remaining=4.0 own_speed=7.51 target_speed=7.51 ramp_fsm=NEGOTIATING ramp_lane_cmd_state=WAIT_EDGE ramp_edge=34126779 ramp_lane=0 ramp_merge_completed=False ramp_merge_committed=True
obu-main-host-1  | [6.4] Main_Host HOST_HOLD_YIELD: for merge=103 spd=7.51
obu-main-host-1  | HOST_RESERVATION_EXTEND_UNTIL_CLEAR: host=Main_Host ramp=103 manoeuvre=134 new_remaining=4.0 ramp_lcs=WAIT_EDGE ramp_edge=34126779
obu-main-host-1  | HOST_RESERVATION_HOLD: host=Main_Host ramp=103 manoeuvre=134 remaining=4.0 own_speed=7.51 target_speed=7.51 ramp_fsm=NEGOTIATING ramp_lane_cmd_state=WAIT_EDGE ramp_edge=34126779 ramp_lane=0 ramp_merge_completed=False ramp_merge_committed=True
obu-main-host-1  | [6.6] Main_Host HOST_HOLD_YIELD: for merge=103 spd=7.51
obu-main-host-1  | [6.6] Main_Host MCM_TX_ACCEPT: manoeuvre=134 target=103
obu-merge-car-1  | [6.6] Merge_Car MCM_RX_ACCEPT: from=102 manoeuvre=134 target=103
obu-main-host-1  | HOST_RESERVATION_EXTEND_UNTIL_CLEAR: host=Main_Host ramp=103 manoeuvre=134 new_remaining=4.0 ramp_lcs=WAIT_EDGE ramp_edge=34126779
obu-main-host-1  | HOST_RESERVATION_HOLD: host=Main_Host ramp=103 manoeuvre=134 remaining=4.0 own_speed=7.51 target_speed=7.51 ramp_fsm=NEGOTIATING ramp_lane_cmd_state=WAIT_EDGE ramp_edge=34126779 ramp_lane=0 ramp_merge_completed=False ramp_merge_committed=True
obu-main-host-1  | [6.7] Main_Host HOST_HOLD_YIELD: for merge=103 spd=7.51
obu-merge-car-1  | [6.9] Merge_Car MERGE_PREPARE_WAIT_LANE_AVAILABLE: edge=34126779 lane=0 target_lane=1 lane_count=1 executable=False dtm=58.8 speed=6.83 host=102 lead=None
obu-main-host-1  | HOST_RESERVATION_EXTEND_UNTIL_CLEAR: host=Main_Host ramp=103 manoeuvre=134 new_remaining=4.0 ramp_lcs=WAIT_EDGE ramp_edge=34126779
obu-main-host-1  | HOST_RESERVATION_HOLD: host=Main_Host ramp=103 manoeuvre=134 remaining=4.0 own_speed=7.51 target_speed=7.51 ramp_fsm=NEGOTIATING ramp_lane_cmd_state=WAIT_EDGE ramp_edge=34126779 ramp_lane=0 ramp_merge_completed=False ramp_merge_committed=True
obu-main-host-1  | [6.9] Main_Host HOST_HOLD_YIELD: for merge=103 spd=7.51
obu-main-host-1  | [6.9] Main_Host MCM_TX_ACCEPT: manoeuvre=134 target=103
obu-merge-car-1  | [7.0] Merge_Car MCM_RX_ACCEPT: from=102 manoeuvre=134 target=103
obu-main-lead-1  | [7.1] Main_Lead role=cruise state=CRUISE->CRUISE speed=7.93 target=7.50 neighbors=2
obu-merge-car-1  | [7.1] Merge_Car role=merge state=NEGOTIATING->NEGOTIATING speed=6.82 target=6.75 neighbors=2
obu-main-host-1  | HOST_RESERVATION_EXTEND_UNTIL_CLEAR: host=Main_Host ramp=103 manoeuvre=134 new_remaining=4.0 ramp_lcs=WAIT_EDGE ramp_edge=34126779
obu-main-host-1  | HOST_RESERVATION_HOLD: host=Main_Host ramp=103 manoeuvre=134 remaining=4.0 own_speed=7.51 target_speed=7.51 ramp_fsm=NEGOTIATING ramp_lane_cmd_state=WAIT_EDGE ramp_edge=34126779 ramp_lane=0 ramp_merge_completed=False ramp_merge_committed=True
obu-main-host-1  | [7.1] Main_Host HOST_HOLD_YIELD: for merge=103 spd=7.51
obu-main-host-1  | [7.1] Main_Host role=host state=YIELDING->YIELDING speed=7.51 target=7.51 neighbors=2
obu-main-host-1  | HOST_RESERVATION_EXTEND_UNTIL_CLEAR: host=Main_Host ramp=103 manoeuvre=134 new_remaining=4.0 ramp_lcs=WAIT_EDGE ramp_edge=34126779
obu-main-host-1  | HOST_RESERVATION_HOLD: host=Main_Host ramp=103 manoeuvre=134 remaining=4.0 own_speed=7.51 target_speed=7.51 ramp_fsm=NEGOTIATING ramp_lane_cmd_state=WAIT_EDGE ramp_edge=34126779 ramp_lane=0 ramp_merge_completed=False ramp_merge_committed=True
obu-main-host-1  | [7.2] Main_Host HOST_HOLD_YIELD: for merge=103 spd=7.51
obu-main-host-1  | [7.2] Main_Host MCM_TX_ACCEPT: manoeuvre=134 target=103
obu-merge-car-1  | [7.2] Merge_Car MCM_RX_ACCEPT: from=102 manoeuvre=134 target=103
obu-main-host-1  | HOST_RESERVATION_EXTEND_UNTIL_CLEAR: host=Main_Host ramp=103 manoeuvre=134 new_remaining=4.0 ramp_lcs=WAIT_EDGE ramp_edge=34126779
obu-main-host-1  | HOST_RESERVATION_HOLD: host=Main_Host ramp=103 manoeuvre=134 remaining=4.0 own_speed=7.51 target_speed=7.51 ramp_fsm=NEGOTIATING ramp_lane_cmd_state=WAIT_EDGE ramp_edge=34126779 ramp_lane=0 ramp_merge_completed=False ramp_merge_committed=True
obu-main-host-1  | [7.4] Main_Host HOST_HOLD_YIELD: for merge=103 spd=7.51
obu-main-host-1  | HOST_RESERVATION_EXTEND_UNTIL_CLEAR: host=Main_Host ramp=103 manoeuvre=134 new_remaining=4.0 ramp_lcs=WAIT_EDGE ramp_edge=34126779
obu-main-host-1  | HOST_RESERVATION_HOLD: host=Main_Host ramp=103 manoeuvre=134 remaining=4.0 own_speed=7.51 target_speed=7.51 ramp_fsm=NEGOTIATING ramp_lane_cmd_state=WAIT_EDGE ramp_edge=34126779 ramp_lane=0 ramp_merge_completed=False ramp_merge_committed=True
obu-main-host-1  | [7.6] Main_Host HOST_HOLD_YIELD: for merge=103 spd=7.51
obu-main-host-1  | [7.6] Main_Host MCM_TX_ACCEPT: manoeuvre=134 target=103
obu-main-host-1  | HOST_RESERVATION_EXTEND_UNTIL_CLEAR: host=Main_Host ramp=103 manoeuvre=134 new_remaining=4.0 ramp_lcs=WAIT_EDGE ramp_edge=34126779
obu-main-host-1  | HOST_RESERVATION_HOLD: host=Main_Host ramp=103 manoeuvre=134 remaining=4.0 own_speed=7.51 target_speed=7.51 ramp_fsm=NEGOTIATING ramp_lane_cmd_state=WAIT_EDGE ramp_edge=34126779 ramp_lane=0 ramp_merge_completed=False ramp_merge_committed=True
obu-main-host-1  | [7.7] Main_Host HOST_HOLD_YIELD: for merge=103 spd=7.51
obu-merge-car-1  | [7.7] Merge_Car MCM_RX_ACCEPT: from=102 manoeuvre=134 target=103
obu-main-host-1  | HOST_RESERVATION_EXTEND_UNTIL_CLEAR: host=Main_Host ramp=103 manoeuvre=134 new_remaining=4.0 ramp_lcs=WAIT_EDGE ramp_edge=34126779
obu-main-host-1  | HOST_RESERVATION_HOLD: host=Main_Host ramp=103 manoeuvre=134 remaining=4.0 own_speed=7.51 target_speed=7.51 ramp_fsm=NEGOTIATING ramp_lane_cmd_state=WAIT_EDGE ramp_edge=34126779 ramp_lane=0 ramp_merge_completed=False ramp_merge_committed=True
obu-main-host-1  | [7.9] Main_Host HOST_HOLD_YIELD: for merge=103 spd=7.51
obu-main-host-1  | [7.9] Main_Host MCM_TX_ACCEPT: manoeuvre=134 target=103
obu-merge-car-1  | [7.9] Merge_Car MCM_RX_ACCEPT: from=102 manoeuvre=134 target=103
obu-merge-car-1  | [7.9] Merge_Car MERGE_PREPARE_WAIT_LANE_AVAILABLE: edge=34126779 lane=0 target_lane=1 lane_count=1 executable=False dtm=52.7 speed=6.80 host=102 lead=None
obu-main-lead-1  | [8.1] Main_Lead role=cruise state=CRUISE->CRUISE speed=7.76 target=7.50 neighbors=2
obu-main-host-1  | HOST_RESERVATION_EXTEND_UNTIL_CLEAR: host=Main_Host ramp=103 manoeuvre=134 new_remaining=4.0 ramp_lcs=WAIT_EDGE ramp_edge=34126779
obu-main-host-1  | HOST_RESERVATION_HOLD: host=Main_Host ramp=103 manoeuvre=134 remaining=4.0 own_speed=7.51 target_speed=7.51 ramp_fsm=NEGOTIATING ramp_lane_cmd_state=WAIT_EDGE ramp_edge=34126779 ramp_lane=0 ramp_merge_completed=False ramp_merge_committed=True
obu-main-host-1  | [8.1] Main_Host HOST_HOLD_YIELD: for merge=103 spd=7.51
obu-main-host-1  | [8.1] Main_Host role=host state=YIELDING->YIELDING speed=7.51 target=7.51 neighbors=2
obu-merge-car-1  | [8.1] Merge_Car role=merge state=NEGOTIATING->NEGOTIATING speed=6.79 target=6.75 neighbors=2
obu-main-host-1  | HOST_RESERVATION_EXTEND_UNTIL_CLEAR: host=Main_Host ramp=103 manoeuvre=134 new_remaining=4.0 ramp_lcs=WAIT_EDGE ramp_edge=34126779
obu-main-host-1  | HOST_RESERVATION_HOLD: host=Main_Host ramp=103 manoeuvre=134 remaining=4.0 own_speed=7.51 target_speed=7.51 ramp_fsm=NEGOTIATING ramp_lane_cmd_state=WAIT_EDGE ramp_edge=34126779 ramp_lane=0 ramp_merge_completed=False ramp_merge_committed=True
obu-main-host-1  | [8.3] Main_Host HOST_HOLD_YIELD: for merge=103 spd=7.51
obu-main-host-1  | [8.3] Main_Host MCM_TX_ACCEPT: manoeuvre=134 target=103
obu-merge-car-1  | [8.4] Merge_Car MCM_RX_ACCEPT: from=102 manoeuvre=134 target=103
obu-main-host-1  | HOST_RESERVATION_EXTEND_UNTIL_CLEAR: host=Main_Host ramp=103 manoeuvre=134 new_remaining=4.0 ramp_lcs=WAIT_EDGE ramp_edge=34126779
obu-main-host-1  | HOST_RESERVATION_HOLD: host=Main_Host ramp=103 manoeuvre=134 remaining=4.0 own_speed=7.51 target_speed=7.51 ramp_fsm=NEGOTIATING ramp_lane_cmd_state=WAIT_EDGE ramp_edge=34126779 ramp_lane=0 ramp_merge_completed=False ramp_merge_committed=True
obu-main-host-1  | [8.5] Main_Host HOST_HOLD_YIELD: for merge=103 spd=7.51
obu-main-host-1  | HOST_RESERVATION_EXTEND_UNTIL_CLEAR: host=Main_Host ramp=103 manoeuvre=134 new_remaining=4.0 ramp_lcs=WAIT_EDGE ramp_edge=34126779
obu-main-host-1  | HOST_RESERVATION_HOLD: host=Main_Host ramp=103 manoeuvre=134 remaining=4.0 own_speed=7.51 target_speed=7.51 ramp_fsm=NEGOTIATING ramp_lane_cmd_state=WAIT_EDGE ramp_edge=34126779 ramp_lane=0 ramp_merge_completed=False ramp_merge_committed=True
obu-main-host-1  | [8.7] Main_Host HOST_HOLD_YIELD: for merge=103 spd=7.51
obu-main-host-1  | [8.7] Main_Host MCM_TX_ACCEPT: manoeuvre=134 target=103
obu-main-host-1  | HOST_RESERVATION_EXTEND_UNTIL_CLEAR: host=Main_Host ramp=103 manoeuvre=134 new_remaining=4.0 ramp_lcs=WAIT_EDGE ramp_edge=34126779
obu-main-host-1  | HOST_RESERVATION_HOLD: host=Main_Host ramp=103 manoeuvre=134 remaining=4.0 own_speed=7.51 target_speed=7.51 ramp_fsm=NEGOTIATING ramp_lane_cmd_state=WAIT_EDGE ramp_edge=34126779 ramp_lane=0 ramp_merge_completed=False ramp_merge_committed=True
obu-main-host-1  | [8.8] Main_Host HOST_HOLD_YIELD: for merge=103 spd=7.51
obu-merge-car-1  | [8.8] Merge_Car MCM_RX_ACCEPT: from=102 manoeuvre=134 target=103
obu-main-host-1  | HOST_RESERVATION_EXTEND_UNTIL_CLEAR: host=Main_Host ramp=103 manoeuvre=134 new_remaining=4.0 ramp_lcs=WAIT_EDGE ramp_edge=34126779
obu-main-host-1  | HOST_RESERVATION_HOLD: host=Main_Host ramp=103 manoeuvre=134 remaining=4.0 own_speed=7.51 target_speed=7.51 ramp_fsm=NEGOTIATING ramp_lane_cmd_state=WAIT_EDGE ramp_edge=34126779 ramp_lane=0 ramp_merge_completed=False ramp_merge_committed=True
obu-main-host-1  | [9.0] Main_Host HOST_HOLD_YIELD: for merge=103 spd=7.51
obu-main-host-1  | [9.0] Main_Host MCM_TX_ACCEPT: manoeuvre=134 target=103
obu-merge-car-1  | [9.0] Merge_Car MERGE_PREPARE_WAIT_LANE_AVAILABLE: edge=34126779 lane=0 target_lane=1 lane_count=1 executable=False dtm=45.6 speed=6.78 host=102 lead=None
obu-merge-car-1  | [9.0] Merge_Car MCM_RX_ACCEPT: from=102 manoeuvre=134 target=103
obu-main-lead-1  | [9.2] Main_Lead role=cruise state=CRUISE->CRUISE speed=7.65 target=7.50 neighbors=2
obu-main-host-1  | HOST_RESERVATION_EXTEND_UNTIL_CLEAR: host=Main_Host ramp=103 manoeuvre=134 new_remaining=4.0 ramp_lcs=WAIT_EDGE ramp_edge=34126779
obu-main-host-1  | HOST_RESERVATION_HOLD: host=Main_Host ramp=103 manoeuvre=134 remaining=4.0 own_speed=7.51 target_speed=7.51 ramp_fsm=NEGOTIATING ramp_lane_cmd_state=WAIT_EDGE ramp_edge=34126779 ramp_lane=0 ramp_merge_completed=False ramp_merge_committed=True
obu-main-host-1  | [9.2] Main_Host HOST_HOLD_YIELD: for merge=103 spd=7.51
obu-main-host-1  | [9.2] Main_Host role=host state=YIELDING->YIELDING speed=7.51 target=7.51 neighbors=2
obu-merge-car-1  | [9.3] Merge_Car role=merge state=NEGOTIATING->NEGOTIATING speed=6.77 target=6.75 neighbors=2
obu-main-host-1  | HOST_RESERVATION_EXTEND_UNTIL_CLEAR: host=Main_Host ramp=103 manoeuvre=134 new_remaining=4.0 ramp_lcs=WAIT_EDGE ramp_edge=34126779
obu-main-host-1  | HOST_RESERVATION_HOLD: host=Main_Host ramp=103 manoeuvre=134 remaining=4.0 own_speed=7.51 target_speed=7.51 ramp_fsm=NEGOTIATING ramp_lane_cmd_state=WAIT_EDGE ramp_edge=34126779 ramp_lane=0 ramp_merge_completed=False ramp_merge_committed=True
obu-main-host-1  | [9.3] Main_Host HOST_HOLD_YIELD: for merge=103 spd=7.51
obu-main-host-1  | [9.3] Main_Host MCM_TX_ACCEPT: manoeuvre=134 target=103
obu-merge-car-1  | [9.3] Merge_Car MCM_RX_ACCEPT: from=102 manoeuvre=134 target=103
obu-main-host-1  | HOST_RESERVATION_EXTEND_UNTIL_CLEAR: host=Main_Host ramp=103 manoeuvre=134 new_remaining=4.0 ramp_lcs=WAIT_EDGE ramp_edge=34126779
obu-main-host-1  | HOST_RESERVATION_HOLD: host=Main_Host ramp=103 manoeuvre=134 remaining=4.0 own_speed=7.51 target_speed=7.51 ramp_fsm=NEGOTIATING ramp_lane_cmd_state=WAIT_EDGE ramp_edge=34126779 ramp_lane=0 ramp_merge_completed=False ramp_merge_committed=True
obu-main-host-1  | [9.5] Main_Host HOST_HOLD_YIELD: for merge=103 spd=7.51
obu-main-host-1  | HOST_RESERVATION_EXTEND_UNTIL_CLEAR: host=Main_Host ramp=103 manoeuvre=134 new_remaining=4.0 ramp_lcs=WAIT_EDGE ramp_edge=34126779
obu-main-host-1  | HOST_RESERVATION_HOLD: host=Main_Host ramp=103 manoeuvre=134 remaining=4.0 own_speed=7.51 target_speed=7.51 ramp_fsm=NEGOTIATING ramp_lane_cmd_state=WAIT_EDGE ramp_edge=34126779 ramp_lane=0 ramp_merge_completed=False ramp_merge_committed=True
obu-main-host-1  | [9.7] Main_Host HOST_HOLD_YIELD: for merge=103 spd=7.51
obu-main-host-1  | [9.7] Main_Host MCM_TX_ACCEPT: manoeuvre=134 target=103
obu-main-host-1  | HOST_RESERVATION_EXTEND_UNTIL_CLEAR: host=Main_Host ramp=103 manoeuvre=134 new_remaining=4.0 ramp_lcs=WAIT_EDGE ramp_edge=34126779
obu-main-host-1  | HOST_RESERVATION_HOLD: host=Main_Host ramp=103 manoeuvre=134 remaining=4.0 own_speed=7.51 target_speed=7.51 ramp_fsm=NEGOTIATING ramp_lane_cmd_state=WAIT_EDGE ramp_edge=34126779 ramp_lane=0 ramp_merge_completed=False ramp_merge_committed=True
obu-main-host-1  | [9.8] Main_Host HOST_HOLD_YIELD: for merge=103 spd=7.51
obu-merge-car-1  | [9.8] Merge_Car MCM_RX_ACCEPT: from=102 manoeuvre=134 target=103
obu-merge-car-1  | [10.0] Merge_Car MERGE_PREPARE_WAIT_LANE_AVAILABLE: edge=34126779 lane=0 target_lane=1 lane_count=1 executable=False dtm=39.2 speed=6.77 host=102 lead=None
obu-main-host-1  | HOST_RESERVATION_EXTEND_UNTIL_CLEAR: host=Main_Host ramp=103 manoeuvre=134 new_remaining=4.0 ramp_lcs=WAIT_EDGE ramp_edge=34126779
obu-main-host-1  | HOST_RESERVATION_HOLD: host=Main_Host ramp=103 manoeuvre=134 remaining=4.0 own_speed=7.51 target_speed=7.51 ramp_fsm=NEGOTIATING ramp_lane_cmd_state=WAIT_EDGE ramp_edge=34126779 ramp_lane=0 ramp_merge_completed=False ramp_merge_committed=True
obu-main-host-1  | [10.0] Main_Host HOST_HOLD_YIELD: for merge=103 spd=7.51
obu-main-host-1  | [10.0] Main_Host MCM_TX_ACCEPT: manoeuvre=134 target=103
obu-merge-car-1  | [10.1] Merge_Car MCM_RX_ACCEPT: from=102 manoeuvre=134 target=103
obu-main-lead-1  | [10.2] Main_Lead role=cruise state=CRUISE->CRUISE speed=7.59 target=7.50 neighbors=2
obu-main-host-1  | HOST_RESERVATION_EXTEND_UNTIL_CLEAR: host=Main_Host ramp=103 manoeuvre=134 new_remaining=4.0 ramp_lcs=WAIT_EDGE ramp_edge=34126779
obu-main-host-1  | HOST_RESERVATION_HOLD: host=Main_Host ramp=103 manoeuvre=134 remaining=4.0 own_speed=7.51 target_speed=7.51 ramp_fsm=NEGOTIATING ramp_lane_cmd_state=WAIT_EDGE ramp_edge=34126779 ramp_lane=0 ramp_merge_completed=False ramp_merge_committed=True
obu-main-host-1  | [10.2] Main_Host HOST_HOLD_YIELD: for merge=103 spd=7.51
obu-main-host-1  | [10.2] Main_Host role=host state=YIELDING->YIELDING speed=7.51 target=7.51 neighbors=2
obu-main-host-1  | HOST_RESERVATION_EXTEND_UNTIL_CLEAR: host=Main_Host ramp=103 manoeuvre=134 new_remaining=4.0 ramp_lcs=WAIT_EDGE ramp_edge=34126779
obu-main-host-1  | HOST_RESERVATION_HOLD: host=Main_Host ramp=103 manoeuvre=134 remaining=4.0 own_speed=7.51 target_speed=7.51 ramp_fsm=NEGOTIATING ramp_lane_cmd_state=WAIT_EDGE ramp_edge=34126779 ramp_lane=0 ramp_merge_completed=False ramp_merge_committed=True
obu-main-host-1  | [10.3] Main_Host HOST_HOLD_YIELD: for merge=103 spd=7.51
obu-main-host-1  | [10.3] Main_Host MCM_TX_ACCEPT: manoeuvre=134 target=103
obu-merge-car-1  | [10.3] Merge_Car MCM_RX_ACCEPT: from=102 manoeuvre=134 target=103
obu-merge-car-1  | [10.3] Merge_Car role=merge state=NEGOTIATING->NEGOTIATING speed=6.76 target=6.75 neighbors=2
traci-bridge-1   |  Retrying in 1 seconds
traci-bridge-1   | LANE_CMD_STATE veh=Merge_Car edge=34126779 lane=0 target=1 lane_count=1 recently=False speed=6.89
traci-bridge-1   | LANE_CMD_WAIT_EDGE veh=Merge_Car edge=34126779 lane=0 target=1 lane_count=1
traci-bridge-1   | LANE_CMD_STATE veh=Merge_Car edge=34126779 lane=0 target=1 lane_count=1 recently=False speed=6.88
traci-bridge-1   | LANE_CMD_WAIT_EDGE veh=Merge_Car edge=34126779 lane=0 target=1 lane_count=1
traci-bridge-1   | LANE_CMD_STATE veh=Merge_Car edge=34126779 lane=0 target=1 lane_count=1 recently=False speed=6.87
traci-bridge-1   | LANE_CMD_WAIT_EDGE veh=Merge_Car edge=34126779 lane=0 target=1 lane_count=1
traci-bridge-1   | LANE_CMD_STATE veh=Merge_Car edge=34126779 lane=0 target=1 lane_count=1 recently=False speed=6.87
traci-bridge-1   | LANE_CMD_WAIT_EDGE veh=Merge_Car edge=34126779 lane=0 target=1 lane_count=1
traci-bridge-1   | LANE_CMD_STATE veh=Merge_Car edge=34126779 lane=0 target=1 lane_count=1 recently=False speed=6.86
traci-bridge-1   | LANE_CMD_WAIT_EDGE veh=Merge_Car edge=34126779 lane=0 target=1 lane_count=1
traci-bridge-1   | LANE_CMD_STATE veh=Merge_Car edge=34126779 lane=0 target=1 lane_count=1 recently=False speed=6.85
traci-bridge-1   | LANE_CMD_WAIT_EDGE veh=Merge_Car edge=34126779 lane=0 target=1 lane_count=1
traci-bridge-1   | LANE_CMD_STATE veh=Merge_Car edge=34126779 lane=0 target=1 lane_count=1 recently=False speed=6.85
traci-bridge-1   | LANE_CMD_WAIT_EDGE veh=Merge_Car edge=34126779 lane=0 target=1 lane_count=1
traci-bridge-1   | LANE_CMD_STATE veh=Merge_Car edge=34126779 lane=0 target=1 lane_count=1 recently=False speed=6.84
traci-bridge-1   | LANE_CMD_WAIT_EDGE veh=Merge_Car edge=34126779 lane=0 target=1 lane_count=1
traci-bridge-1   | LANE_CMD_STATE veh=Merge_Car edge=34126779 lane=0 target=1 lane_count=1 recently=False speed=6.84
traci-bridge-1   | LANE_CMD_WAIT_EDGE veh=Merge_Car edge=34126779 lane=0 target=1 lane_count=1
traci-bridge-1   | LANE_CMD_STATE veh=Merge_Car edge=34126779 lane=0 target=1 lane_count=1 recently=False speed=6.84
traci-bridge-1   | LANE_CMD_WAIT_EDGE veh=Merge_Car edge=34126779 lane=0 target=1 lane_count=1
traci-bridge-1   | LANE_CMD_STATE veh=Merge_Car edge=34126779 lane=0 target=1 lane_count=1 recently=False speed=6.83
traci-bridge-1   | LANE_CMD_WAIT_EDGE veh=Merge_Car edge=34126779 lane=0 target=1 lane_count=1
traci-bridge-1   | LANE_CMD_STATE veh=Merge_Car edge=34126779 lane=0 target=1 lane_count=1 recently=False speed=6.83
traci-bridge-1   | LANE_CMD_WAIT_EDGE veh=Merge_Car edge=34126779 lane=0 target=1 lane_count=1
traci-bridge-1   | LANE_CMD_STATE veh=Merge_Car edge=34126779 lane=0 target=1 lane_count=1 recently=False speed=6.82
traci-bridge-1   | LANE_CMD_WAIT_EDGE veh=Merge_Car edge=34126779 lane=0 target=1 lane_count=1
traci-bridge-1   | LANE_CMD_STATE veh=Merge_Car edge=34126779 lane=0 target=1 lane_count=1 recently=False speed=6.82
traci-bridge-1   | LANE_CMD_WAIT_EDGE veh=Merge_Car edge=34126779 lane=0 target=1 lane_count=1
traci-bridge-1   | LANE_CMD_STATE veh=Merge_Car edge=34126779 lane=0 target=1 lane_count=1 recently=False speed=6.82
traci-bridge-1   | LANE_CMD_WAIT_EDGE veh=Merge_Car edge=34126779 lane=0 target=1 lane_count=1
traci-bridge-1   | LANE_CMD_STATE veh=Merge_Car edge=34126779 lane=0 target=1 lane_count=1 recently=False speed=6.81
traci-bridge-1   | LANE_CMD_WAIT_EDGE veh=Merge_Car edge=34126779 lane=0 target=1 lane_count=1
traci-bridge-1   | LANE_CMD_STATE veh=Merge_Car edge=34126779 lane=0 target=1 lane_count=1 recently=False speed=6.81
traci-bridge-1   | LANE_CMD_WAIT_EDGE veh=Merge_Car edge=34126779 lane=0 target=1 lane_count=1
traci-bridge-1   | LANE_CMD_STATE veh=Merge_Car edge=34126779 lane=0 target=1 lane_count=1 recently=False speed=6.81
traci-bridge-1   | LANE_CMD_WAIT_EDGE veh=Merge_Car edge=34126779 lane=0 target=1 lane_count=1
traci-bridge-1   | LANE_CMD_STATE veh=Merge_Car edge=34126779 lane=0 target=1 lane_count=1 recently=False speed=6.80
traci-bridge-1   | LANE_CMD_WAIT_EDGE veh=Merge_Car edge=34126779 lane=0 target=1 lane_count=1
traci-bridge-1   | LANE_CMD_STATE veh=Merge_Car edge=34126779 lane=0 target=1 lane_count=1 recently=False speed=6.80
traci-bridge-1   | LANE_CMD_WAIT_EDGE veh=Merge_Car edge=34126779 lane=0 target=1 lane_count=1
traci-bridge-1   | LANE_CMD_STATE veh=Merge_Car edge=34126779 lane=0 target=1 lane_count=1 recently=False speed=6.80
traci-bridge-1   | LANE_CMD_WAIT_EDGE veh=Merge_Car edge=34126779 lane=0 target=1 lane_count=1
traci-bridge-1   | LANE_CMD_STATE veh=Merge_Car edge=34126779 lane=0 target=1 lane_count=1 recently=False speed=6.80
traci-bridge-1   | LANE_CMD_WAIT_EDGE veh=Merge_Car edge=34126779 lane=0 target=1 lane_count=1
traci-bridge-1   | LANE_CMD_STATE veh=Merge_Car edge=34126779 lane=0 target=1 lane_count=1 recently=False speed=6.79
traci-bridge-1   | LANE_CMD_WAIT_EDGE veh=Merge_Car edge=34126779 lane=0 target=1 lane_count=1
traci-bridge-1   | LANE_CMD_STATE veh=Merge_Car edge=34126779 lane=0 target=1 lane_count=1 recently=False speed=6.79
traci-bridge-1   | LANE_CMD_WAIT_EDGE veh=Merge_Car edge=34126779 lane=0 target=1 lane_count=1
traci-bridge-1   | LANE_CMD_STATE veh=Merge_Car edge=34126779 lane=0 target=1 lane_count=1 recently=False speed=6.79
traci-bridge-1   | LANE_CMD_WAIT_EDGE veh=Merge_Car edge=34126779 lane=0 target=1 lane_count=1
traci-bridge-1   | LANE_CMD_STATE veh=Merge_Car edge=34126779 lane=0 target=1 lane_count=1 recently=False speed=6.79
traci-bridge-1   | LANE_CMD_WAIT_EDGE veh=Merge_Car edge=34126779 lane=0 target=1 lane_count=1
traci-bridge-1   | LANE_CMD_STATE veh=Merge_Car edge=34126779 lane=0 target=1 lane_count=1 recently=False speed=6.79
traci-bridge-1   | LANE_CMD_WAIT_EDGE veh=Merge_Car edge=34126779 lane=0 target=1 lane_count=1
traci-bridge-1   | LANE_CMD_STATE veh=Merge_Car edge=34126779 lane=0 target=1 lane_count=1 recently=False speed=6.78
traci-bridge-1   | LANE_CMD_WAIT_EDGE veh=Merge_Car edge=34126779 lane=0 target=1 lane_count=1
traci-bridge-1   | LANE_CMD_STATE veh=Merge_Car edge=34126779 lane=0 target=1 lane_count=1 recently=False speed=6.78
traci-bridge-1   | LANE_CMD_WAIT_EDGE veh=Merge_Car edge=34126779 lane=0 target=1 lane_count=1
traci-bridge-1   | LANE_CMD_STATE veh=Merge_Car edge=34126779 lane=0 target=1 lane_count=1 recently=False speed=6.78
traci-bridge-1   | LANE_CMD_WAIT_EDGE veh=Merge_Car edge=34126779 lane=0 target=1 lane_count=1
traci-bridge-1   | LANE_CMD_STATE veh=Merge_Car edge=34126779 lane=0 target=1 lane_count=1 recently=False speed=6.78
traci-bridge-1   | LANE_CMD_WAIT_EDGE veh=Merge_Car edge=34126779 lane=0 target=1 lane_count=1
traci-bridge-1   | LANE_CMD_STATE veh=Merge_Car edge=34126779 lane=0 target=1 lane_count=1 recently=False speed=6.78
traci-bridge-1   | LANE_CMD_WAIT_EDGE veh=Merge_Car edge=34126779 lane=0 target=1 lane_count=1
traci-bridge-1   | LANE_CMD_STATE veh=Merge_Car edge=34126779 lane=0 target=1 lane_count=1 recently=False speed=6.78
traci-bridge-1   | LANE_CMD_WAIT_EDGE veh=Merge_Car edge=34126779 lane=0 target=1 lane_count=1
traci-bridge-1   | LANE_CMD_STATE veh=Merge_Car edge=34126779 lane=0 target=1 lane_count=1 recently=False speed=6.77
traci-bridge-1   | LANE_CMD_WAIT_EDGE veh=Merge_Car edge=34126779 lane=0 target=1 lane_count=1
traci-bridge-1   | LANE_CMD_STATE veh=Merge_Car edge=34126779 lane=0 target=1 lane_count=1 recently=False speed=6.77
traci-bridge-1   | LANE_CMD_WAIT_EDGE veh=Merge_Car edge=34126779 lane=0 target=1 lane_count=1
traci-bridge-1   | LANE_CMD_STATE veh=Merge_Car edge=34126779 lane=0 target=1 lane_count=1 recently=False speed=6.77
traci-bridge-1   | LANE_CMD_WAIT_EDGE veh=Merge_Car edge=34126779 lane=0 target=1 lane_count=1
traci-bridge-1   | LANE_CMD_STATE veh=Merge_Car edge=34126779 lane=0 target=1 lane_count=1 recently=False speed=6.77
traci-bridge-1   | LANE_CMD_WAIT_EDGE veh=Merge_Car edge=34126779 lane=0 target=1 lane_count=1
traci-bridge-1   | LANE_CMD_STATE veh=Merge_Car edge=34126779 lane=0 target=1 lane_count=1 recently=False speed=6.77
traci-bridge-1   | LANE_CMD_WAIT_EDGE veh=Merge_Car edge=34126779 lane=0 target=1 lane_count=1
traci-bridge-1   | LANE_CMD_STATE veh=Merge_Car edge=34126779 lane=0 target=1 lane_count=1 recently=False speed=6.77
traci-bridge-1   | LANE_CMD_WAIT_EDGE veh=Merge_Car edge=34126779 lane=0 target=1 lane_count=1
traci-bridge-1   | LANE_CMD_STATE veh=Merge_Car edge=34126779 lane=0 target=1 lane_count=1 recently=False speed=6.77
traci-bridge-1   | LANE_CMD_WAIT_EDGE veh=Merge_Car edge=34126779 lane=0 target=1 lane_count=1
traci-bridge-1   | LANE_CMD_STATE veh=Merge_Car edge=34126779 lane=0 target=1 lane_count=1 recently=False speed=6.77
traci-bridge-1   | LANE_CMD_WAIT_EDGE veh=Merge_Car edge=34126779 lane=0 target=1 lane_count=1
traci-bridge-1   | LANE_CMD_STATE veh=Merge_Car edge=34126779 lane=0 target=1 lane_count=1 recently=False speed=6.77
traci-bridge-1   | LANE_CMD_WAIT_EDGE veh=Merge_Car edge=34126779 lane=0 target=1 lane_count=1
traci-bridge-1   | LANE_CMD_STATE veh=Merge_Car edge=34126779 lane=0 target=1 lane_count=1 recently=False speed=6.77
traci-bridge-1   | LANE_CMD_WAIT_EDGE veh=Merge_Car edge=34126779 lane=0 target=1 lane_count=1
traci-bridge-1   | LANE_CMD_STATE veh=Merge_Car edge=34126779 lane=0 target=1 lane_count=1 recently=False speed=6.76
traci-bridge-1   | LANE_CMD_WAIT_EDGE veh=Merge_Car edge=34126779 lane=0 target=1 lane_count=1
traci-bridge-1   | LANE_CMD_STATE veh=Merge_Car edge=34126779 lane=0 target=1 lane_count=1 recently=False speed=6.76
traci-bridge-1   | LANE_CMD_WAIT_EDGE veh=Merge_Car edge=34126779 lane=0 target=1 lane_count=1
traci-bridge-1   | LANE_CMD_STATE veh=Merge_Car edge=34126779 lane=0 target=1 lane_count=1 recently=False speed=6.76
traci-bridge-1   | LANE_CMD_WAIT_EDGE veh=Merge_Car edge=34126779 lane=0 target=1 lane_count=1
traci-bridge-1   | LANE_CMD_STATE veh=Merge_Car edge=34126779 lane=0 target=1 lane_count=1 recently=False speed=6.76
obu-main-host-1  | HOST_RESERVATION_EXTEND_UNTIL_CLEAR: host=Main_Host ramp=103 manoeuvre=134 new_remaining=4.0 ramp_lcs=WAIT_EDGE ramp_edge=34126779
obu-main-host-1  | HOST_RESERVATION_HOLD: host=Main_Host ramp=103 manoeuvre=134 remaining=4.0 own_speed=7.51 target_speed=7.51 ramp_fsm=NEGOTIATING ramp_lane_cmd_state=WAIT_EDGE ramp_edge=34126779 ramp_lane=0 ramp_merge_completed=False ramp_merge_committed=True
obu-main-host-1  | [10.5] Main_Host HOST_HOLD_YIELD: for merge=103 spd=7.51
obu-main-host-1  | HOST_RESERVATION_EXTEND_UNTIL_CLEAR: host=Main_Host ramp=103 manoeuvre=134 new_remaining=4.0 ramp_lcs=WAIT_EDGE ramp_edge=34126779
obu-main-host-1  | HOST_RESERVATION_HOLD: host=Main_Host ramp=103 manoeuvre=134 remaining=4.0 own_speed=7.51 target_speed=7.51 ramp_fsm=NEGOTIATING ramp_lane_cmd_state=WAIT_EDGE ramp_edge=34126779 ramp_lane=0 ramp_merge_completed=False ramp_merge_committed=True
obu-main-host-1  | [10.7] Main_Host HOST_HOLD_YIELD: for merge=103 spd=7.51
obu-main-host-1  | [10.7] Main_Host MCM_TX_ACCEPT: manoeuvre=134 target=103
obu-merge-car-1  | [10.7] Merge_Car MCM_RX_ACCEPT: from=102 manoeuvre=134 target=103
obu-main-host-1  | HOST_RESERVATION_EXTEND_UNTIL_CLEAR: host=Main_Host ramp=103 manoeuvre=134 new_remaining=4.0 ramp_lcs=WAIT_EDGE ramp_edge=34126779
obu-main-host-1  | HOST_RESERVATION_HOLD: host=Main_Host ramp=103 manoeuvre=134 remaining=4.0 own_speed=7.51 target_speed=7.51 ramp_fsm=NEGOTIATING ramp_lane_cmd_state=WAIT_EDGE ramp_edge=34126779 ramp_lane=0 ramp_merge_completed=False ramp_merge_committed=True
obu-main-host-1  | [10.8] Main_Host HOST_HOLD_YIELD: for merge=103 spd=7.51
obu-merge-car-1  | [11.0] Merge_Car MERGE_PREPARE_WAIT_LANE_AVAILABLE: edge=34126779 lane=0 target_lane=1 lane_count=1 executable=False dtm=32.6 speed=6.76 host=102 lead=None
obu-main-host-1  | HOST_RESERVATION_EXTEND_UNTIL_CLEAR: host=Main_Host ramp=103 manoeuvre=134 new_remaining=4.0 ramp_lcs=WAIT_EDGE ramp_edge=34126779
obu-main-host-1  | HOST_RESERVATION_HOLD: host=Main_Host ramp=103 manoeuvre=134 remaining=4.0 own_speed=7.51 target_speed=7.51 ramp_fsm=NEGOTIATING ramp_lane_cmd_state=WAIT_EDGE ramp_edge=34126779 ramp_lane=0 ramp_merge_completed=False ramp_merge_committed=True
obu-main-host-1  | [11.0] Main_Host HOST_HOLD_YIELD: for merge=103 spd=7.51
obu-main-host-1  | [11.0] Main_Host MCM_TX_ACCEPT: manoeuvre=134 target=103
obu-merge-car-1  | [11.1] Merge_Car MCM_RX_ACCEPT: from=102 manoeuvre=134 target=103
obu-main-lead-1  | [11.2] Main_Lead role=cruise state=CRUISE->CRUISE speed=7.55 target=7.50 neighbors=2
obu-main-host-1  | HOST_RESERVATION_EXTEND_UNTIL_CLEAR: host=Main_Host ramp=103 manoeuvre=134 new_remaining=4.0 ramp_lcs=WAIT_EDGE ramp_edge=34126779
obu-main-host-1  | HOST_RESERVATION_HOLD: host=Main_Host ramp=103 manoeuvre=134 remaining=4.0 own_speed=7.51 target_speed=7.51 ramp_fsm=NEGOTIATING ramp_lane_cmd_state=WAIT_EDGE ramp_edge=34126779 ramp_lane=0 ramp_merge_completed=False ramp_merge_committed=True
obu-main-host-1  | [11.2] Main_Host HOST_HOLD_YIELD: for merge=103 spd=7.51
obu-main-host-1  | [11.2] Main_Host role=host state=YIELDING->YIELDING speed=7.51 target=7.51 neighbors=2
obu-main-host-1  | HOST_RESERVATION_EXTEND_UNTIL_CLEAR: host=Main_Host ramp=103 manoeuvre=134 new_remaining=4.0 ramp_lcs=WAIT_EDGE ramp_edge=34126779
obu-main-host-1  | HOST_RESERVATION_HOLD: host=Main_Host ramp=103 manoeuvre=134 remaining=4.0 own_speed=7.51 target_speed=7.51 ramp_fsm=NEGOTIATING ramp_lane_cmd_state=WAIT_EDGE ramp_edge=34126779 ramp_lane=0 ramp_merge_completed=False ramp_merge_committed=True
obu-main-host-1  | [11.3] Main_Host HOST_HOLD_YIELD: for merge=103 spd=7.51
obu-main-host-1  | [11.3] Main_Host MCM_TX_ACCEPT: manoeuvre=134 target=103
obu-merge-car-1  | [11.3] Merge_Car MCM_RX_ACCEPT: from=102 manoeuvre=134 target=103
obu-merge-car-1  | [11.3] Merge_Car role=merge state=NEGOTIATING->NEGOTIATING speed=6.76 target=6.75 neighbors=2
obu-main-host-1  | HOST_RESERVATION_EXTEND_UNTIL_CLEAR: host=Main_Host ramp=103 manoeuvre=134 new_remaining=4.0 ramp_lcs=WAIT_EDGE ramp_edge=34126779
obu-main-host-1  | HOST_RESERVATION_HOLD: host=Main_Host ramp=103 manoeuvre=134 remaining=4.0 own_speed=7.51 target_speed=7.51 ramp_fsm=NEGOTIATING ramp_lane_cmd_state=WAIT_EDGE ramp_edge=34126779 ramp_lane=0 ramp_merge_completed=False ramp_merge_committed=True
obu-main-host-1  | [11.5] Main_Host HOST_HOLD_YIELD: for merge=103 spd=7.51
obu-main-host-1  | HOST_RESERVATION_EXTEND_UNTIL_CLEAR: host=Main_Host ramp=103 manoeuvre=134 new_remaining=3.9 ramp_lcs=WAIT_EDGE ramp_edge=34126779
obu-main-host-1  | HOST_RESERVATION_HOLD: host=Main_Host ramp=103 manoeuvre=134 remaining=3.9 own_speed=7.51 target_speed=7.51 ramp_fsm=NEGOTIATING ramp_lane_cmd_state=WAIT_EDGE ramp_edge=34126779 ramp_lane=0 ramp_merge_completed=False ramp_merge_committed=True
obu-main-host-1  | [11.7] Main_Host HOST_HOLD_YIELD: for merge=103 spd=7.51
obu-main-host-1  | [11.7] Main_Host MCM_TX_ACCEPT: manoeuvre=134 target=103
obu-main-host-1  | HOST_RESERVATION_HOLD: host=Main_Host ramp=103 manoeuvre=134 remaining=3.8 own_speed=7.51 target_speed=7.51 ramp_fsm=NEGOTIATING ramp_lane_cmd_state=WAIT_EDGE ramp_edge=34126779 ramp_lane=0 ramp_merge_completed=False ramp_merge_committed=True
obu-main-host-1  | [11.8] Main_Host HOST_HOLD_YIELD: for merge=103 spd=7.51
obu-merge-car-1  | [11.8] Merge_Car MCM_RX_ACCEPT: from=102 manoeuvre=134 target=103
obu-main-host-1  | HOST_RESERVATION_HOLD: host=Main_Host ramp=103 manoeuvre=134 remaining=3.6 own_speed=7.51 target_speed=7.51 ramp_fsm=NEGOTIATING ramp_lane_cmd_state=WAIT_EDGE ramp_edge=34126779 ramp_lane=0 ramp_merge_completed=False ramp_merge_committed=True
obu-main-host-1  | [12.0] Main_Host HOST_HOLD_YIELD: for merge=103 spd=7.51
obu-main-host-1  | [12.0] Main_Host MCM_TX_ACCEPT: manoeuvre=134 target=103
obu-merge-car-1  | [12.1] Merge_Car MCM_RX_ACCEPT: from=102 manoeuvre=134 target=103
obu-merge-car-1  | [12.1] Merge_Car MERGE_PREPARE_WAIT_LANE_AVAILABLE: edge=34126779 lane=0 target_lane=1 lane_count=1 executable=False dtm=25.3 speed=6.76 host=102 lead=None
obu-main-lead-1  | [12.2] Main_Lead role=cruise state=CRUISE->CRUISE speed=7.53 target=7.50 neighbors=2
obu-main-host-1  | HOST_RESERVATION_HOLD: host=Main_Host ramp=103 manoeuvre=134 remaining=3.4 own_speed=7.51 target_speed=7.51 ramp_fsm=NEGOTIATING ramp_lane_cmd_state=WAIT_EDGE ramp_edge=34126779 ramp_lane=0 ramp_merge_completed=False ramp_merge_committed=True
obu-main-host-1  | [12.2] Main_Host HOST_HOLD_YIELD: for merge=103 spd=7.51
obu-main-host-1  | [12.2] Main_Host role=host state=YIELDING->YIELDING speed=7.51 target=7.51 neighbors=2
obu-merge-car-1  | [12.3] Merge_Car role=merge state=NEGOTIATING->NEGOTIATING speed=6.75 target=6.75 neighbors=2
obu-main-host-1  | HOST_RESERVATION_HOLD: host=Main_Host ramp=103 manoeuvre=134 remaining=3.3 own_speed=7.51 target_speed=7.51 ramp_fsm=NEGOTIATING ramp_lane_cmd_state=WAIT_EDGE ramp_edge=34126779 ramp_lane=0 ramp_merge_completed=False ramp_merge_committed=True
obu-main-host-1  | [12.3] Main_Host HOST_HOLD_YIELD: for merge=103 spd=7.51
obu-main-host-1  | [12.3] Main_Host MCM_TX_ACCEPT: manoeuvre=134 target=103
obu-merge-car-1  | [12.4] Merge_Car MCM_RX_ACCEPT: from=102 manoeuvre=134 target=103
obu-main-host-1  | HOST_RESERVATION_HOLD: host=Main_Host ramp=103 manoeuvre=134 remaining=3.1 own_speed=7.51 target_speed=7.51 ramp_fsm=NEGOTIATING ramp_lane_cmd_state=WAIT_EDGE ramp_edge=34126779 ramp_lane=0 ramp_merge_completed=False ramp_merge_committed=True
obu-main-host-1  | [12.5] Main_Host HOST_HOLD_YIELD: for merge=103 spd=7.51
obu-main-host-1  | HOST_RESERVATION_HOLD: host=Main_Host ramp=103 manoeuvre=134 remaining=2.9 own_speed=7.51 target_speed=7.51 ramp_fsm=NEGOTIATING ramp_lane_cmd_state=WAIT_EDGE ramp_edge=34126779 ramp_lane=0 ramp_merge_completed=False ramp_merge_committed=True
obu-main-host-1  | [12.7] Main_Host HOST_HOLD_YIELD: for merge=103 spd=7.51
obu-main-host-1  | [12.7] Main_Host MCM_TX_ACCEPT: manoeuvre=134 target=103
obu-merge-car-1  | [12.8] Merge_Car MCM_RX_ACCEPT: from=102 manoeuvre=134 target=103
obu-main-host-1  | HOST_RESERVATION_HOLD: host=Main_Host ramp=103 manoeuvre=134 remaining=2.8 own_speed=7.51 target_speed=7.51 ramp_fsm=NEGOTIATING ramp_lane_cmd_state=WAIT_EDGE ramp_edge=34126779 ramp_lane=0 ramp_merge_completed=False ramp_merge_committed=True
obu-main-host-1  | [12.8] Main_Host HOST_HOLD_YIELD: for merge=103 spd=7.51
obu-main-host-1  | HOST_RESERVATION_HOLD: host=Main_Host ramp=103 manoeuvre=134 remaining=2.6 own_speed=7.51 target_speed=7.51 ramp_fsm=NEGOTIATING ramp_lane_cmd_state=WAIT_EDGE ramp_edge=34126779 ramp_lane=0 ramp_merge_completed=False ramp_merge_committed=True
obu-main-host-1  | [13.0] Main_Host HOST_HOLD_YIELD: for merge=103 spd=7.51
obu-main-host-1  | [13.0] Main_Host MCM_TX_ACCEPT: manoeuvre=134 target=103
obu-merge-car-1  | [13.0] Merge_Car MCM_RX_ACCEPT: from=102 manoeuvre=134 target=103
obu-main-lead-1  | [13.2] Main_Lead role=cruise state=CRUISE->CRUISE speed=7.52 target=7.50 neighbors=2
obu-merge-car-1  | [13.2] Merge_Car MERGE_PREPARE_WAIT_LANE_AVAILABLE: edge=34126779 lane=0 target_lane=1 lane_count=1 executable=False dtm=17.9 speed=6.75 host=102 lead=None
obu-main-host-1  | HOST_RESERVATION_HOLD: host=Main_Host ramp=103 manoeuvre=134 remaining=2.4 own_speed=7.51 target_speed=7.51 ramp_fsm=NEGOTIATING ramp_lane_cmd_state=WAIT_EDGE ramp_edge=34126779 ramp_lane=0 ramp_merge_completed=False ramp_merge_committed=True
obu-main-host-1  | [13.2] Main_Host HOST_HOLD_YIELD: for merge=103 spd=7.51
obu-main-host-1  | [13.2] Main_Host role=host state=YIELDING->YIELDING speed=7.51 target=7.51 neighbors=2
obu-main-host-1  | HOST_RESERVATION_HOLD: host=Main_Host ramp=103 manoeuvre=134 remaining=2.3 own_speed=7.51 target_speed=7.51 ramp_fsm=NEGOTIATING ramp_lane_cmd_state=WAIT_EDGE ramp_edge=34126779 ramp_lane=0 ramp_merge_completed=False ramp_merge_committed=True
obu-main-host-1  | [13.3] Main_Host HOST_HOLD_YIELD: for merge=103 spd=7.51
obu-main-host-1  | [13.3] Main_Host MCM_TX_ACCEPT: manoeuvre=134 target=103
obu-merge-car-1  | [13.3] Merge_Car MCM_RX_ACCEPT: from=102 manoeuvre=134 target=103
obu-merge-car-1  | [13.3] Merge_Car role=merge state=NEGOTIATING->NEGOTIATING speed=6.75 target=6.75 neighbors=2
obu-main-host-1  | HOST_RESERVATION_HOLD: host=Main_Host ramp=103 manoeuvre=134 remaining=2.1 own_speed=7.51 target_speed=7.51 ramp_fsm=NEGOTIATING ramp_lane_cmd_state=WAIT_EDGE ramp_edge=34126779 ramp_lane=0 ramp_merge_completed=False ramp_merge_committed=True
obu-main-host-1  | [13.5] Main_Host HOST_HOLD_YIELD: for merge=103 spd=7.51
obu-main-host-1  | HOST_RESERVATION_HOLD: host=Main_Host ramp=103 manoeuvre=134 remaining=1.9 own_speed=7.51 target_speed=7.51 ramp_fsm=NEGOTIATING ramp_lane_cmd_state=WAIT_EDGE ramp_edge=34126779 ramp_lane=0 ramp_merge_completed=False ramp_merge_committed=True
obu-main-host-1  | [13.7] Main_Host HOST_HOLD_YIELD: for merge=103 spd=7.51
obu-main-host-1  | [13.7] Main_Host MCM_TX_ACCEPT: manoeuvre=134 target=103
obu-merge-car-1  | [13.7] Merge_Car MCM_RX_ACCEPT: from=102 manoeuvre=134 target=103
obu-main-host-1  | HOST_RESERVATION_HOLD: host=Main_Host ramp=103 manoeuvre=134 remaining=1.8 own_speed=7.51 target_speed=7.51 ramp_fsm=NEGOTIATING ramp_lane_cmd_state=WAIT_EDGE ramp_edge=34126779 ramp_lane=0 ramp_merge_completed=False ramp_merge_committed=True
obu-main-host-1  | [13.8] Main_Host HOST_HOLD_YIELD: for merge=103 spd=7.51
obu-main-host-1  | HOST_RESERVATION_HOLD: host=Main_Host ramp=103 manoeuvre=134 remaining=1.6 own_speed=7.51 target_speed=7.51 ramp_fsm=NEGOTIATING ramp_lane_cmd_state=WAIT_EDGE ramp_edge=34126779 ramp_lane=0 ramp_merge_completed=False ramp_merge_committed=True
obu-main-host-1  | [14.0] Main_Host HOST_HOLD_YIELD: for merge=103 spd=7.51
obu-main-host-1  | [14.0] Main_Host MCM_TX_ACCEPT: manoeuvre=134 target=103
obu-merge-car-1  | [14.1] Merge_Car MCM_RX_ACCEPT: from=102 manoeuvre=134 target=103
obu-main-lead-1  | [14.2] Main_Lead role=cruise state=CRUISE->CRUISE speed=7.51 target=7.50 neighbors=2
obu-main-host-1  | HOST_RESERVATION_HOLD: host=Main_Host ramp=103 manoeuvre=134 remaining=1.4 own_speed=7.51 target_speed=7.51 ramp_fsm=NEGOTIATING ramp_lane_cmd_state=WAIT_EDGE ramp_edge=34126779 ramp_lane=0 ramp_merge_completed=False ramp_merge_committed=True
obu-main-host-1  | [14.2] Main_Host HOST_HOLD_YIELD: for merge=103 spd=7.51
obu-main-host-1  | [14.2] Main_Host role=host state=YIELDING->YIELDING speed=7.51 target=7.51 neighbors=2
obu-merge-car-1  | [14.2] Merge_Car MERGE_PREPARE_WAIT_LANE_AVAILABLE: edge=34126779 lane=0 target_lane=1 lane_count=1 executable=False dtm=11.4 speed=6.75 host=102 lead=None
obu-main-host-1  | HOST_RESERVATION_HOLD: host=Main_Host ramp=103 manoeuvre=134 remaining=1.3 own_speed=7.51 target_speed=7.51 ramp_fsm=NEGOTIATING ramp_lane_cmd_state=WAIT_EDGE ramp_edge=34126779 ramp_lane=0 ramp_merge_completed=False ramp_merge_committed=True
obu-main-host-1  | [14.3] Main_Host HOST_HOLD_YIELD: for merge=103 spd=7.51
obu-main-host-1  | [14.3] Main_Host MCM_TX_ACCEPT: manoeuvre=134 target=103
obu-merge-car-1  | [14.3] Merge_Car role=merge state=NEGOTIATING->NEGOTIATING speed=6.75 target=6.75 neighbors=2
obu-merge-car-1  | [14.4] Merge_Car MCM_RX_ACCEPT: from=102 manoeuvre=134 target=103
obu-main-host-1  | HOST_RESERVATION_HOLD: host=Main_Host ramp=103 manoeuvre=134 remaining=1.1 own_speed=7.51 target_speed=7.51 ramp_fsm=NEGOTIATING ramp_lane_cmd_state=WAIT_EDGE ramp_edge=34126779 ramp_lane=0 ramp_merge_completed=False ramp_merge_committed=True
obu-main-host-1  | [14.5] Main_Host HOST_HOLD_YIELD: for merge=103 spd=7.51
obu-main-host-1  | HOST_RESERVATION_HOLD: host=Main_Host ramp=103 manoeuvre=134 remaining=0.9 own_speed=7.51 target_speed=7.51 ramp_fsm=NEGOTIATING ramp_lane_cmd_state=WAIT_EDGE ramp_edge=34126779 ramp_lane=0 ramp_merge_completed=False ramp_merge_committed=True
obu-main-host-1  | [14.7] Main_Host HOST_HOLD_YIELD: for merge=103 spd=7.51
obu-main-host-1  | [14.7] Main_Host MCM_TX_ACCEPT: manoeuvre=134 target=103
obu-merge-car-1  | [14.7] Merge_Car MCM_RX_ACCEPT: from=102 manoeuvre=134 target=103
obu-main-host-1  | HOST_RESERVATION_HOLD: host=Main_Host ramp=103 manoeuvre=134 remaining=0.8 own_speed=7.51 target_speed=7.51 ramp_fsm=NEGOTIATING ramp_lane_cmd_state=WAIT_EDGE ramp_edge=34126779 ramp_lane=0 ramp_merge_completed=False ramp_merge_committed=True
obu-main-host-1  | [14.8] Main_Host HOST_HOLD_YIELD: for merge=103 spd=7.51
obu-main-host-1  | HOST_RESERVATION_HOLD: host=Main_Host ramp=103 manoeuvre=134 remaining=0.6 own_speed=7.51 target_speed=7.51 ramp_fsm=NEGOTIATING ramp_lane_cmd_state=WAIT_EDGE ramp_edge=34126779 ramp_lane=0 ramp_merge_completed=False ramp_merge_committed=True
obu-main-host-1  | [15.0] Main_Host HOST_HOLD_YIELD: for merge=103 spd=7.51
obu-main-host-1  | [15.0] Main_Host MCM_TX_ACCEPT: manoeuvre=134 target=103
obu-merge-car-1  | [15.0] Merge_Car MCM_RX_ACCEPT: from=102 manoeuvre=134 target=103
traci-bridge-1   | LANE_CMD_WAIT_EDGE veh=Merge_Car edge=34126779 lane=0 target=1 lane_count=1
traci-bridge-1   | LANE_CMD_STATE veh=Merge_Car edge=34126779 lane=0 target=1 lane_count=1 recently=False speed=6.76
traci-bridge-1   | LANE_CMD_WAIT_EDGE veh=Merge_Car edge=34126779 lane=0 target=1 lane_count=1
traci-bridge-1   | LANE_CMD_STATE veh=Merge_Car edge=34126779 lane=0 target=1 lane_count=1 recently=False speed=6.76
traci-bridge-1   | LANE_CMD_WAIT_EDGE veh=Merge_Car edge=34126779 lane=0 target=1 lane_count=1
traci-bridge-1   | LANE_CMD_STATE veh=Merge_Car edge=34126779 lane=0 target=1 lane_count=1 recently=False speed=6.76
traci-bridge-1   | LANE_CMD_WAIT_EDGE veh=Merge_Car edge=34126779 lane=0 target=1 lane_count=1
traci-bridge-1   | LANE_CMD_STATE veh=Merge_Car edge=34126779 lane=0 target=1 lane_count=1 recently=False speed=6.76
traci-bridge-1   | LANE_CMD_WAIT_EDGE veh=Merge_Car edge=34126779 lane=0 target=1 lane_count=1
traci-bridge-1   | LANE_CMD_STATE veh=Merge_Car edge=34126779 lane=0 target=1 lane_count=1 recently=False speed=6.76
traci-bridge-1   | LANE_CMD_WAIT_EDGE veh=Merge_Car edge=34126779 lane=0 target=1 lane_count=1
traci-bridge-1   | LANE_CMD_STATE veh=Merge_Car edge=34126779 lane=0 target=1 lane_count=1 recently=False speed=6.76
traci-bridge-1   | LANE_CMD_WAIT_EDGE veh=Merge_Car edge=34126779 lane=0 target=1 lane_count=1
traci-bridge-1   | LANE_CMD_STATE veh=Merge_Car edge=34126779 lane=0 target=1 lane_count=1 recently=False speed=6.76
traci-bridge-1   | LANE_CMD_WAIT_EDGE veh=Merge_Car edge=34126779 lane=0 target=1 lane_count=1
traci-bridge-1   | LANE_CMD_STATE veh=Merge_Car edge=34126779 lane=0 target=1 lane_count=1 recently=False speed=6.76
traci-bridge-1   | LANE_CMD_WAIT_EDGE veh=Merge_Car edge=34126779 lane=0 target=1 lane_count=1
traci-bridge-1   | LANE_CMD_STATE veh=Merge_Car edge=34126779 lane=0 target=1 lane_count=1 recently=False speed=6.76
traci-bridge-1   | LANE_CMD_WAIT_EDGE veh=Merge_Car edge=34126779 lane=0 target=1 lane_count=1
traci-bridge-1   | LANE_CMD_STATE veh=Merge_Car edge=34126779 lane=0 target=1 lane_count=1 recently=False speed=6.76
traci-bridge-1   | LANE_CMD_WAIT_EDGE veh=Merge_Car edge=34126779 lane=0 target=1 lane_count=1
traci-bridge-1   | LANE_CMD_STATE veh=Merge_Car edge=34126779 lane=0 target=1 lane_count=1 recently=False speed=6.76
traci-bridge-1   | LANE_CMD_WAIT_EDGE veh=Merge_Car edge=34126779 lane=0 target=1 lane_count=1
traci-bridge-1   | LANE_CMD_STATE veh=Merge_Car edge=34126779 lane=0 target=1 lane_count=1 recently=False speed=6.76
traci-bridge-1   | LANE_CMD_WAIT_EDGE veh=Merge_Car edge=34126779 lane=0 target=1 lane_count=1
traci-bridge-1   | LANE_CMD_STATE veh=Merge_Car edge=34126779 lane=0 target=1 lane_count=1 recently=False speed=6.76
traci-bridge-1   | LANE_CMD_WAIT_EDGE veh=Merge_Car edge=34126779 lane=0 target=1 lane_count=1
traci-bridge-1   | LANE_CMD_STATE veh=Merge_Car edge=34126779 lane=0 target=1 lane_count=1 recently=False speed=6.76
traci-bridge-1   | LANE_CMD_WAIT_EDGE veh=Merge_Car edge=34126779 lane=0 target=1 lane_count=1
traci-bridge-1   | LANE_CMD_STATE veh=Merge_Car edge=34126779 lane=0 target=1 lane_count=1 recently=False speed=6.76
traci-bridge-1   | LANE_CMD_WAIT_EDGE veh=Merge_Car edge=34126779 lane=0 target=1 lane_count=1
traci-bridge-1   | LANE_CMD_STATE veh=Merge_Car edge=34126779 lane=0 target=1 lane_count=1 recently=False speed=6.76
traci-bridge-1   | LANE_CMD_WAIT_EDGE veh=Merge_Car edge=34126779 lane=0 target=1 lane_count=1
traci-bridge-1   | LANE_CMD_STATE veh=Merge_Car edge=34126779 lane=0 target=1 lane_count=1 recently=False speed=6.76
traci-bridge-1   | LANE_CMD_WAIT_EDGE veh=Merge_Car edge=34126779 lane=0 target=1 lane_count=1
traci-bridge-1   | LANE_CMD_STATE veh=Merge_Car edge=34126779 lane=0 target=1 lane_count=1 recently=False speed=6.76
traci-bridge-1   | LANE_CMD_WAIT_EDGE veh=Merge_Car edge=34126779 lane=0 target=1 lane_count=1
traci-bridge-1   | LANE_CMD_STATE veh=Merge_Car edge=34126779 lane=0 target=1 lane_count=1 recently=False speed=6.75
traci-bridge-1   | LANE_CMD_WAIT_EDGE veh=Merge_Car edge=34126779 lane=0 target=1 lane_count=1
traci-bridge-1   | LANE_CMD_STATE veh=Merge_Car edge=34126779 lane=0 target=1 lane_count=1 recently=False speed=6.75
traci-bridge-1   | LANE_CMD_WAIT_EDGE veh=Merge_Car edge=34126779 lane=0 target=1 lane_count=1
traci-bridge-1   | LANE_CMD_STATE veh=Merge_Car edge=34126779 lane=0 target=1 lane_count=1 recently=False speed=6.75
traci-bridge-1   | LANE_CMD_WAIT_EDGE veh=Merge_Car edge=34126779 lane=0 target=1 lane_count=1
traci-bridge-1   | LANE_CMD_STATE veh=Merge_Car edge=34126779 lane=0 target=1 lane_count=1 recently=False speed=6.75
traci-bridge-1   | LANE_CMD_WAIT_EDGE veh=Merge_Car edge=34126779 lane=0 target=1 lane_count=1
traci-bridge-1   | LANE_CMD_STATE veh=Merge_Car edge=34126779 lane=0 target=1 lane_count=1 recently=False speed=6.75
traci-bridge-1   | LANE_CMD_WAIT_EDGE veh=Merge_Car edge=34126779 lane=0 target=1 lane_count=1
traci-bridge-1   | LANE_CMD_STATE veh=Merge_Car edge=34126779 lane=0 target=1 lane_count=1 recently=False speed=6.75
traci-bridge-1   | LANE_CMD_WAIT_EDGE veh=Merge_Car edge=34126779 lane=0 target=1 lane_count=1
traci-bridge-1   | LANE_CMD_STATE veh=Merge_Car edge=34126779 lane=0 target=1 lane_count=1 recently=False speed=6.75
traci-bridge-1   | LANE_CMD_WAIT_EDGE veh=Merge_Car edge=34126779 lane=0 target=1 lane_count=1
traci-bridge-1   | LANE_CMD_STATE veh=Merge_Car edge=34126779 lane=0 target=1 lane_count=1 recently=False speed=6.75
traci-bridge-1   | LANE_CMD_WAIT_EDGE veh=Merge_Car edge=34126779 lane=0 target=1 lane_count=1
traci-bridge-1   | LANE_CMD_STATE veh=Merge_Car edge=34126779 lane=0 target=1 lane_count=1 recently=False speed=6.75
traci-bridge-1   | LANE_CMD_WAIT_EDGE veh=Merge_Car edge=34126779 lane=0 target=1 lane_count=1
traci-bridge-1   | LANE_CMD_STATE veh=Merge_Car edge=34126779 lane=0 target=1 lane_count=1 recently=False speed=6.75
traci-bridge-1   | LANE_CMD_WAIT_EDGE veh=Merge_Car edge=34126779 lane=0 target=1 lane_count=1
traci-bridge-1   | LANE_CMD_STATE veh=Merge_Car edge=34126779 lane=0 target=1 lane_count=1 recently=False speed=6.75
traci-bridge-1   | LANE_CMD_WAIT_EDGE veh=Merge_Car edge=34126779 lane=0 target=1 lane_count=1
traci-bridge-1   | LANE_CMD_STATE veh=Merge_Car edge=34126779 lane=0 target=1 lane_count=1 recently=False speed=6.75
traci-bridge-1   | LANE_CMD_WAIT_EDGE veh=Merge_Car edge=34126779 lane=0 target=1 lane_count=1
traci-bridge-1   | LANE_CMD_STATE veh=Merge_Car edge=34126779 lane=0 target=1 lane_count=1 recently=False speed=6.75
traci-bridge-1   | LANE_CMD_WAIT_EDGE veh=Merge_Car edge=34126779 lane=0 target=1 lane_count=1
traci-bridge-1   | LANE_CMD_STATE veh=Merge_Car edge=34126779 lane=0 target=1 lane_count=1 recently=False speed=6.75
traci-bridge-1   | LANE_CMD_WAIT_EDGE veh=Merge_Car edge=34126779 lane=0 target=1 lane_count=1
traci-bridge-1   | LANE_CMD_STATE veh=Merge_Car edge=34126779 lane=0 target=1 lane_count=1 recently=False speed=6.75
traci-bridge-1   | LANE_CMD_WAIT_EDGE veh=Merge_Car edge=34126779 lane=0 target=1 lane_count=1
traci-bridge-1   | LANE_CMD_STATE veh=Merge_Car edge=34126779 lane=0 target=1 lane_count=1 recently=False speed=6.75
traci-bridge-1   | LANE_CMD_WAIT_EDGE veh=Merge_Car edge=34126779 lane=0 target=1 lane_count=1
traci-bridge-1   | LANE_CMD_STATE veh=Merge_Car edge=34126779 lane=0 target=1 lane_count=1 recently=False speed=6.75
traci-bridge-1   | LANE_CMD_WAIT_EDGE veh=Merge_Car edge=34126779 lane=0 target=1 lane_count=1
traci-bridge-1   | LANE_CMD_STATE veh=Merge_Car edge=34126779 lane=0 target=1 lane_count=1 recently=False speed=6.75
traci-bridge-1   | LANE_CMD_WAIT_EDGE veh=Merge_Car edge=34126779 lane=0 target=1 lane_count=1
traci-bridge-1   | LANE_CMD_STATE veh=Merge_Car edge=34126779 lane=0 target=1 lane_count=1 recently=False speed=6.75
traci-bridge-1   | LANE_CMD_WAIT_EDGE veh=Merge_Car edge=34126779 lane=0 target=1 lane_count=1
traci-bridge-1   | LANE_CMD_STATE veh=Merge_Car edge=34126779 lane=0 target=1 lane_count=1 recently=False speed=6.75
traci-bridge-1   | LANE_CMD_WAIT_EDGE veh=Merge_Car edge=34126779 lane=0 target=1 lane_count=1
traci-bridge-1   | LANE_CMD_STATE veh=Merge_Car edge=34126779 lane=0 target=1 lane_count=1 recently=False speed=6.75
traci-bridge-1   | LANE_CMD_WAIT_EDGE veh=Merge_Car edge=34126779 lane=0 target=1 lane_count=1
traci-bridge-1   | LANE_CMD_STATE veh=Merge_Car edge=34126779 lane=0 target=1 lane_count=1 recently=False speed=6.75
traci-bridge-1   | LANE_CMD_WAIT_EDGE veh=Merge_Car edge=34126779 lane=0 target=1 lane_count=1
traci-bridge-1   | LANE_CMD_STATE veh=Merge_Car edge=34126779 lane=0 target=1 lane_count=1 recently=False speed=6.75
traci-bridge-1   | LANE_CMD_WAIT_EDGE veh=Merge_Car edge=34126779 lane=0 target=1 lane_count=1
traci-bridge-1   | LANE_CMD_STATE veh=Merge_Car edge=34126779 lane=0 target=1 lane_count=1 recently=False speed=6.75
traci-bridge-1   | LANE_CMD_WAIT_EDGE veh=Merge_Car edge=34126779 lane=0 target=1 lane_count=1
traci-bridge-1   | LANE_CMD_STATE veh=Merge_Car edge=34126779 lane=0 target=1 lane_count=1 recently=False speed=6.75
traci-bridge-1   | LANE_CMD_WAIT_EDGE veh=Merge_Car edge=34126779 lane=0 target=1 lane_count=1
traci-bridge-1   | LANE_CMD_STATE veh=Merge_Car edge=34126779 lane=0 target=1 lane_count=1 recently=False speed=6.75
traci-bridge-1   | LANE_CMD_WAIT_EDGE veh=Merge_Car edge=34126779 lane=0 target=1 lane_count=1
traci-bridge-1   | LANE_CMD_STATE veh=Merge_Car edge=34126779 lane=0 target=1 lane_count=1 recently=False speed=6.75
traci-bridge-1   | LANE_CMD_WAIT_EDGE veh=Merge_Car edge=34126779 lane=0 target=1 lane_count=1
traci-bridge-1   | LANE_CMD_STATE veh=Merge_Car edge=34126779 lane=0 target=1 lane_count=1 recently=False speed=6.75
traci-bridge-1   | LANE_CMD_WAIT_EDGE veh=Merge_Car edge=34126779 lane=0 target=1 lane_count=1
traci-bridge-1   | LANE_CMD_STATE veh=Merge_Car edge=34126779 lane=0 target=1 lane_count=1 recently=False speed=6.75
obu-main-lead-1  | [15.2] Main_Lead role=cruise state=CRUISE->CRUISE speed=7.51 target=7.50 neighbors=2
obu-merge-car-1  | [15.2] Merge_Car MERGE_PREPARE_WAIT_LANE_AVAILABLE: edge=34126779 lane=0 target_lane=1 lane_count=1 executable=False dtm=6.0 speed=6.75 host=102 lead=None
obu-main-host-1  | HOST_RESERVATION_HOLD: host=Main_Host ramp=103 manoeuvre=134 remaining=0.4 own_speed=7.51 target_speed=7.51 ramp_fsm=NEGOTIATING ramp_lane_cmd_state=WAIT_EDGE ramp_edge=34126779 ramp_lane=0 ramp_merge_completed=False ramp_merge_committed=True
obu-main-host-1  | [15.2] Main_Host HOST_HOLD_YIELD: for merge=103 spd=7.51
obu-main-host-1  | [15.2] Main_Host role=host state=YIELDING->YIELDING speed=7.51 target=7.51 neighbors=2
obu-main-host-1  | HOST_RESERVATION_HOLD: host=Main_Host ramp=103 manoeuvre=134 remaining=0.3 own_speed=7.51 target_speed=7.51 ramp_fsm=NEGOTIATING ramp_lane_cmd_state=WAIT_EDGE ramp_edge=34126779 ramp_lane=0 ramp_merge_completed=False ramp_merge_committed=True
obu-main-host-1  | [15.3] Main_Host HOST_HOLD_YIELD: for merge=103 spd=7.51
obu-main-host-1  | [15.3] Main_Host MCM_TX_ACCEPT: manoeuvre=134 target=103
obu-merge-car-1  | [15.3] Merge_Car role=merge state=NEGOTIATING->NEGOTIATING speed=6.75 target=6.75 neighbors=2
obu-merge-car-1  | [15.3] Merge_Car MCM_RX_ACCEPT: from=102 manoeuvre=134 target=103
obu-main-host-1  | HOST_RESERVATION_HOLD: host=Main_Host ramp=103 manoeuvre=134 remaining=0.1 own_speed=7.51 target_speed=7.51 ramp_fsm=NEGOTIATING ramp_lane_cmd_state=WAIT_EDGE ramp_edge=34126779 ramp_lane=0 ramp_merge_completed=False ramp_merge_committed=True
obu-main-host-1  | [15.5] Main_Host HOST_HOLD_YIELD: for merge=103 spd=7.51
obu-merge-car-1  | [15.5] Merge_Car MERGE_LANE_WAIT_EDGE_CONFIRMED: edge=:390064918_0 lane=0 target_lane=1 lane_count=1 executable=False
obu-merge-car-1  | [15.5] Merge_Car MERGE_PREPARE_WAIT_LANE_AVAILABLE: edge=:390064918_0 lane=0 target_lane=1 lane_count=1 executable=False dtm=5.0 speed=6.75 host=102 lead=None
obu-main-host-1  | HOST_RESERVATION_RELEASE_MAX_TIMEOUT: host=Main_Host ramp=103 manoeuvre=134 duration=10.1 ramp_fsm=NEGOTIATING ramp_lcs=WAIT_EDGE ramp_edge=34126779 ramp_merge_completed=False
obu-merge-car-1  | [16.0] Merge_Car MERGE_LANE_APPLY_CONFIRMED: edge=1331698336 lane=0 target_lane=1 lane_count=3 executable=True
obu-merge-car-1  | [16.0] Merge_Car MERGE_PHYSICAL_START_DELAYED_UNTIL_LANE_APPLY: waited_s=10.3 edge=1331698336 lane=0 target_lane=1 lane_count=3 lane_cmd_state=APPLY executable=True dtm=5.3 speed=6.75 reason=apply_seen
obu-merge-car-1  | [16.0] Merge_Car MERGE_START_GAP_DIAG: event=apply_seen lead=None host=102 lead_eta=None own_eta=0.7784164050843037 host_eta=5.375680872080014 lead_gap=None host_gap=37.85561621590336 lead_gap_p1=None lead_gap_p2=None lead_gap_p3=None host_gap_p1=37.09633837333943 host_gap_p2=36.33706053077549 host_gap_p3=35.577782688211556 rel_to_lead=None rel_to_host=0.759277842563935 lead_lat=None host_lat=4.547368746213703 edge=1331698336 lane=0 lane_cmd_state=APPLY lane_cmd_edge=1331698336 lane_cmd_target=1 lane_cmd_executable=True dtm=5.3 speed=6.75
obu-merge-car-1  | MERGE_ATTEMPT_TIMELINE: vehicle=Merge_Car manoeuvre=134 host=102 lead=None event=PHYSICAL_START t=16.0 edge=1331698336 lane=0 lane_cmd_state=APPLY speed=6.75 target=6.75 dtm=5.3 lead_gap= host_gap=37.86 lead_gap_t1= lead_gap_t2= lead_gap_t3= host_gap_t1=37.10 host_gap_t2=36.34 host_gap_t3=35.58
obu-merge-car-1  | [16.0] Merge_Car MERGE_PHYSICAL_START: host=102 manoeuvre=134
obu-merge-car-1  | [16.0] Merge_Car MERGING!
obu-merge-car-1  | MERGE_ATTEMPT_TIMELINE: vehicle=Merge_Car manoeuvre=134 host=102 lead=None event=APPLY t=16.0 edge=1331698336 lane=0 lane_cmd_state=APPLY speed=6.75 target=6.75 dtm=5.3 lead_gap= host_gap=37.86 lead_gap_t1= lead_gap_t2= lead_gap_t3= host_gap_t1=37.10 host_gap_t2=36.34 host_gap_t3=35.58
obu-merge-car-1  | [16.0] Merge_Car MERGE_COMMIT_LANE_APPLY_ACTIVE: edge=1331698336 lane=0 target_lane=1 lane_count=3 executable=True speed=6.75 dtm=5.3
obu-merge-car-1  | MERGE_ATTEMPT_TIMELINE: vehicle=Merge_Car manoeuvre=134 host=102 lead=None event=CLEAR t=16.1 edge=1331698336 lane=1 lane_cmd_state=CLEAR speed=6.75 target=6.75 dtm=3.2 lead_gap= host_gap=29.74 lead_gap_t1= lead_gap_t2= lead_gap_t3= host_gap_t1=28.98 host_gap_t2=28.22 host_gap_t3=27.46
obu-merge-car-1  | [16.1] Merge_Car MERGE_LANE_CLEAR_CONFIRMED: edge=1331698336 lane=1 target_lane=1 lane_count=3 executable=False
obu-merge-car-1  | MERGE_ATTEMPT_TIMELINE: vehicle=Merge_Car manoeuvre=134 host=102 lead=None event=COMPLETED t=16.1 edge=1331698336 lane=1 lane_cmd_state=CLEAR speed=6.75 target=6.75 dtm=3.2 lead_gap= host_gap=29.74 lead_gap_t1= lead_gap_t2= lead_gap_t3= host_gap_t1=28.98 host_gap_t2=28.22 host_gap_t3=27.46
obu-merge-car-1  | [16.1] Merge_Car MERGE_COMPLETED: eid=1331698336 lane=1 clean=True
obu-main-lead-1  | [16.3] Main_Lead role=cruise state=CRUISE->CRUISE speed=7.50 target=7.50 neighbors=2
obu-main-host-1  | [16.3] Main_Host role=host state=CRUISE->CRUISE speed=7.51 target=7.50 neighbors=2
obu-merge-car-1  | [16.3] Merge_Car role=host state=CRUISE->CRUISE speed=6.75 target=7.50 neighbors=2
obu-main-lead-1  | [17.3] Main_Lead role=cruise state=CRUISE->CRUISE speed=7.50 target=7.50 neighbors=2
obu-main-host-1  | [17.3] Main_Host role=host state=CRUISE->CRUISE speed=7.51 target=7.50 neighbors=2
obu-merge-car-1  | [17.3] Merge_Car role=cruise state=CRUISE->CRUISE speed=7.05 target=7.50 neighbors=2
obu-main-lead-1  | [18.3] Main_Lead role=cruise state=CRUISE->CRUISE speed=7.50 target=7.50 neighbors=2
obu-merge-car-1  | [18.3] Merge_Car role=cruise state=CRUISE->CRUISE speed=7.23 target=7.50 neighbors=2
obu-main-host-1  | [18.3] Main_Host role=host state=CRUISE->CRUISE speed=7.50 target=7.50 neighbors=2
obu-main-lead-1  | [19.3] Main_Lead role=cruise state=CRUISE->CRUISE speed=7.50 target=7.50 neighbors=2
obu-main-host-1  | [19.3] Main_Host role=host state=CRUISE->CRUISE speed=7.50 target=7.50 neighbors=2
obu-merge-car-1  | [19.3] Merge_Car role=cruise state=CRUISE->CRUISE speed=7.34 target=7.50 neighbors=2
obu-main-lead-1  | [20.3] Main_Lead role=cruise state=CRUISE->CRUISE speed=7.50 target=7.50 neighbors=2
obu-main-host-1  | [20.3] Main_Host role=host state=CRUISE->CRUISE speed=7.50 target=7.50 neighbors=2
obu-merge-car-1  | [20.3] Merge_Car role=cruise state=CRUISE->CRUISE speed=7.40 target=7.50 neighbors=2
obu-main-lead-1  | [21.3] Main_Lead role=cruise state=CRUISE->CRUISE speed=7.50 target=7.50 neighbors=2
obu-main-host-1  | [21.3] Main_Host role=host state=CRUISE->CRUISE speed=7.50 target=7.50 neighbors=2
obu-merge-car-1  | [21.3] Merge_Car role=cruise state=CRUISE->CRUISE speed=7.44 target=7.50 neighbors=2
obu-main-lead-1  | [22.3] Main_Lead role=cruise state=CRUISE->CRUISE speed=7.50 target=7.50 neighbors=2
obu-main-host-1  | [22.3] Main_Host role=host state=CRUISE->CRUISE speed=7.50 target=7.50 neighbors=2
obu-merge-car-1  | [22.3] Merge_Car role=cruise state=CRUISE->CRUISE speed=7.47 target=7.50 neighbors=2
obu-main-lead-1  | [23.3] Main_Lead role=cruise state=CRUISE->CRUISE speed=7.50 target=7.50 neighbors=2
obu-merge-car-1  | [23.3] Merge_Car role=cruise state=CRUISE->CRUISE speed=7.48 target=7.50 neighbors=2
obu-main-host-1  | [23.3] Main_Host role=cruise state=CRUISE->CRUISE speed=7.50 target=7.50 neighbors=2
obu-main-lead-1  | [24.3] Main_Lead role=cruise state=CRUISE->CRUISE speed=7.50 target=7.50 neighbors=2
obu-main-host-1  | [24.3] Main_Host role=cruise state=CRUISE->CRUISE speed=7.50 target=7.50 neighbors=2
obu-merge-car-1  | [24.3] Merge_Car role=cruise state=CRUISE->CRUISE speed=7.49 target=7.50 neighbors=2
obu-main-host-1  | [25.3] Main_Host role=cruise state=CRUISE->CRUISE speed=7.50 target=7.50 neighbors=2
obu-main-lead-1  | [25.3] Main_Lead role=cruise state=CRUISE->CRUISE speed=7.50 target=7.50 neighbors=2
obu-merge-car-1  | [25.3] Merge_Car role=cruise state=CRUISE->CRUISE speed=7.49 target=7.50 neighbors=2
obu-main-lead-1  | [26.3] Main_Lead role=cruise state=CRUISE->CRUISE speed=7.50 target=7.50 neighbors=2
obu-main-host-1  | [26.3] Main_Host role=cruise state=CRUISE->CRUISE speed=7.50 target=7.50 neighbors=2
obu-merge-car-1  | [26.3] Merge_Car role=cruise state=CRUISE->CRUISE speed=7.50 target=7.50 neighbors=2
obu-main-lead-1  | [27.3] Main_Lead role=cruise state=CRUISE->CRUISE speed=7.50 target=7.50 neighbors=2
obu-main-host-1  | [27.3] Main_Host role=cruise state=CRUISE->CRUISE speed=7.50 target=7.50 neighbors=2
obu-merge-car-1  | [27.3] Merge_Car role=cruise state=CRUISE->CRUISE speed=7.50 target=7.50 neighbors=2
obu-main-lead-1  | [28.3] Main_Lead role=cruise state=CRUISE->CRUISE speed=7.50 target=7.50 neighbors=2
obu-merge-car-1  | [28.3] Merge_Car role=cruise state=CRUISE->CRUISE speed=7.50 target=7.50 neighbors=2
obu-main-host-1  | [28.3] Main_Host role=cruise state=CRUISE->CRUISE speed=7.50 target=7.50 neighbors=2
obu-main-lead-1  | [29.3] Main_Lead role=cruise state=CRUISE->CRUISE speed=7.50 target=7.50 neighbors=2
obu-merge-car-1  | [29.3] Merge_Car role=cruise state=CRUISE->CRUISE speed=7.50 target=7.50 neighbors=2
obu-main-host-1  | [29.3] Main_Host role=cruise state=CRUISE->CRUISE speed=7.50 target=7.50 neighbors=2
obu-main-host-1  | [30.3] Main_Host role=cruise state=CRUISE->CRUISE speed=7.50 target=7.50 neighbors=2
obu-main-lead-1  | [30.3] Main_Lead role=cruise state=CRUISE->CRUISE speed=7.50 target=7.50 neighbors=2
obu-merge-car-1  | [30.3] Merge_Car role=cruise state=CRUISE->CRUISE speed=7.50 target=7.50 neighbors=2
obu-main-host-1  | [31.3] Main_Host role=cruise state=CRUISE->CRUISE speed=7.50 target=7.50 neighbors=2
obu-main-lead-1  | [31.3] Main_Lead role=cruise state=CRUISE->CRUISE speed=7.50 target=7.50 neighbors=2
obu-merge-car-1  | [31.3] Merge_Car role=cruise state=CRUISE->CRUISE speed=7.50 target=7.50 neighbors=2
obu-main-lead-1  | [32.4] Main_Lead role=cruise state=CRUISE->CRUISE speed=7.50 target=7.50 neighbors=2
obu-merge-car-1  | [32.4] Merge_Car role=cruise state=CRUISE->CRUISE speed=7.50 target=7.50 neighbors=2
obu-main-host-1  | [32.4] Main_Host role=cruise state=CRUISE->CRUISE speed=7.50 target=7.50 neighbors=2
obu-main-host-1  | [33.4] Main_Host role=cruise state=CRUISE->CRUISE speed=7.50 target=7.50 neighbors=2
obu-main-lead-1  | [33.4] Main_Lead role=cruise state=CRUISE->CRUISE speed=7.50 target=7.50 neighbors=2
obu-merge-car-1  | [33.4] Merge_Car role=cruise state=CRUISE->CRUISE speed=7.50 target=7.50 neighbors=2
obu-main-lead-1  | [34.4] Main_Lead role=cruise state=CRUISE->CRUISE speed=7.50 target=7.50 neighbors=2
obu-merge-car-1  | [34.4] Merge_Car role=cruise state=CRUISE->CRUISE speed=7.50 target=7.50 neighbors=2
obu-main-host-1  | [34.4] Main_Host role=cruise state=CRUISE->CRUISE speed=7.50 target=7.50 neighbors=2
obu-main-lead-1  | [35.4] Main_Lead role=cruise state=CRUISE->CRUISE speed=7.50 target=7.50 neighbors=2
obu-main-host-1  | [35.4] Main_Host role=cruise state=CRUISE->CRUISE speed=7.50 target=7.50 neighbors=2
obu-merge-car-1  | [35.4] Merge_Car role=cruise state=CRUISE->CRUISE speed=7.50 target=7.50 neighbors=2
obu-merge-car-1  | [36.4] Merge_Car role=cruise state=CRUISE->CRUISE speed=7.50 target=7.50 neighbors=2
obu-main-lead-1  | [36.4] Main_Lead role=cruise state=CRUISE->CRUISE speed=7.50 target=7.50 neighbors=2
obu-main-host-1  | [36.4] Main_Host role=cruise state=CRUISE->CRUISE speed=7.50 target=7.50 neighbors=2
obu-main-lead-1  | [37.5] Main_Lead role=cruise state=CRUISE->CRUISE speed=7.50 target=7.50 neighbors=2
obu-merge-car-1  | [37.5] Merge_Car role=cruise state=CRUISE->CRUISE speed=7.50 target=7.50 neighbors=2
obu-main-host-1  | [37.5] Main_Host role=cruise state=CRUISE->CRUISE speed=7.50 target=7.50 neighbors=2
obu-merge-car-1  | [38.5] Merge_Car role=cruise state=CRUISE->CRUISE speed=7.50 target=7.50 neighbors=2
obu-main-host-1  | [38.5] Main_Host role=cruise state=CRUISE->CRUISE speed=7.50 target=7.50 neighbors=2
obu-main-lead-1  | [38.5] Main_Lead role=cruise state=CRUISE->CRUISE speed=7.50 target=7.50 neighbors=2
obu-main-host-1  | [39.5] Main_Host role=cruise state=CRUISE->CRUISE speed=7.50 target=7.50 neighbors=2
obu-merge-car-1  | [39.5] Merge_Car role=cruise state=CRUISE->CRUISE speed=7.50 target=7.50 neighbors=2
obu-main-lead-1  | [39.5] Main_Lead role=cruise state=CRUISE->CRUISE speed=7.50 target=7.50 neighbors=2
obu-main-host-1  | [40.5] Main_Host role=cruise state=CRUISE->CRUISE speed=7.50 target=7.50 neighbors=2
obu-merge-car-1  | [40.5] Merge_Car role=cruise state=CRUISE->CRUISE speed=7.50 target=7.50 neighbors=2
obu-main-lead-1  | [40.5] Main_Lead role=cruise state=CRUISE->CRUISE speed=7.50 target=7.50 neighbors=2
obu-merge-car-1  | [41.5] Merge_Car role=cruise state=CRUISE->CRUISE speed=7.50 target=7.50 neighbors=2
obu-main-host-1  | [41.5] Main_Host role=cruise state=CRUISE->CRUISE speed=7.50 target=7.50 neighbors=2
obu-main-lead-1  | [41.5] Main_Lead role=cruise state=CRUISE->CRUISE speed=7.50 target=7.50 neighbors=2
obu-main-lead-1  | [42.5] Main_Lead role=cruise state=CRUISE->CRUISE speed=7.50 target=7.50 neighbors=2
obu-main-host-1  | [42.5] Main_Host role=cruise state=CRUISE->CRUISE speed=7.50 target=7.50 neighbors=2
obu-merge-car-1  | [42.5] Merge_Car role=cruise state=CRUISE->CRUISE speed=7.50 target=7.50 neighbors=2
obu-main-lead-1  | [43.5] Main_Lead role=cruise state=CRUISE->CRUISE speed=7.50 target=7.50 neighbors=2
obu-main-host-1  | [43.5] Main_Host role=cruise state=CRUISE->CRUISE speed=7.50 target=7.50 neighbors=2
obu-merge-car-1  | [43.5] Merge_Car role=cruise state=CRUISE->CRUISE speed=7.50 target=7.50 neighbors=2
obu-main-host-1  | [44.5] Main_Host role=cruise state=CRUISE->CRUISE speed=7.50 target=7.50 neighbors=2
obu-main-lead-1  | [44.5] Main_Lead role=cruise state=CRUISE->CRUISE speed=7.50 target=7.50 neighbors=2
obu-merge-car-1  | [44.5] Merge_Car role=cruise state=CRUISE->CRUISE speed=7.50 target=7.50 neighbors=2
traci-bridge-1   | Step #0.00 (0ms ?*RT. ?UPS, TraCI: 0ms, vehicles TOT 3 ACT 3 BUF 0)                       Step #10.00 (0ms ?*RT. ?UPS, TraCI: 52ms, vehicles TOT 3 ACT 3 BUF 0)                     Step #20.00 (0ms ?*RT. ?UPS, TraCI: 51ms, vehicles TOT 3 ACT 3 BUF 0)                     Step #30.00 (0ms ?*RT. ?UPS, TraCI: 52ms, vehicles TOT 3 ACT 3 BUF 0)                     Step #40.00 (0ms ?*RT. ?UPS, TraCI: 52ms, vehicles TOT 3 ACT 3 BUF 0)                     Step #45.00 (0ms ?*RT. ?UPS, TraCI: 2ms, vehicles TOT 3 ACT 3 BUF 0)                      
traci-bridge-1   | LANE_CMD_WAIT_EDGE veh=Merge_Car edge=34126779 lane=0 target=1 lane_count=1
traci-bridge-1   | LANE_CMD_STATE veh=Merge_Car edge=34126779 lane=0 target=1 lane_count=1 recently=False speed=6.75
traci-bridge-1   | LANE_CMD_WAIT_EDGE veh=Merge_Car edge=34126779 lane=0 target=1 lane_count=1
traci-bridge-1   | LANE_CMD_STATE veh=Merge_Car edge=34126779 lane=0 target=1 lane_count=1 recently=False speed=6.75
traci-bridge-1   | LANE_CMD_WAIT_EDGE veh=Merge_Car edge=34126779 lane=0 target=1 lane_count=1
traci-bridge-1   | LANE_CMD_STATE veh=Merge_Car edge=34126779 lane=0 target=1 lane_count=1 recently=False speed=6.75
traci-bridge-1   | LANE_CMD_WAIT_EDGE veh=Merge_Car edge=34126779 lane=0 target=1 lane_count=1
traci-bridge-1   | LANE_CMD_STATE veh=Merge_Car edge=:390064918_0 lane=0 target=1 lane_count=1 recently=False speed=6.75
traci-bridge-1   | LANE_CMD_WAIT_EDGE veh=Merge_Car edge=:390064918_0 lane=0 target=1 lane_count=1
traci-bridge-1   | LANE_CMD_STATE veh=Merge_Car edge=:390064918_0 lane=0 target=1 lane_count=1 recently=False speed=6.75
traci-bridge-1   | LANE_CMD_WAIT_EDGE veh=Merge_Car edge=:390064918_0 lane=0 target=1 lane_count=1
traci-bridge-1   | LANE_CMD_STATE veh=Merge_Car edge=:390064918_0 lane=0 target=1 lane_count=1 recently=False speed=6.75
traci-bridge-1   | LANE_CMD_WAIT_EDGE veh=Merge_Car edge=:390064918_0 lane=0 target=1 lane_count=1
traci-bridge-1   | LANE_CMD_STATE veh=Merge_Car edge=:390064918_0 lane=0 target=1 lane_count=1 recently=False speed=6.75
traci-bridge-1   | LANE_CMD_WAIT_EDGE veh=Merge_Car edge=:390064918_0 lane=0 target=1 lane_count=1
traci-bridge-1   | LANE_CMD_STATE veh=Merge_Car edge=:390064918_0 lane=0 target=1 lane_count=1 recently=False speed=6.75
traci-bridge-1   | LANE_CMD_WAIT_EDGE veh=Merge_Car edge=:390064918_0 lane=0 target=1 lane_count=1
traci-bridge-1   | LANE_CMD_STATE veh=Merge_Car edge=1331698336 lane=0 target=1 lane_count=3 recently=False speed=6.75
traci-bridge-1   | LANE_CMD_APPLY veh=Merge_Car edge=1331698336 from_lane=0 target=1 duration=2.00 mode=256 speed=6.75
traci-bridge-1   | LANE_CMD_STATE veh=Merge_Car edge=1331698336 lane=1 target=1 lane_count=3 recently=True speed=6.75
traci-bridge-1   | LANE_CMD_CLEAR veh=Merge_Car edge=1331698336 target=1
mqtt-broker-1    | 1780011132: Client traci-bridge [172.18.0.4:42083] disconnected: connection closed by client.
[Ktraci-bridge-1 exited with code 0
 Compose Stopping Aborting on container exit...
 Container rsa-traci-bridge-1 Stopping 
 Container rsa-obu-merge-car-1 Stopping 
 Container rsa-obu-main-host-1 Stopping 
 Container rsa-obu-main-lead-1 Stopping 
 Container rsa-traci-bridge-1 Stopped 
obu-main-host-1  | 1780011142: Client obu-Main_Host-1 closed its connection.
obu-main-lead-1  | 1780011142: Client obu-Main_Lead-1 closed its connection.
obu-merge-car-1  | 1780011142: Client obu-Merge_Car-1 closed its connection.
mqtt-broker-1    | 1780011142: Client 183753fa89a2.bridge_to_remote [172.18.0.5:55644] disconnected: connection closed by client.
mqtt-broker-1    | 1780011142: Client ece78c9d735e.bridge_to_remote [172.18.0.3:41060] disconnected: connection closed by client.
mqtt-broker-1    | 1780011142: Client 7d81459aeb6c.bridge_to_remote [172.18.0.6:48338] disconnected: connection closed by client.
mqtt-broker-1    | 1780011142: Client auto-1AE2A05F-AD49-081B-C2F6-2EEE8B04CE13 [172.18.0.5:55656] disconnected: connection closed by client.
mqtt-broker-1    | 1780011142: Client auto-395483E2-06A4-F47C-ECEC-BC2F2D7BEFFC [172.18.0.6:48352] disconnected: connection closed by client.
mqtt-broker-1    | 1780011142: Client auto-5E3677D0-6E24-67A6-892F-07F16D75C3A7 [172.18.0.3:41064] disconnected: connection closed by client.
 Container rsa-obu-merge-car-1 Stopped 
[Kobu-merge-car-1 exited with code 137
 Container rsa-obu-main-host-1 Stopped 
[Kobu-main-host-1 exited with code 137
 Container rsa-obu-main-lead-1 Stopped 
 Container rsa-mqtt-broker-1 Stopping 
[Kobu-main-lead-1 exited with code 137
mqtt-broker-1    | 1780011143: mosquitto version 2.1.2 terminating
 Container rsa-mqtt-broker-1 Stopped 
[Kmqtt-broker-1 exited with code 0
